******************************************************************************
                  TI ARM Linker Unix v20.2.2                   
******************************************************************************
>> Linked Mon Mar 22 17:01:25 2021

OUTPUT FILE NAME:   <vl53l1x_ULD_MSP_EXP432P401R_nortos_ccs.out>
ENTRY POINT SYMBOL: "resetISR"  address: 00003a89


MEMORY CONFIGURATION

         name            origin    length      used     unused   attr    fill
----------------------  --------  ---------  --------  --------  ----  --------
  MAIN                  00000000   00040000  00004060  0003bfa0  R  X
  INFO                  00200000   00004000  00000000  00004000  R  X
  SRAM_CODE             01000000   00010000  000099e8  00006618  RW X
  SRAM_DATA             20000000   00010000  000099e8  00006618  RW  


SEGMENT ALLOCATION MAP

run origin  load origin   length   init length attrs members
----------  ----------- ---------- ----------- ----- -------
00000000    00000000    00004060   00004060    r-x
  00000000    00000000    00000144   00000144    r-- .intvecs
  00000144    00000144    00003c5c   00003c5c    r-x .text
  00003da0    00003da0    00000200   00000200    r-- .const
  00003fa0    00003fa0    000000c0   000000c0    r-- .cinit
20000000    20000000    00008900   00000000    rw-
  20000000    20000000    00008000   00000000    rw- .sysmem
  20008000    20008000    00000604   00000000    rw- .bss
  20008604    20008604    000002fc   00000000    rw- .data
20008c00    20008c00    000000e8   00000000    rw-
  20008c00    20008c00    000000e8   00000000    rw- .vtable
2000f000    2000f000    00001000   00000000    rw-
  2000f000    2000f000    00001000   00000000    rw- .stack


SECTION ALLOCATION MAP

 output                                  attributes/
section   page    origin      length       input sections
--------  ----  ----------  ----------   ----------------
.text      0    00000144    00003c5c     
                  00000144    000002f8     drivers_msp432p401x.aem4f : PowerMSP432.oem4f (.text:Power_sleep)
                  0000043c    000002d8     nortos_msp432p401x.aem4f : SystemP_nortos.oem4f (.text:doPrint)
                  00000714    000002d0     drivers_msp432p401x.aem4f : UARTMSP432.oem4f (.text:UARTMSP432_open)
                  000009e4    00000288                               : PowerMSP432.oem4f (.text:initPerfControl)
                  00000c6c    000001b6     rtsv7M4_T_le_v4SPD16_eabi.lib : fd_add_t2.asm.obj (.text)
                  00000e22    00000002     ti_drivers_config.obj (.text:Board_initHook)
                  00000e24    00000170     drivers_msp432p401x.aem4f : GPIOMSP432.oem4f (.text:GPIO_setConfig)
                  00000f94    0000011c     msp432p4xx_driverlib.lib : uart.o (.text:UART_initModule)
                  000010b0    00000100     rtsv7M4_T_le_v4SPD16_eabi.lib : memory.c.obj (.text:aligned_alloc)
                  000011b0    000000fc                                   : fd_mul_t2.asm.obj (.text)
                  000012ac    000000e4     msp432p4xx_driverlib.lib : cs.o (.text:CS_startHFXTWithTimeout)
                  00001390    000000e4     rtsv7M4_T_le_v4SPD16_eabi.lib : memory.c.obj (.text:free)
                  00001474    000000e0     msp432p4xx_driverlib.lib : cs.o (.text:CS_startLFXTWithTimeout)
                  00001554    000000e0     nortos_msp432p401x.aem4f : TimerPMSP432_nortos.oem4f (.text:TimerP_construct)
                  00001634    000000dc     drivers_msp432p401x.aem4f : UARTMSP432.oem4f (.text:UARTMSP432_readPolling)
                  00001710    000000dc     msp432p4xx_driverlib.lib : cs.o (.text:_CSGetHFXTFrequency)
                  000017ec    000000d8     nortos_msp432p401x.aem4f : SwiP_nortos.oem4f (.text:SwiP_construct)
                  000018c4    000000ca     drivers_msp432p401x.aem4f : UARTMSP432.oem4f (.text:UARTMSP432_hwiIntFxn)
                  0000198e    00000002     display.aem4f : DisplayUart.oem4f (.text:DisplayUartMin_clear)
                  00001990    000000b8     drivers_msp432p401x.aem4f : UARTMSP432.oem4f (.text:initHw)
                  00001a48    000000b8                               : UARTMSP432.oem4f (.text:readTaskCallback)
                  00001b00    000000b4     nortos_msp432p401x.aem4f : ClockPTimer_nortos.oem4f (.text:ClockP_startup)
                  00001bb4    000000b4     drivers_msp432p401x.aem4f : UARTMSP432.oem4f (.text:UARTMSP432_control)
                  00001c68    000000b4                               : UARTMSP432.oem4f (.text:UARTMSP432_writePolling)
                  00001d1c    000000ac     nortos_msp432p401x.aem4f : ClockPTimer_nortos.oem4f (.text:ClockP_workFuncDynamic)
                  00001dc8    000000ac     drivers_msp432p401x.aem4f : GPIOMSP432.oem4f (.text:GPIO_init)
                  00001e74    000000a8                               : UARTMSP432.oem4f (.text:UARTMSP432_write)
                  00001f1c    000000a8                               : UARTMSP432.oem4f (.text:readTaskBlocking)
                  00001fc4    000000a0     nortos_msp432p401x.aem4f : SemaphoreP_nortos.oem4f (.text:SemaphoreP_pend)
                  00002064    000000a0     drivers_msp432p401x.aem4f : UARTMSP432.oem4f (.text:readIsrTextCallback)
                  00002104    0000009c                               : PowerMSP432.oem4f (.text:Power_init)
                  000021a0    0000009c     nortos_msp432p401x.aem4f : SwiP_nortos.oem4f (.text:SwiP_dispatch)
                  0000223c    0000009c     rtsv7M4_T_le_v4SPD16_eabi.lib : memcpy_t2.asm.obj (.text)
                  000022d8    00000096                                   : ull_div_t2.asm.obj (.text)
                  0000236e    00000092     drivers_msp432p401x.aem4f : UARTMSP432.oem4f (.text:UARTMSP432_close)
                  00002400    00000092                               : UARTMSP432.oem4f (.text:writeData)
                  00002492    0000008c                               : UARTMSP432.oem4f (.text:readIsrTextBlocking)
                  0000251e    00000086     rtsv7M4_T_le_v4SPD16_eabi.lib : fd_cmp_t2.asm.obj (.text:__aeabi_cdcmple)
                  000025a4    00000084     drivers_msp432p401x.aem4f : PowerMSP432.oem4f (.text:restartHFXT)
                  00002628    00000080     nortos_msp432p401x.aem4f : ClockPTimer_nortos.oem4f (.text:ClockP_start)
                  000026a8    00000080     msp432p4xx_driverlib.lib : interrupt.o (.text:Interrupt_disableInterrupt)
                  00002728    00000080                              : interrupt.o (.text:Interrupt_enableInterrupt)
                  000027a8    0000007a     rtsv7M4_T_le_v4SPD16_eabi.lib : memset_t2.asm.obj (.text)
                  00002822    00000002     display.aem4f : DisplayUart.oem4f (.text:DisplayUartMin_clearLines)
                  00002824    00000078     nortos_msp432p401x.aem4f : ClockPTimer_nortos.oem4f (.text:ClockP_walkQueueDynamic)
                  0000289c    00000070                              : HwiPMSP432_nortos.oem4f (.text:HwiP_construct)
                  0000290c    00000070     drivers_msp432p401x.aem4f : UARTMSP432.oem4f (.text:UARTMSP432_writeCancel)
                  0000297c    00000070     rtsv7M4_T_le_v4SPD16_eabi.lib : memory.c.obj (.text:split)
                  000029ec    0000006d     nortos_msp432p401x.aem4f : SystemP_nortos.oem4f (.text:formatNum)
                  00002a59    00000001     --HOLE-- [fill = 0]
                  00002a5a    0000006c                              : TimerPMSP432_nortos.oem4f (.text:TimerP_getCurrentTick)
                  00002ac6    00000002     display.aem4f : DisplayUart.oem4f (.text:DisplayUartMin_init)
                  00002ac8    00000068     drivers_msp432p401x.aem4f : GPIOMSP432.oem4f (.text:GPIO_hwiIntFxn)
                  00002b30    00000068     msp432p4xx_driverlib.lib : interrupt.o (.text:Interrupt_pendInterrupt)
                  00002b98    00000068     drivers_msp432p401x.aem4f : PowerMSP432.oem4f (.text:PowerMSP432_getFreqs)
                  00002c00    00000068     nortos_msp432p401x.aem4f : SwiP_nortos.oem4f (.text:SwiP_post)
                  00002c68    00000068     rtsv7M4_T_le_v4SPD16_eabi.lib : copy_decompress_lzss.c.obj (.text:decompress:lzss:__TI_decompress_lzss)
                  00002cd0    00000060     drivers_msp432p401x.aem4f : GPIOMSP432.oem4f (.text:GPIO_setCallback)
                  00002d30    0000005c     display.aem4f : Display.oem4f (.text:Display_doOpen)
                  00002d8c    0000005c     msp432p4xx_driverlib.lib : interrupt.o (.text:Interrupt_registerInterrupt)
                  00002de8    00000058     drivers_msp432p401x.aem4f : GPIOMSP432.oem4f (.text:GPIO_write)
                  00002e40    00000058     nortos_msp432p401x.aem4f : TimerPMSP432_nortos.oem4f (.text:TimerP_dynamicStub)
                  00002e98    00000058     drivers_msp432p401x.aem4f : UARTMSP432.oem4f (.text:readIsrBinaryBlocking)
                  00002ef0    00000054     msp432p4xx_driverlib.lib : interrupt.o (.text:Interrupt_setPriority)
                  00002f44    00000050     nortos_msp432p401x.aem4f : SemaphoreP_nortos.oem4f (.text:SemaphoreP_construct)
                  00002f94    00000050     vl53l1.obj (.text:mainThread)
                  00002fe4    0000004c     drivers_msp432p401x.aem4f : UARTMSP432.oem4f (.text:readIsrBinaryCallback)
                  00003030    0000004a     display.aem4f : DisplayUart.oem4f (.text:DisplayUartMin_open)
                  0000307a    00000002     msp432p4xx_driverlib.lib : interrupt.o (.text:IntDefaultHandler)
                  0000307c    00000048     nortos_msp432p401x.aem4f : ClockPTimer_nortos.oem4f (.text:ClockP_construct)
                  000030c4    00000048                              : PowerMSP432_nortos.oem4f (.text:PowerMSP432_sleepPolicy)
                  0000310c    00000048     drivers_msp432p401x.aem4f : PowerMSP432.oem4f (.text:Power_releaseConstraint)
                  00003154    00000048     rtsv7M4_T_le_v4SPD16_eabi.lib : fd_toi_t2.asm.obj (.text)
                  0000319c    00000046     display.aem4f : DisplayUart.oem4f (.text:DisplayUartMin_vprintf)
                  000031e2    00000046     drivers_msp432p401x.aem4f : RingBuf.oem4f (.text:RingBuf_put)
                  00003228    00000044     nortos_msp432p401x.aem4f : SemaphoreP_nortos.oem4f (.text:SemaphoreP_post)
                  0000326c    00000044                              : SwiP_nortos.oem4f (.text:SwiP_restore)
                  000032b0    00000044                              : TimerPMSP432_nortos.oem4f (.text:TimerP_start)
                  000032f4    00000044     drivers_msp432p401x.aem4f : UART.oem4f (.text:UART_init)
                  00003338    00000044     rtsv7M4_T_le_v4SPD16_eabi.lib : autoinit.c.obj (.text:__TI_auto_init_nobinit_nopinit:__TI_auto_init_nobinit_nopinit)
                  0000337c    00000044                                   : fd_tou_t2.asm.obj (.text)
                  000033c0    00000040     drivers_msp432p401x.aem4f : RingBuf.oem4f (.text:RingBuf_get)
                  00003400    00000040     nortos_msp432p401x.aem4f : TimerPMSP432_nortos.oem4f (.text:TimerP_setNextTick)
                  00003440    00000040     drivers_msp432p401x.aem4f : UARTMSP432.oem4f (.text:UARTMSP432_read)
                  00003480    00000040                               : UART.oem4f (.text:UART_open)
                  000034c0    00000040                               : UARTMSP432.oem4f (.text:perfChangeNotifyFxn)
                  00003500    00000040     rtsv7M4_T_le_v4SPD16_eabi.lib : u_divt2.asm.obj (.text)
                  00003540    0000003c     nortos_msp432p401x.aem4f : TimerPMSP432_nortos.oem4f (.text:TimerP_initDevice)
                  0000357c    00000038     drivers_msp432p401x.aem4f : PowerMSP432.oem4f (.text:Power_setConstraint)
                  000035b4    00000038                               : PowerMSP432.oem4f (.text:notify)
                  000035ec    00000036                               : UARTMSP432.oem4f (.text:UARTMSP432_readCancel)
                  00003622    00000002     nortos_msp432p401x.aem4f : PowerMSP432_nortos.oem4f (.text:PowerMSP432_initPolicy)
                  00003624    00000034     rtsv7M4_T_le_v4SPD16_eabi.lib : boot_cortex_m.c.obj (.text:_c_int00_noargs:_c_int00_noargs)
                  00003658    00000030     drivers_msp432p401x.aem4f : UARTMSP432.oem4f (.text:mapPin)
                  00003688    0000002e     rtsv7M4_T_le_v4SPD16_eabi.lib : i_tofd_t2.asm.obj (.text)
                  000036b6    0000002a     display.aem4f : Display.oem4f (.text:Display_doPrintf)
                  000036e0    0000002a     nortos_msp432p401x.aem4f : HwiPMSP432_nortos.oem4f (.text:HwiP_create)
                  0000370a    00000002                              : PowerMSP432_nortos.oem4f (.text:PowerMSP432_updateFreqs)
                  0000370c    00000028     display.aem4f : Display.oem4f (.text:Display_doInit)
                  00003734    00000028     drivers_msp432p401x.aem4f : PowerMSP432.oem4f (.text:Power_registerNotify)
                  0000375c    00000028                               : PowerMSP432.oem4f (.text:disableFaultCounter)
                  00003784    00000028                               : PowerMSP432.oem4f (.text:disableHFXT)
                  000037ac    00000028                               : UARTMSP432.oem4f (.text:findBaudDividerIndex)
                  000037d4    00000028     rtsv7M4_T_le_v4SPD16_eabi.lib : memory.c.obj (.text:free_list_insert)
                  000037fc    00000026     drivers_msp432p401x.aem4f : List.oem4f (.text:List_put)
                  00003822    00000026                               : List.oem4f (.text:List_remove)
                  00003848    00000024     nortos_msp432p401x.aem4f : ClockPTimer_nortos.oem4f (.text:ClockP_getTicks)
                  0000386c    00000024                              : ClockPTimer_nortos.oem4f (.text:ClockP_scheduleNextTick)
                  00003890    00000024                              : HwiPMSP432_nortos.oem4f (.text:HwiP_dispatch)
                  000038b4    00000020     msp432p4xx_driverlib.lib : cs.o (.text:CS_setExternalClockSourceFrequency)
                  000038d4    00000020     nortos_msp432p401x.aem4f : ClockPTimer_nortos.oem4f (.text:ClockP_add)
                  000038f4    00000020     drivers_msp432p401x.aem4f : PowerMSP432.oem4f (.text:Power_unregisterNotify)
                  00003914    00000020     nortos_msp432p401x.aem4f : QueueP_nortos.oem4f (.text:QueueP_put)
                  00003934    00000020     drivers_msp432p401x.aem4f : RingBuf.oem4f (.text:RingBuf_peek)
                  00003954    0000001c     msp432p4xx_driverlib.lib : interrupt.o (.text:Interrupt_unregisterInterrupt)
                  00003970    0000001c     nortos_msp432p401x.aem4f : SwiP_nortos.oem4f (.text:SwiP_disable)
                  0000398c    0000001c     rtsv7M4_T_le_v4SPD16_eabi.lib : memory.c.obj (.text:free_list_remove)
                  000039a8    0000001a     nortos_msp432p401x.aem4f : ClockPTimer_nortos.oem4f (.text:ClockP_create)
                  000039c2    0000001a                              : QueueP_nortos.oem4f (.text:QueueP_get)
                  000039dc    0000001a                              : SemaphoreP_nortos.oem4f (.text:SemaphoreP_createBinary)
                  000039f6    00000018                              : ClockPTimer_nortos.oem4f (.text:ClockP_destruct)
                  00003a0e    00000018                              : HwiPMSP432_nortos.oem4f (.text:HwiP_delete)
                  00003a26    00000002     drivers_msp432p401x.aem4f : UARTMSP432.oem4f (.text:UARTMSP432_init)
                  00003a28    00000018     nortos_msp432p401x.aem4f : HwiPMSP432_nortos.oem4f (.text:HwiP_inISR)
                  00003a40    00000018     msp432p4xx_driverlib.lib : sysctl_a.o (.text:SysCtl_A_disableNMISource)
                  00003a58    00000018                              : sysctl_a.o (.text:SysCtl_A_enableNMISource)
                  00003a70    00000018     drivers_msp432p401x.aem4f : UART.oem4f (.text:UART_Params_init)
                  00003a88    00000018     nortos_msp432p401x.aem4f : startup_msp432_ccs.oem4f (.text:resetISR)
                  00003aa0    00000016     display.aem4f : DisplayUart.oem4f (.text:DisplayUartMin_close)
                  00003ab6    00000016     nortos_msp432p401x.aem4f : SemaphoreP_nortos.oem4f (.text:SemaphoreP_create)
                  00003acc    00000016                              : SwiP_nortos.oem4f (.text:maxbit)
                  00003ae2    00000016                              : SystemP_nortos.oem4f (.text:putChar)
                  00003af8    00000014     drivers_msp432p401x.aem4f : PowerMSP432.oem4f (.text:Power_idleFunc)
                  00003b0c    00000014     nortos_msp432p401x.aem4f : SwiP_nortos.oem4f (.text:SwiP_handleHwi)
                  00003b20    00000014                              : TimerPMSP432_nortos.oem4f (.text:TimerP_getCount)
                  00003b34    00000014     drivers_msp432p401x.aem4f : UARTMSP432.oem4f (.text:clearTXCPTIFG)
                  00003b48    00000014     rtsv7M4_T_le_v4SPD16_eabi.lib : strlen.c.obj (.text:strlen)
                  00003b5c    00000012     nortos_msp432p401x.aem4f : HwiPMSP432_nortos.oem4f (.text:HwiP_Params_init)
                  00003b6e    00000012     drivers_msp432p401x.aem4f : RingBuf.oem4f (.text:RingBuf_construct)
                  00003b80    00000012     main_nortos.obj (.text:main)
                  00003b92    00000002     rtsv7M4_T_le_v4SPD16_eabi.lib : _lock.c.obj (.text:_nop)
                  00003b94    00000010     nortos_msp432p401x.aem4f : ClockPTimer_nortos.oem4f (.text:ClockP_Params_init)
                  00003ba4    00000010                              : ClockPTimer_nortos.oem4f (.text:ClockP_delete)
                  00003bb4    00000010                              : HwiPMSP432_nortos.oem4f (.text:HwiP_disable)
                  00003bc4    00000010     msp432p4xx_driverlib.lib : interrupt.o (.text:Interrupt_disableMaster)
                  00003bd4    00000010                              : interrupt.o (.text:Interrupt_enableMaster)
                  00003be4    00000010     drivers_msp432p401x.aem4f : PowerMSP432.oem4f (.text:PowerMSP432_getNumPerfLevels)
                  00003bf4    00000010                               : PowerMSP432.oem4f (.text:Power_disablePolicy)
                  00003c04    00000010                               : PowerMSP432.oem4f (.text:Power_enablePolicy)
                  00003c14    00000010     nortos_msp432p401x.aem4f : SemaphoreP_nortos.oem4f (.text:SemaphoreP_Params_init)
                  00003c24    00000010                              : SwiP_nortos.oem4f (.text:SwiP_Params_init)
                  00003c34    00000010     msp432p4xx_driverlib.lib : sysctl_a.o (.text:SysCtl_A_getNMISourceStatus)
                  00003c44    00000010                              : sysctl.o (.text:SysCtl_getNMISourceStatus)
                  00003c54    00000010     nortos_msp432p401x.aem4f : TimerPMSP432_nortos.oem4f (.text:TimerP_Params_init)
                  00003c64    00000010     drivers_msp432p401x.aem4f : UARTMSP432.oem4f (.text:readBlockingTimeout)
                  00003c74    0000000e     nortos_msp432p401x.aem4f : QueueP_nortos.oem4f (.text:QueueP_empty)
                  00003c82    0000000e                              : QueueP_nortos.oem4f (.text:QueueP_remove)
                  00003c90    0000000e     rtsv7M4_T_le_v4SPD16_eabi.lib : copy_decompress_none.c.obj (.text:decompress:none:__TI_decompress_none)
                  00003c9e    0000000c     ti_drivers_config.obj (.text:Board_init)
                  00003caa    0000000c     msp432p4xx_driverlib.lib : cpu.o (.text:CPU_cpsid)
                  00003cb6    0000000c                              : cpu.o (.text:CPU_cpsie)
                  00003cc2    00000002     nortos_msp432p401x.aem4f : startup_msp432_ccs.oem4f (.text:busFaultISR)
                  00003cc4    0000000c                              : ClockPTimer_nortos.oem4f (.text:ClockP_doTick)
                  00003cd0    0000000c     drivers_msp432p401x.aem4f : PowerMSP432.oem4f (.text:Power_getConstraintMask)
                  00003cdc    0000000c                               : PowerMSP432.oem4f (.text:Power_getPerformanceLevel)
                  00003ce8    0000000c     nortos_msp432p401x.aem4f : TimerPMSP432_nortos.oem4f (.text:TimerP_getFreq)
                  00003cf4    0000000c                              : TimerPMSP432_nortos.oem4f (.text:TimerP_getMaxTicks)
                  00003d00    0000000c     rtsv7M4_T_le_v4SPD16_eabi.lib : copy_zero_init.c.obj (.text:decompress:ZI:__TI_zero_init)
                  00003d0c    0000000a     drivers_msp432p401x.aem4f : UART.oem4f (.text:UART_close)
                  00003d16    0000000a                               : UART.oem4f (.text:UART_control)
                  00003d20    0000000a                               : UART.oem4f (.text:UART_write)
                  00003d2a    00000008     nortos_msp432p401x.aem4f : HwiPMSP432_nortos.oem4f (.text:HwiP_restore)
                  00003d32    00000008     rtsv7M4_T_le_v4SPD16_eabi.lib : memory.c.obj (.text:malloc)
                  00003d3a    00000008     drivers_msp432p401x.aem4f : UARTMSP432.oem4f (.text:readSemCallback)
                  00003d42    00000008                               : UARTMSP432.oem4f (.text:txcptEnabledStatus)
                  00003d4a    00000008                               : UARTMSP432.oem4f (.text:writeSemCallback)
                  00003d52    00000006     nortos_msp432p401x.aem4f : ClockPTimer_nortos.oem4f (.text:ClockP_stop)
                  00003d58    00000006     display.aem4f : DisplayUart.oem4f (.text:DisplayUartMin_control)
                  00003d5e    00000006                   : DisplayUart.oem4f (.text:DisplayUartMin_getType)
                  00003d64    00000006     nortos_msp432p401x.aem4f : QueueP_nortos.oem4f (.text:QueueP_init)
                  00003d6a    00000004                              : ClockPTimer_nortos.oem4f (.text:ClockP_isActive)
                  00003d6e    00000004                              : ClockPTimer_nortos.oem4f (.text:ClockP_setTimeout)
                  00003d72    00000004                              : HwiPMSP432_nortos.oem4f (.text:HwiP_enable)
                  00003d76    00000004                              : HwiPMSP432_nortos.oem4f (.text:HwiP_post)
                  00003d7a    00000004                              : QueueP_nortos.oem4f (.text:QueueP_head)
                  00003d7e    00000004                              : QueueP_nortos.oem4f (.text:QueueP_next)
                  00003d82    00000004                              : SemaphoreP_nortos.oem4f (.text:SemaphoreP_delete)
                  00003d86    00000004                              : SystemP_nortos.oem4f (.text:SystemP_vsnprintf)
                  00003d8a    00000004                              : TimerPMSP432_nortos.oem4f (.text:TimerP_setPeriod)
                  00003d8e    00000004     rtsv7M4_T_le_v4SPD16_eabi.lib : pre_init.c.obj (.text:_system_pre_init)
                  00003d92    00000004                                   : exit.c.obj (.text:abort:abort)
                  00003d96    00000002     nortos_msp432p401x.aem4f : SemaphoreP_nortos.oem4f (.text:clkFxn)
                  00003d98    00000002                              : startup_msp432_ccs.oem4f (.text:defaultISR)
                  00003d9a    00000002                              : startup_msp432_ccs.oem4f (.text:faultISR)
                  00003d9c    00000002                              : startup_msp432_ccs.oem4f (.text:nmiISR)
                  00003d9e    00000002     rtsv7M4_T_le_v4SPD16_eabi.lib : div0.asm.obj (.text)

.const     0    00003da0    00000200     
                  00003da0    00000050     msp432p4xx_driverlib.lib : interrupt.o (.const:g_pulRegs)
                  00003df0    00000040     ti_drivers_config.obj (.const:uartMSP432Baudrates)
                  00003e30    00000038     ti_drivers_config.obj (.const:PowerMSP432_config)
                  00003e68    0000002c     ti_drivers_config.obj (.const:uartMSP432HWAttrs)
                  00003e94    00000028     drivers_msp432p401x.aem4f : UARTMSP432.oem4f (.const:UARTMSP432_fxnTable)
                  00003ebc    00000024                               : UART.oem4f (.const:UART_defaultParams)
                  00003ee0    00000020     display.aem4f : DisplayUart.oem4f (.const:DisplayUartMin_fxnTable)
                  00003f00    00000020     drivers_msp432p401x.aem4f : UARTMSP432.oem4f (.const:staticFxnTable)
                  00003f20    00000014     ti_drivers_config.obj (.const:GPIOMSP432_config)
                  00003f34    00000014     ti_drivers_config.obj (.const:displayUartHWAttrs)
                  00003f48    00000010     nortos_msp432p401x.aem4f : SwiP_nortos.oem4f (.const:SwiP_defaultParams)
                  00003f58    0000000c     ti_drivers_config.obj (.const:Display_config)
                  00003f64    0000000c     ti_drivers_config.obj (.const:UART_config)
                  00003f70    00000008     msp432p4xx_driverlib.lib : interrupt.o (.const:g_pulDisRegs)
                  00003f78    00000008                              : interrupt.o (.const:g_pulEnRegs)
                  00003f80    00000008                              : interrupt.o (.const:g_pulPendRegs)
                  00003f88    00000006     drivers_msp432p401x.aem4f : GPIOMSP432.oem4f (.const:.string:interruptType)
                  00003f8e    00000006                               : GPIOMSP432.oem4f (.const:.string:portInterruptIds)
                  00003f94    00000005                               : UARTMSP432.oem4f (.const:.string:parityTypes)
                  00003f99    00000001     display.aem4f : Display.oem4f (.const:Display_defaultParams)
                  00003f9a    00000004     drivers_msp432p401x.aem4f : UARTMSP432.oem4f (.const:stopBits)
                  00003f9e    00000002     ti_drivers_config.obj (.const)

.cinit     0    00003fa0    000000c0     
                  00003fa0    00000089     (.cinit..data.load) [load image, compression = lzss]
                  00004029    00000003     --HOLE-- [fill = 0]
                  0000402c    0000000c     (__TI_handler_table)
                  00004038    00000008     (.cinit..bss.load) [load image, compression = zero_init]
                  00004040    00000008     (.cinit..vtable.load) [load image, compression = zero_init]
                  00004048    00000018     (__TI_cinit_table)

.init_array 
*          0    00000000    00000000     UNINITIALIZED

.intvecs   0    00000000    00000144     
                  00000000    00000144     nortos_msp432p401x.aem4f : startup_msp432_ccs.oem4f (.intvecs:retain)

.sysmem    0    20000000    00008000     UNINITIALIZED
                  20000000    00000010     rtsv7M4_T_le_v4SPD16_eabi.lib : memory.c.obj (.sysmem)
                  20000010    00007ff0     --HOLE--

.bss       0    20008000    00000604     UNINITIALIZED
                  20008000    00000400     ti_drivers_config.obj (.bss:displayUARTBuffer)
                  20008400    000000a0     nortos_msp432p401x.aem4f : ClockPTimer_nortos.oem4f (.bss:ClockP_module)
                  200084a0    00000080     (.common:uartMSP432Objects)
                  20008520    00000030     drivers_msp432p401x.aem4f : GPIOMSP432.oem4f (.bss:gpioCallbackInfo)
                  20008550    00000020     nortos_msp432p401x.aem4f : SwiP_nortos.oem4f (.bss:SwiP_readyList)
                  20008570    00000020     ti_drivers_config.obj (.bss:uartMSP432RingBuffer0)
                  20008590    0000001c     nortos_msp432p401x.aem4f : SwiP_nortos.oem4f (.bss:SwiP_hwiStruct)
                  200085ac    0000001c                              : TimerPMSP432_nortos.oem4f (.bss:TimerP_hwiStruct)
                  200085c8    0000000d                              : SwiP_nortos.oem4f (.bss)
                  200085d5    00000003     --HOLE--
                  200085d8    0000000c     (.common:displayUartObject)
                  200085e4    00000008     msp432p4xx_driverlib.lib : cs.o (.bss)
                  200085ec    00000008     nortos_msp432p401x.aem4f : ClockPTimer_nortos.oem4f (.bss:timerFreq)
                  200085f4    00000004     drivers_msp432p401x.aem4f : GPIOMSP432.oem4f (.bss)
                  200085f8    00000004     nortos_msp432p401x.aem4f : ClockPTimer_nortos.oem4f (.bss)
                  200085fc    00000004                              : TimerPMSP432_nortos.oem4f (.bss)
                  20008600    00000004     vl53l1.obj (.bss)

.data      0    20008604    000002fc     UNINITIALIZED
                  20008604    00000140     nortos_msp432p401x.aem4f : HwiPMSP432_nortos.oem4f (.data:HwiP_dispatchTable)
                  20008744    00000140     drivers_msp432p401x.aem4f : PowerMSP432.oem4f (.data:PowerMSP432_perfLevels)
                  20008884    0000002c                               : PowerMSP432.oem4f (.data:PowerMSP432_module)
                  200088b0    0000000c     nortos_msp432p401x.aem4f : ClockPTimer_nortos.oem4f (.data:ClockP_defaultParams)
                  200088bc    0000000c                              : TimerPMSP432_nortos.oem4f (.data:TimerP_defaultParams)
                  200088c8    00000008     rtsv7M4_T_le_v4SPD16_eabi.lib : _lock.c.obj (.data:$O1$$)
                  200088d0    00000008                                   : memory.c.obj (.data:$O1$$)
                  200088d8    00000008     nortos_msp432p401x.aem4f : SemaphoreP_nortos.oem4f (.data:SemaphoreP_defaultParams)
                  200088e0    00000008                              : ClockPTimer_nortos.oem4f (.data)
                  200088e8    00000008                              : HwiPMSP432_nortos.oem4f (.data)
                  200088f0    00000004     ti_drivers_config.obj (.data:gpioCallbackFunctions)
                  200088f4    00000004     ti_drivers_config.obj (.data:gpioPinConfigs)
                  200088f8    00000003     nortos_msp432p401x.aem4f : SemaphoreP_nortos.oem4f (.data)
                  200088fb    00000002     drivers_msp432p401x.aem4f : GPIOMSP432.oem4f (.data)
                  200088fd    00000001                               : UART.oem4f (.data)
                  200088fe    00000001     nortos_msp432p401x.aem4f : SwiP_nortos.oem4f (.data)
                  200088ff    00000001                              : TimerPMSP432_nortos.oem4f (.data)

.vtable    0    20008c00    000000e8     UNINITIALIZED
                  20008c00    000000e8     msp432p4xx_driverlib.lib : interrupt.o (.vtable)

.stack     0    2000f000    00001000     UNINITIALIZED
                  2000f000    00000004     rtsv7M4_T_le_v4SPD16_eabi.lib : boot_cortex_m.c.obj (.stack)
                  2000f004    00000ffc     --HOLE--

__llvm_prf_cnts 
*          0    20000000    00000000     UNINITIALIZED

.binit     0    00000000    00000000     

MODULE SUMMARY

       Module                       code    ro data   rw data
       ------                       ----    -------   -------
    ./
       vl53l1.obj                   80      0         8      
       main_nortos.obj              18      0         0      
    +--+----------------------------+-------+---------+---------+
       Total:                       98      0         8      
                                                             
    ./syscfg/
       ti_drivers_config.obj        14      230       2408   
    +--+----------------------------+-------+---------+---------+
       Total:                       14      230       2408   
                                                             
    /home/ebad/ti/ccs1020/ccs/tools/compiler/ti-cgt-arm_20.2.2.LTS/lib/rtsv7M4_T_le_v4SPD16_eabi.lib
       memory.c.obj                 672     0         16     
       fd_add_t2.asm.obj            438     0         0      
       fd_mul_t2.asm.obj            252     0         0      
       memcpy_t2.asm.obj            156     0         0      
       ull_div_t2.asm.obj           150     0         0      
       fd_cmp_t2.asm.obj            134     0         0      
       memset_t2.asm.obj            122     0         0      
       copy_decompress_lzss.c.obj   104     0         0      
       fd_toi_t2.asm.obj            72      0         0      
       autoinit.c.obj               68      0         0      
       fd_tou_t2.asm.obj            68      0         0      
       u_divt2.asm.obj              64      0         0      
       boot_cortex_m.c.obj          52      0         0      
       i_tofd_t2.asm.obj            46      0         0      
       strlen.c.obj                 20      0         0      
       _lock.c.obj                  2       0         16     
       copy_decompress_none.c.obj   14      0         0      
       copy_zero_init.c.obj         12      0         0      
       exit.c.obj                   4       0         0      
       pre_init.c.obj               4       0         0      
       div0.asm.obj                 2       0         0      
    +--+----------------------------+-------+---------+---------+
       Total:                       2456    0         32     
                                                             
    /home/ebad/ti/simplelink_msp432p4_sdk_3_40_01_02/kernel/nortos/lib/nortos_msp432p401x.aem4f
       ClockPTimer_nortos.oem4f     884     0         384    
       HwiPMSP432_nortos.oem4f      288     0         656    
       SystemP_nortos.oem4f         863     0         0      
       SwiP_nortos.oem4f            630     16        148    
       TimerPMSP432_nortos.oem4f    676     0         90     
       SemaphoreP_nortos.oem4f      378     0         22     
       startup_msp432_ccs.oem4f     32      324       0      
       QueueP_nortos.oem4f          100     0         0      
       PowerMSP432_nortos.oem4f     76      0         0      
    +--+----------------------------+-------+---------+---------+
       Total:                       3927    340       1300   
                                                             
    /home/ebad/ti/simplelink_msp432p4_sdk_3_40_01_02/source/ti/devices/msp432p4xx/driverlib/ccs/msp432p4xx_driverlib.lib
       interrupt.o                  598     104       464    
       cs.o                         704     0         16     
       uart.o                       284     0         0      
       sysctl_a.o                   64      0         0      
       cpu.o                        24      0         0      
       sysctl.o                     16      0         0      
    +--+----------------------------+-------+---------+---------+
       Total:                       1690    104       480    
                                                             
    /home/ebad/ti/simplelink_msp432p4_sdk_3_40_01_02/source/ti/display/lib/display.aem4f
       DisplayUart.oem4f            184     32        0      
       Display.oem4f                174     1         0      
    +--+----------------------------+-------+---------+---------+
       Total:                       358     33        0      
                                                             
    /home/ebad/ti/simplelink_msp432p4_sdk_3_40_01_02/source/ti/drivers/lib/drivers_msp432p401x.aem4f
       UARTMSP432.oem4f             3406    81        0      
       PowerMSP432.oem4f            2228    0         728    
       GPIOMSP432.oem4f             828     12        108    
       UART.oem4f                   186     36        2      
       RingBuf.oem4f                184     0         0      
       List.oem4f                   76      0         0      
    +--+----------------------------+-------+---------+---------+
       Total:                       6908    129       838    
                                                             
       Heap:                        0       0         65536  
       Stack:                       0       0         8192   
       Linker Generated:            0       189       0      
    +--+----------------------------+-------+---------+---------+
       Grand Total:                 15451   1025      78794  


LINKER GENERATED COPY TABLES

__TI_cinit_table @ 00004048 records: 3, size/record: 8, table size: 24
	.data: load addr=00003fa0, load size=00000089 bytes, run addr=20008604, run size=000002fc bytes, compression=lzss
	.bss: load addr=00004038, load size=00000008 bytes, run addr=20008000, run size=00000604 bytes, compression=zero_init
	.vtable: load addr=00004040, load size=00000008 bytes, run addr=20008c00, run size=000000e8 bytes, compression=zero_init


LINKER GENERATED HANDLER TABLE

__TI_handler_table @ 0000402c records: 3, size/record: 4, table size: 12
	index: 0, handler: __TI_decompress_lzss
	index: 1, handler: __TI_decompress_none
	index: 2, handler: __TI_zero_init


GLOBAL SYMBOLS: SORTED ALPHABETICALLY BY Name 

address   name                              
-------   ----                              
00003c9f  Board_init                        
00000e23  Board_initHook                    
00003d93  C$$EXIT                           
00003cab  CPU_cpsid                         
00003cb7  CPU_cpsie                         
000038b5  CS_setExternalClockSourceFrequency
000012ad  CS_startHFXTWithTimeout           
00001475  CS_startLFXTWithTimeout           
00003b95  ClockP_Params_init                
000038d5  ClockP_add                        
0000307d  ClockP_construct                  
000039a9  ClockP_create                     
00003ba5  ClockP_delete                     
000039f7  ClockP_destruct                   
00003cc5  ClockP_doTick                     
00003849  ClockP_getTicks                   
00003d6b  ClockP_isActive                   
0000386d  ClockP_scheduleNextTick           
00003d6f  ClockP_setTimeout                 
00002629  ClockP_start                      
00001b01  ClockP_startup                    
00003d53  ClockP_stop                       
200088e4  ClockP_tickPeriod                 
00002825  ClockP_walkQueueDynamic           
00001d1d  ClockP_workFuncDynamic            
0000198f  DisplayUartMin_clear              
00002823  DisplayUartMin_clearLines         
00003aa1  DisplayUartMin_close              
00003d59  DisplayUartMin_control            
00003ee0  DisplayUartMin_fxnTable           
00003d5f  DisplayUartMin_getType            
00002ac7  DisplayUartMin_init               
00003031  DisplayUartMin_open               
0000319d  DisplayUartMin_vprintf            
00003f58  Display_config                    
00003f9e  Display_count                     
00003f99  Display_defaultParams             
0000370d  Display_doInit                    
00002d31  Display_doOpen                    
000036b7  Display_doPrintf                  
00003f20  GPIOMSP432_config                 
00002ac9  GPIO_hwiIntFxn                    
00001dc9  GPIO_init                         
00002cd1  GPIO_setCallback                  
00000e25  GPIO_setConfig                    
00002de9  GPIO_write                        
00003b5d  HwiP_Params_init                  
0000289d  HwiP_construct                    
000036e1  HwiP_create                       
00003a0f  HwiP_delete                       
00003bb5  HwiP_disable                      
00003891  HwiP_dispatch                     
00003d73  HwiP_enable                       
00003a29  HwiP_inISR                        
200088e8  HwiP_key                          
00003d77  HwiP_post                         
00003d2b  HwiP_restore                      
200088ec  HwiP_swiPIntNum                   
000026a9  Interrupt_disableInterrupt        
00003bc5  Interrupt_disableMaster           
00002729  Interrupt_enableInterrupt         
00003bd5  Interrupt_enableMaster            
00002b31  Interrupt_pendInterrupt           
00002d8d  Interrupt_registerInterrupt       
00002ef1  Interrupt_setPriority             
00003955  Interrupt_unregisterInterrupt     
000037fd  List_put                          
00003823  List_remove                       
00003d73  NoRTOS_start                      
00003e30  PowerMSP432_config                
00002b99  PowerMSP432_getFreqs              
00003be5  PowerMSP432_getNumPerfLevels      
00003623  PowerMSP432_initPolicy            
20008884  PowerMSP432_module                
20008744  PowerMSP432_perfLevels            
000030c5  PowerMSP432_sleepPolicy           
0000370b  PowerMSP432_updateFreqs           
00003bf5  Power_disablePolicy               
00003c05  Power_enablePolicy                
00003cd1  Power_getConstraintMask           
00003cdd  Power_getPerformanceLevel         
00003af9  Power_idleFunc                    
00002105  Power_init                        
00003735  Power_registerNotify              
0000310d  Power_releaseConstraint           
0000357d  Power_setConstraint               
00000145  Power_sleep                       
000038f5  Power_unregisterNotify            
00003c75  QueueP_empty                      
000039c3  QueueP_get                        
00003d7b  QueueP_head                       
00003d65  QueueP_init                       
00003d7f  QueueP_next                       
00003915  QueueP_put                        
00003c83  QueueP_remove                     
00003b6f  RingBuf_construct                 
000033c1  RingBuf_get                       
00003935  RingBuf_peek                      
000031e3  RingBuf_put                       
00003c15  SemaphoreP_Params_init            
00002f45  SemaphoreP_construct              
00003ab7  SemaphoreP_create                 
000039dd  SemaphoreP_createBinary           
200088d8  SemaphoreP_defaultParams          
00003d83  SemaphoreP_delete                 
00001fc5  SemaphoreP_pend                   
00003229  SemaphoreP_post                   
00003c25  SwiP_Params_init                  
000017ed  SwiP_construct                    
00003971  SwiP_disable                      
000021a1  SwiP_dispatch                     
00002c01  SwiP_post                         
0000326d  SwiP_restore                      
00003a41  SysCtl_A_disableNMISource         
00003a59  SysCtl_A_enableNMISource          
00003c35  SysCtl_A_getNMISourceStatus       
00003c45  SysCtl_getNMISourceStatus         
00003d87  SystemP_vsnprintf                 
00003c55  TimerP_Params_init                
00001555  TimerP_construct                  
00002e41  TimerP_dynamicStub                
00002a5b  TimerP_getCurrentTick             
00003ce9  TimerP_getFreq                    
00003cf5  TimerP_getMaxTicks                
00003541  TimerP_initDevice                 
00003401  TimerP_setNextTick                
00003d8b  TimerP_setPeriod                  
000032b1  TimerP_start                      
0000236f  UARTMSP432_close                  
00001bb5  UARTMSP432_control                
00003e94  UARTMSP432_fxnTable               
000018c5  UARTMSP432_hwiIntFxn              
00003a27  UARTMSP432_init                   
00000715  UARTMSP432_open                   
00003441  UARTMSP432_read                   
000035ed  UARTMSP432_readCancel             
00001635  UARTMSP432_readPolling            
00001e75  UARTMSP432_write                  
0000290d  UARTMSP432_writeCancel            
00001c69  UARTMSP432_writePolling           
00003a71  UART_Params_init                  
00003d0d  UART_close                        
00003f64  UART_config                       
00003d17  UART_control                      
00003f9f  UART_count                        
00003ebc  UART_defaultParams                
000032f5  UART_init                         
00000f95  UART_initModule                   
00003481  UART_open                         
00003d21  UART_write                        
4000480c  WDTCTL_SYM                        
20010000  __STACK_END                       
00001000  __STACK_SIZE                      
00008000  __SYSMEM_SIZE                     
00004048  __TI_CINIT_Base                   
00004060  __TI_CINIT_Limit                  
0000402c  __TI_Handler_Table_Base           
00004038  __TI_Handler_Table_Limit          
00003339  __TI_auto_init_nobinit_nopinit    
00002c69  __TI_decompress_lzss              
00003c91  __TI_decompress_none              
ffffffff  __TI_pprof_out_hndl               
ffffffff  __TI_prof_data_size               
ffffffff  __TI_prof_data_start              
00003fa0  __TI_static_base__                
00003d01  __TI_zero_init                    
0000251f  __aeabi_cdcmpeq                   
0000251f  __aeabi_cdcmple                   
00003155  __aeabi_d2iz                      
0000337d  __aeabi_d2uiz                     
00000c77  __aeabi_dadd                      
000011b1  __aeabi_dmul                      
00000c6d  __aeabi_dsub                      
00003689  __aeabi_i2d                       
00003d9f  __aeabi_idiv0                     
00003d9f  __aeabi_ldiv0                     
000027a9  __aeabi_memclr                    
000027a9  __aeabi_memclr4                   
000027a9  __aeabi_memclr8                   
0000223d  __aeabi_memcpy                    
0000223d  __aeabi_memcpy4                   
0000223d  __aeabi_memcpy8                   
000027ab  __aeabi_memset                    
000027ab  __aeabi_memset4                   
000027ab  __aeabi_memset8                   
00003501  __aeabi_uidiv                     
00003501  __aeabi_uidivmod                  
000022d9  __aeabi_uldivmod                  
ffffffff  __binit__                         
ffffffff  __c_args__                        
UNDEFED   __mpu_init                        
2000f000  __stack                           
20000000  __start___llvm_prf_cnts           
20000000  __stop___llvm_prf_cnts            
00003625  _c_int00_noargs                   
200088c8  _lock                             
00003b93  _nop                              
20000000  _sys_memory                       
UNDEFED   _system_post_cinit                
00003d8f  _system_pre_init                  
200088cc  _unlock                           
00003d93  abort                             
000010b1  aligned_alloc                     
ffffffff  binit                             
00003d97  clkFxn                            
00003f34  displayUartHWAttrs                
200085d8  displayUartObject                 
00001391  free                              
20008c00  g_pfnRAMVectors                   
200088f0  gpioCallbackFunctions             
200088f4  gpioPinConfigs                    
00000000  interruptVectors                  
00003b81  main                              
00002f95  mainThread                        
00003d33  malloc                            
000010b1  memalign                          
0000223d  memcpy                            
000027b1  memset                            
00003a89  resetISR                          
00003b49  strlen                            
200084a0  uartMSP432Objects                 


GLOBAL SYMBOLS: SORTED BY Symbol Address 

address   name                              
-------   ----                              
00000000  interruptVectors                  
00000145  Power_sleep                       
00000715  UARTMSP432_open                   
00000c6d  __aeabi_dsub                      
00000c77  __aeabi_dadd                      
00000e23  Board_initHook                    
00000e25  GPIO_setConfig                    
00000f95  UART_initModule                   
00001000  __STACK_SIZE                      
000010b1  aligned_alloc                     
000010b1  memalign                          
000011b1  __aeabi_dmul                      
000012ad  CS_startHFXTWithTimeout           
00001391  free                              
00001475  CS_startLFXTWithTimeout           
00001555  TimerP_construct                  
00001635  UARTMSP432_readPolling            
000017ed  SwiP_construct                    
000018c5  UARTMSP432_hwiIntFxn              
0000198f  DisplayUartMin_clear              
00001b01  ClockP_startup                    
00001bb5  UARTMSP432_control                
00001c69  UARTMSP432_writePolling           
00001d1d  ClockP_workFuncDynamic            
00001dc9  GPIO_init                         
00001e75  UARTMSP432_write                  
00001fc5  SemaphoreP_pend                   
00002105  Power_init                        
000021a1  SwiP_dispatch                     
0000223d  __aeabi_memcpy                    
0000223d  __aeabi_memcpy4                   
0000223d  __aeabi_memcpy8                   
0000223d  memcpy                            
000022d9  __aeabi_uldivmod                  
0000236f  UARTMSP432_close                  
0000251f  __aeabi_cdcmpeq                   
0000251f  __aeabi_cdcmple                   
00002629  ClockP_start                      
000026a9  Interrupt_disableInterrupt        
00002729  Interrupt_enableInterrupt         
000027a9  __aeabi_memclr                    
000027a9  __aeabi_memclr4                   
000027a9  __aeabi_memclr8                   
000027ab  __aeabi_memset                    
000027ab  __aeabi_memset4                   
000027ab  __aeabi_memset8                   
000027b1  memset                            
00002823  DisplayUartMin_clearLines         
00002825  ClockP_walkQueueDynamic           
0000289d  HwiP_construct                    
0000290d  UARTMSP432_writeCancel            
00002a5b  TimerP_getCurrentTick             
00002ac7  DisplayUartMin_init               
00002ac9  GPIO_hwiIntFxn                    
00002b31  Interrupt_pendInterrupt           
00002b99  PowerMSP432_getFreqs              
00002c01  SwiP_post                         
00002c69  __TI_decompress_lzss              
00002cd1  GPIO_setCallback                  
00002d31  Display_doOpen                    
00002d8d  Interrupt_registerInterrupt       
00002de9  GPIO_write                        
00002e41  TimerP_dynamicStub                
00002ef1  Interrupt_setPriority             
00002f45  SemaphoreP_construct              
00002f95  mainThread                        
00003031  DisplayUartMin_open               
0000307d  ClockP_construct                  
000030c5  PowerMSP432_sleepPolicy           
0000310d  Power_releaseConstraint           
00003155  __aeabi_d2iz                      
0000319d  DisplayUartMin_vprintf            
000031e3  RingBuf_put                       
00003229  SemaphoreP_post                   
0000326d  SwiP_restore                      
000032b1  TimerP_start                      
000032f5  UART_init                         
00003339  __TI_auto_init_nobinit_nopinit    
0000337d  __aeabi_d2uiz                     
000033c1  RingBuf_get                       
00003401  TimerP_setNextTick                
00003441  UARTMSP432_read                   
00003481  UART_open                         
00003501  __aeabi_uidiv                     
00003501  __aeabi_uidivmod                  
00003541  TimerP_initDevice                 
0000357d  Power_setConstraint               
000035ed  UARTMSP432_readCancel             
00003623  PowerMSP432_initPolicy            
00003625  _c_int00_noargs                   
00003689  __aeabi_i2d                       
000036b7  Display_doPrintf                  
000036e1  HwiP_create                       
0000370b  PowerMSP432_updateFreqs           
0000370d  Display_doInit                    
00003735  Power_registerNotify              
000037fd  List_put                          
00003823  List_remove                       
00003849  ClockP_getTicks                   
0000386d  ClockP_scheduleNextTick           
00003891  HwiP_dispatch                     
000038b5  CS_setExternalClockSourceFrequency
000038d5  ClockP_add                        
000038f5  Power_unregisterNotify            
00003915  QueueP_put                        
00003935  RingBuf_peek                      
00003955  Interrupt_unregisterInterrupt     
00003971  SwiP_disable                      
000039a9  ClockP_create                     
000039c3  QueueP_get                        
000039dd  SemaphoreP_createBinary           
000039f7  ClockP_destruct                   
00003a0f  HwiP_delete                       
00003a27  UARTMSP432_init                   
00003a29  HwiP_inISR                        
00003a41  SysCtl_A_disableNMISource         
00003a59  SysCtl_A_enableNMISource          
00003a71  UART_Params_init                  
00003a89  resetISR                          
00003aa1  DisplayUartMin_close              
00003ab7  SemaphoreP_create                 
00003af9  Power_idleFunc                    
00003b49  strlen                            
00003b5d  HwiP_Params_init                  
00003b6f  RingBuf_construct                 
00003b81  main                              
00003b93  _nop                              
00003b95  ClockP_Params_init                
00003ba5  ClockP_delete                     
00003bb5  HwiP_disable                      
00003bc5  Interrupt_disableMaster           
00003bd5  Interrupt_enableMaster            
00003be5  PowerMSP432_getNumPerfLevels      
00003bf5  Power_disablePolicy               
00003c05  Power_enablePolicy                
00003c15  SemaphoreP_Params_init            
00003c25  SwiP_Params_init                  
00003c35  SysCtl_A_getNMISourceStatus       
00003c45  SysCtl_getNMISourceStatus         
00003c55  TimerP_Params_init                
00003c75  QueueP_empty                      
00003c83  QueueP_remove                     
00003c91  __TI_decompress_none              
00003c9f  Board_init                        
00003cab  CPU_cpsid                         
00003cb7  CPU_cpsie                         
00003cc5  ClockP_doTick                     
00003cd1  Power_getConstraintMask           
00003cdd  Power_getPerformanceLevel         
00003ce9  TimerP_getFreq                    
00003cf5  TimerP_getMaxTicks                
00003d01  __TI_zero_init                    
00003d0d  UART_close                        
00003d17  UART_control                      
00003d21  UART_write                        
00003d2b  HwiP_restore                      
00003d33  malloc                            
00003d53  ClockP_stop                       
00003d59  DisplayUartMin_control            
00003d5f  DisplayUartMin_getType            
00003d65  QueueP_init                       
00003d6b  ClockP_isActive                   
00003d6f  ClockP_setTimeout                 
00003d73  HwiP_enable                       
00003d73  NoRTOS_start                      
00003d77  HwiP_post                         
00003d7b  QueueP_head                       
00003d7f  QueueP_next                       
00003d83  SemaphoreP_delete                 
00003d87  SystemP_vsnprintf                 
00003d8b  TimerP_setPeriod                  
00003d8f  _system_pre_init                  
00003d93  C$$EXIT                           
00003d93  abort                             
00003d97  clkFxn                            
00003d9f  __aeabi_idiv0                     
00003d9f  __aeabi_ldiv0                     
00003e30  PowerMSP432_config                
00003e94  UARTMSP432_fxnTable               
00003ebc  UART_defaultParams                
00003ee0  DisplayUartMin_fxnTable           
00003f20  GPIOMSP432_config                 
00003f34  displayUartHWAttrs                
00003f58  Display_config                    
00003f64  UART_config                       
00003f99  Display_defaultParams             
00003f9e  Display_count                     
00003f9f  UART_count                        
00003fa0  __TI_static_base__                
0000402c  __TI_Handler_Table_Base           
00004038  __TI_Handler_Table_Limit          
00004048  __TI_CINIT_Base                   
00004060  __TI_CINIT_Limit                  
00008000  __SYSMEM_SIZE                     
20000000  __start___llvm_prf_cnts           
20000000  __stop___llvm_prf_cnts            
20000000  _sys_memory                       
200084a0  uartMSP432Objects                 
200085d8  displayUartObject                 
20008744  PowerMSP432_perfLevels            
20008884  PowerMSP432_module                
200088c8  _lock                             
200088cc  _unlock                           
200088d8  SemaphoreP_defaultParams          
200088e4  ClockP_tickPeriod                 
200088e8  HwiP_key                          
200088ec  HwiP_swiPIntNum                   
200088f0  gpioCallbackFunctions             
200088f4  gpioPinConfigs                    
20008c00  g_pfnRAMVectors                   
2000f000  __stack                           
20010000  __STACK_END                       
4000480c  WDTCTL_SYM                        
ffffffff  __TI_pprof_out_hndl               
ffffffff  __TI_prof_data_size               
ffffffff  __TI_prof_data_start              
ffffffff  __binit__                         
ffffffff  __c_args__                        
ffffffff  binit                             
UNDEFED   __mpu_init                        
UNDEFED   _system_post_cinit                

[221 symbols]
