<?xml version="1.0" encoding="ISO-8859-1" ?>
<link_info>
   <banner>TI ARM Linker Unix v20.2.2.LTS</banner>
   <copyright>Copyright (c) 1996-2018 Texas Instruments Incorporated</copyright>
   <link_time>0x605b5d50</link_time>
   <link_errors>0x0</link_errors>
   <output_file>vl53l1x_ULD_MSP_EXP432P401R_nortos_ccs.out</output_file>
   <entry_point>
      <name>resetISR</name>
      <address>0x4da9</address>
   </entry_point>
   <input_file_list>
      <input_file id="fl-2">
         <path>./syscfg/</path>
         <kind>object</kind>
         <file>ti_drivers_config.obj</file>
         <name>ti_drivers_config.obj</name>
      </input_file>
      <input_file id="fl-3">
         <path>./</path>
         <kind>object</kind>
         <file>main_nortos.obj</file>
         <name>main_nortos.obj</name>
      </input_file>
      <input_file id="fl-4">
         <path>./</path>
         <kind>object</kind>
         <file>vl53l1.obj</file>
         <name>vl53l1.obj</name>
      </input_file>
      <input_file id="fl-5">
         <path>./core/</path>
         <kind>object</kind>
         <file>VL53L1X_api.obj</file>
         <name>VL53L1X_api.obj</name>
      </input_file>
      <input_file id="fl-6">
         <path>./core/</path>
         <kind>object</kind>
         <file>VL53L1X_calibration.obj</file>
         <name>VL53L1X_calibration.obj</name>
      </input_file>
      <input_file id="fl-11">
         <kind>object</kind>
         <file>&lt;internal&gt;</file>
         <name>&lt;internal&gt;</name>
      </input_file>
      <input_file id="fl-12">
         <path>/home/ebad/ti/simplelink_msp432p4_sdk_3_40_01_02/source/ti/display/lib/</path>
         <kind>archive</kind>
         <file>display.aem4f</file>
         <name>Display.oem4f</name>
      </input_file>
      <input_file id="fl-13">
         <path>/home/ebad/ti/simplelink_msp432p4_sdk_3_40_01_02/source/ti/display/lib/</path>
         <kind>archive</kind>
         <file>display.aem4f</file>
         <name>DisplayUart.oem4f</name>
      </input_file>
      <input_file id="fl-14">
         <path>/home/ebad/ti/simplelink_msp432p4_sdk_3_40_01_02/source/ti/drivers/lib/</path>
         <kind>archive</kind>
         <file>drivers_msp432p401x.aem4f</file>
         <name>GPIOMSP432.oem4f</name>
      </input_file>
      <input_file id="fl-15">
         <path>/home/ebad/ti/simplelink_msp432p4_sdk_3_40_01_02/source/ti/drivers/lib/</path>
         <kind>archive</kind>
         <file>drivers_msp432p401x.aem4f</file>
         <name>I2C.oem4f</name>
      </input_file>
      <input_file id="fl-16">
         <path>/home/ebad/ti/simplelink_msp432p4_sdk_3_40_01_02/source/ti/drivers/lib/</path>
         <kind>archive</kind>
         <file>drivers_msp432p401x.aem4f</file>
         <name>I2CMSP432.oem4f</name>
      </input_file>
      <input_file id="fl-17">
         <path>/home/ebad/ti/simplelink_msp432p4_sdk_3_40_01_02/source/ti/drivers/lib/</path>
         <kind>archive</kind>
         <file>drivers_msp432p401x.aem4f</file>
         <name>PowerMSP432.oem4f</name>
      </input_file>
      <input_file id="fl-18">
         <path>/home/ebad/ti/simplelink_msp432p4_sdk_3_40_01_02/source/ti/drivers/lib/</path>
         <kind>archive</kind>
         <file>drivers_msp432p401x.aem4f</file>
         <name>UART.oem4f</name>
      </input_file>
      <input_file id="fl-19">
         <path>/home/ebad/ti/simplelink_msp432p4_sdk_3_40_01_02/source/ti/drivers/lib/</path>
         <kind>archive</kind>
         <file>drivers_msp432p401x.aem4f</file>
         <name>UARTMSP432.oem4f</name>
      </input_file>
      <input_file id="fl-1a">
         <path>/home/ebad/ti/simplelink_msp432p4_sdk_3_40_01_02/source/ti/drivers/lib/</path>
         <kind>archive</kind>
         <file>drivers_msp432p401x.aem4f</file>
         <name>Watchdog.oem4f</name>
      </input_file>
      <input_file id="fl-1b">
         <path>/home/ebad/ti/simplelink_msp432p4_sdk_3_40_01_02/source/ti/drivers/lib/</path>
         <kind>archive</kind>
         <file>drivers_msp432p401x.aem4f</file>
         <name>WatchdogMSP432.oem4f</name>
      </input_file>
      <input_file id="fl-1c">
         <path>/home/ebad/ti/simplelink_msp432p4_sdk_3_40_01_02/source/ti/drivers/lib/</path>
         <kind>archive</kind>
         <file>drivers_msp432p401x.aem4f</file>
         <name>List.oem4f</name>
      </input_file>
      <input_file id="fl-1d">
         <path>/home/ebad/ti/simplelink_msp432p4_sdk_3_40_01_02/source/ti/drivers/lib/</path>
         <kind>archive</kind>
         <file>drivers_msp432p401x.aem4f</file>
         <name>RingBuf.oem4f</name>
      </input_file>
      <input_file id="fl-1e">
         <path>/home/ebad/ti/simplelink_msp432p4_sdk_3_40_01_02/kernel/nortos/lib/</path>
         <kind>archive</kind>
         <file>nortos_msp432p401x.aem4f</file>
         <name>posix_sleep.oem4f</name>
      </input_file>
      <input_file id="fl-1f">
         <path>/home/ebad/ti/simplelink_msp432p4_sdk_3_40_01_02/kernel/nortos/lib/</path>
         <kind>archive</kind>
         <file>nortos_msp432p401x.aem4f</file>
         <name>NoRTOS.oem4f</name>
      </input_file>
      <input_file id="fl-20">
         <path>/home/ebad/ti/simplelink_msp432p4_sdk_3_40_01_02/kernel/nortos/lib/</path>
         <kind>archive</kind>
         <file>nortos_msp432p401x.aem4f</file>
         <name>SemaphoreP_nortos.oem4f</name>
      </input_file>
      <input_file id="fl-21">
         <path>/home/ebad/ti/simplelink_msp432p4_sdk_3_40_01_02/kernel/nortos/lib/</path>
         <kind>archive</kind>
         <file>nortos_msp432p401x.aem4f</file>
         <name>SystemP_nortos.oem4f</name>
      </input_file>
      <input_file id="fl-22">
         <path>/home/ebad/ti/simplelink_msp432p4_sdk_3_40_01_02/kernel/nortos/lib/</path>
         <kind>archive</kind>
         <file>nortos_msp432p401x.aem4f</file>
         <name>PowerMSP432_nortos.oem4f</name>
      </input_file>
      <input_file id="fl-23">
         <path>/home/ebad/ti/simplelink_msp432p4_sdk_3_40_01_02/kernel/nortos/lib/</path>
         <kind>archive</kind>
         <file>nortos_msp432p401x.aem4f</file>
         <name>ClockPTimer_nortos.oem4f</name>
      </input_file>
      <input_file id="fl-24">
         <path>/home/ebad/ti/simplelink_msp432p4_sdk_3_40_01_02/kernel/nortos/lib/</path>
         <kind>archive</kind>
         <file>nortos_msp432p401x.aem4f</file>
         <name>TimerPMSP432_nortos.oem4f</name>
      </input_file>
      <input_file id="fl-25">
         <path>/home/ebad/ti/simplelink_msp432p4_sdk_3_40_01_02/kernel/nortos/lib/</path>
         <kind>archive</kind>
         <file>nortos_msp432p401x.aem4f</file>
         <name>HwiPMSP432_nortos.oem4f</name>
      </input_file>
      <input_file id="fl-26">
         <path>/home/ebad/ti/simplelink_msp432p4_sdk_3_40_01_02/kernel/nortos/lib/</path>
         <kind>archive</kind>
         <file>nortos_msp432p401x.aem4f</file>
         <name>startup_msp432_ccs.oem4f</name>
      </input_file>
      <input_file id="fl-27">
         <path>/home/ebad/ti/simplelink_msp432p4_sdk_3_40_01_02/kernel/nortos/lib/</path>
         <kind>archive</kind>
         <file>nortos_msp432p401x.aem4f</file>
         <name>QueueP_nortos.oem4f</name>
      </input_file>
      <input_file id="fl-28">
         <path>/home/ebad/ti/simplelink_msp432p4_sdk_3_40_01_02/kernel/nortos/lib/</path>
         <kind>archive</kind>
         <file>nortos_msp432p401x.aem4f</file>
         <name>SwiP_nortos.oem4f</name>
      </input_file>
      <input_file id="fl-29">
         <path>/home/ebad/ti/simplelink_msp432p4_sdk_3_40_01_02/source/ti/devices/msp432p4xx/driverlib/ccs/</path>
         <kind>archive</kind>
         <file>msp432p4xx_driverlib.lib</file>
         <name>cs.o</name>
      </input_file>
      <input_file id="fl-2a">
         <path>/home/ebad/ti/simplelink_msp432p4_sdk_3_40_01_02/source/ti/devices/msp432p4xx/driverlib/ccs/</path>
         <kind>archive</kind>
         <file>msp432p4xx_driverlib.lib</file>
         <name>i2c.o</name>
      </input_file>
      <input_file id="fl-2b">
         <path>/home/ebad/ti/simplelink_msp432p4_sdk_3_40_01_02/source/ti/devices/msp432p4xx/driverlib/ccs/</path>
         <kind>archive</kind>
         <file>msp432p4xx_driverlib.lib</file>
         <name>interrupt.o</name>
      </input_file>
      <input_file id="fl-2c">
         <path>/home/ebad/ti/simplelink_msp432p4_sdk_3_40_01_02/source/ti/devices/msp432p4xx/driverlib/ccs/</path>
         <kind>archive</kind>
         <file>msp432p4xx_driverlib.lib</file>
         <name>sysctl.o</name>
      </input_file>
      <input_file id="fl-2d">
         <path>/home/ebad/ti/simplelink_msp432p4_sdk_3_40_01_02/source/ti/devices/msp432p4xx/driverlib/ccs/</path>
         <kind>archive</kind>
         <file>msp432p4xx_driverlib.lib</file>
         <name>sysctl_a.o</name>
      </input_file>
      <input_file id="fl-2e">
         <path>/home/ebad/ti/simplelink_msp432p4_sdk_3_40_01_02/source/ti/devices/msp432p4xx/driverlib/ccs/</path>
         <kind>archive</kind>
         <file>msp432p4xx_driverlib.lib</file>
         <name>uart.o</name>
      </input_file>
      <input_file id="fl-2f">
         <path>/home/ebad/ti/simplelink_msp432p4_sdk_3_40_01_02/source/ti/devices/msp432p4xx/driverlib/ccs/</path>
         <kind>archive</kind>
         <file>msp432p4xx_driverlib.lib</file>
         <name>cpu.o</name>
      </input_file>
      <input_file id="fl-e5">
         <path>/home/ebad/ti/ccs1020/ccs/tools/compiler/ti-cgt-arm_20.2.2.LTS/lib/</path>
         <kind>archive</kind>
         <file>rtsv7M4_T_le_v4SPD16_eabi.lib</file>
         <name>fd_add_t2.asm.obj</name>
      </input_file>
      <input_file id="fl-e6">
         <path>/home/ebad/ti/ccs1020/ccs/tools/compiler/ti-cgt-arm_20.2.2.LTS/lib/</path>
         <kind>archive</kind>
         <file>rtsv7M4_T_le_v4SPD16_eabi.lib</file>
         <name>fd_cmp_t2.asm.obj</name>
      </input_file>
      <input_file id="fl-e7">
         <path>/home/ebad/ti/ccs1020/ccs/tools/compiler/ti-cgt-arm_20.2.2.LTS/lib/</path>
         <kind>archive</kind>
         <file>rtsv7M4_T_le_v4SPD16_eabi.lib</file>
         <name>fd_div_t2.asm.obj</name>
      </input_file>
      <input_file id="fl-e8">
         <path>/home/ebad/ti/ccs1020/ccs/tools/compiler/ti-cgt-arm_20.2.2.LTS/lib/</path>
         <kind>archive</kind>
         <file>rtsv7M4_T_le_v4SPD16_eabi.lib</file>
         <name>fd_mul_t2.asm.obj</name>
      </input_file>
      <input_file id="fl-e9">
         <path>/home/ebad/ti/ccs1020/ccs/tools/compiler/ti-cgt-arm_20.2.2.LTS/lib/</path>
         <kind>archive</kind>
         <file>rtsv7M4_T_le_v4SPD16_eabi.lib</file>
         <name>fd_toi_t2.asm.obj</name>
      </input_file>
      <input_file id="fl-ea">
         <path>/home/ebad/ti/ccs1020/ccs/tools/compiler/ti-cgt-arm_20.2.2.LTS/lib/</path>
         <kind>archive</kind>
         <file>rtsv7M4_T_le_v4SPD16_eabi.lib</file>
         <name>fd_tou_t2.asm.obj</name>
      </input_file>
      <input_file id="fl-eb">
         <path>/home/ebad/ti/ccs1020/ccs/tools/compiler/ti-cgt-arm_20.2.2.LTS/lib/</path>
         <kind>archive</kind>
         <file>rtsv7M4_T_le_v4SPD16_eabi.lib</file>
         <name>i_tofd_t2.asm.obj</name>
      </input_file>
      <input_file id="fl-ec">
         <path>/home/ebad/ti/ccs1020/ccs/tools/compiler/ti-cgt-arm_20.2.2.LTS/lib/</path>
         <kind>archive</kind>
         <file>rtsv7M4_T_le_v4SPD16_eabi.lib</file>
         <name>memcpy_t2.asm.obj</name>
      </input_file>
      <input_file id="fl-ed">
         <path>/home/ebad/ti/ccs1020/ccs/tools/compiler/ti-cgt-arm_20.2.2.LTS/lib/</path>
         <kind>archive</kind>
         <file>rtsv7M4_T_le_v4SPD16_eabi.lib</file>
         <name>u_tofd_t2.asm.obj</name>
      </input_file>
      <input_file id="fl-ee">
         <path>/home/ebad/ti/ccs1020/ccs/tools/compiler/ti-cgt-arm_20.2.2.LTS/lib/</path>
         <kind>archive</kind>
         <file>rtsv7M4_T_le_v4SPD16_eabi.lib</file>
         <name>ull_div_t2.asm.obj</name>
      </input_file>
      <input_file id="fl-ef">
         <path>/home/ebad/ti/ccs1020/ccs/tools/compiler/ti-cgt-arm_20.2.2.LTS/lib/</path>
         <kind>archive</kind>
         <file>rtsv7M4_T_le_v4SPD16_eabi.lib</file>
         <name>u_divt2.asm.obj</name>
      </input_file>
      <input_file id="fl-f0">
         <path>/home/ebad/ti/ccs1020/ccs/tools/compiler/ti-cgt-arm_20.2.2.LTS/lib/</path>
         <kind>archive</kind>
         <file>rtsv7M4_T_le_v4SPD16_eabi.lib</file>
         <name>copy_zero_init.c.obj</name>
      </input_file>
      <input_file id="fl-f1">
         <path>/home/ebad/ti/ccs1020/ccs/tools/compiler/ti-cgt-arm_20.2.2.LTS/lib/</path>
         <kind>archive</kind>
         <file>rtsv7M4_T_le_v4SPD16_eabi.lib</file>
         <name>copy_decompress_none.c.obj</name>
      </input_file>
      <input_file id="fl-f2">
         <path>/home/ebad/ti/ccs1020/ccs/tools/compiler/ti-cgt-arm_20.2.2.LTS/lib/</path>
         <kind>archive</kind>
         <file>rtsv7M4_T_le_v4SPD16_eabi.lib</file>
         <name>copy_decompress_lzss.c.obj</name>
      </input_file>
      <input_file id="fl-f3">
         <path>/home/ebad/ti/ccs1020/ccs/tools/compiler/ti-cgt-arm_20.2.2.LTS/lib/</path>
         <kind>archive</kind>
         <file>rtsv7M4_T_le_v4SPD16_eabi.lib</file>
         <name>memory.c.obj</name>
      </input_file>
      <input_file id="fl-f4">
         <path>/home/ebad/ti/ccs1020/ccs/tools/compiler/ti-cgt-arm_20.2.2.LTS/lib/</path>
         <kind>archive</kind>
         <file>rtsv7M4_T_le_v4SPD16_eabi.lib</file>
         <name>strlen.c.obj</name>
      </input_file>
      <input_file id="fl-f5">
         <path>/home/ebad/ti/ccs1020/ccs/tools/compiler/ti-cgt-arm_20.2.2.LTS/lib/</path>
         <kind>archive</kind>
         <file>rtsv7M4_T_le_v4SPD16_eabi.lib</file>
         <name>boot_cortex_m.c.obj</name>
      </input_file>
      <input_file id="fl-f6">
         <path>/home/ebad/ti/ccs1020/ccs/tools/compiler/ti-cgt-arm_20.2.2.LTS/lib/</path>
         <kind>archive</kind>
         <file>rtsv7M4_T_le_v4SPD16_eabi.lib</file>
         <name>div0.asm.obj</name>
      </input_file>
      <input_file id="fl-f7">
         <path>/home/ebad/ti/ccs1020/ccs/tools/compiler/ti-cgt-arm_20.2.2.LTS/lib/</path>
         <kind>archive</kind>
         <file>rtsv7M4_T_le_v4SPD16_eabi.lib</file>
         <name>memset_t2.asm.obj</name>
      </input_file>
      <input_file id="fl-f8">
         <path>/home/ebad/ti/ccs1020/ccs/tools/compiler/ti-cgt-arm_20.2.2.LTS/lib/</path>
         <kind>archive</kind>
         <file>rtsv7M4_T_le_v4SPD16_eabi.lib</file>
         <name>autoinit.c.obj</name>
      </input_file>
      <input_file id="fl-f9">
         <path>/home/ebad/ti/ccs1020/ccs/tools/compiler/ti-cgt-arm_20.2.2.LTS/lib/</path>
         <kind>archive</kind>
         <file>rtsv7M4_T_le_v4SPD16_eabi.lib</file>
         <name>pre_init.c.obj</name>
      </input_file>
      <input_file id="fl-fa">
         <path>/home/ebad/ti/ccs1020/ccs/tools/compiler/ti-cgt-arm_20.2.2.LTS/lib/</path>
         <kind>archive</kind>
         <file>rtsv7M4_T_le_v4SPD16_eabi.lib</file>
         <name>cpy_tbl.c.obj</name>
      </input_file>
      <input_file id="fl-fb">
         <path>/home/ebad/ti/ccs1020/ccs/tools/compiler/ti-cgt-arm_20.2.2.LTS/lib/</path>
         <kind>archive</kind>
         <file>rtsv7M4_T_le_v4SPD16_eabi.lib</file>
         <name>exit.c.obj</name>
      </input_file>
      <input_file id="fl-fc">
         <path>/home/ebad/ti/ccs1020/ccs/tools/compiler/ti-cgt-arm_20.2.2.LTS/lib/</path>
         <kind>archive</kind>
         <file>rtsv7M4_T_le_v4SPD16_eabi.lib</file>
         <name>_lock.c.obj</name>
      </input_file>
      <input_file id="fl-fd">
         <path>/home/ebad/ti/ccs1020/ccs/tools/compiler/ti-cgt-arm_20.2.2.LTS/lib/</path>
         <kind>archive</kind>
         <file>rtsv7M4_T_le_v4SPD16_eabi.lib</file>
         <name>args_main.c.obj</name>
      </input_file>
   </input_file_list>
   <object_component_list>
      <object_component id="oc-87f">
         <name>.text:doPrint</name>
         <load_address>0x144</load_address>
         <run_address>0x144</run_address>
         <size>0x2d8</size>
         <input_file_ref idref="fl-21"/>
      </object_component>
      <object_component id="oc-93f">
         <name>.text:UARTMSP432_open</name>
         <load_address>0x41c</load_address>
         <run_address>0x41c</run_address>
         <size>0x2d0</size>
         <input_file_ref idref="fl-19"/>
      </object_component>
      <object_component id="oc-25a">
         <name>.text:initPerfControl</name>
         <load_address>0x6ec</load_address>
         <run_address>0x6ec</run_address>
         <size>0x288</size>
         <input_file_ref idref="fl-17"/>
      </object_component>
      <object_component id="oc-68f">
         <name>.text:I2CMSP432_open</name>
         <load_address>0x974</load_address>
         <run_address>0x974</run_address>
         <size>0x1f8</size>
         <input_file_ref idref="fl-16"/>
      </object_component>
      <object_component id="oc-11c">
         <name>.text:mainThread</name>
         <load_address>0xb6c</load_address>
         <run_address>0xb6c</run_address>
         <size>0x1e8</size>
         <input_file_ref idref="fl-4"/>
      </object_component>
      <object_component id="oc-307">
         <name>.text:VL53L1X_SetTimingBudgetInMs</name>
         <load_address>0xd54</load_address>
         <run_address>0xd54</run_address>
         <size>0x1c6</size>
         <input_file_ref idref="fl-5"/>
      </object_component>
      <object_component id="oc-8f7">
         <name>.text</name>
         <load_address>0xf1a</load_address>
         <run_address>0xf1a</run_address>
         <size>0x1b6</size>
         <input_file_ref idref="fl-e5"/>
      </object_component>
      <object_component id="oc-7f8">
         <name>.text:I2CMSP432_hwiIntFxn</name>
         <load_address>0x10d0</load_address>
         <run_address>0x10d0</run_address>
         <size>0x184</size>
         <input_file_ref idref="fl-16"/>
      </object_component>
      <object_component id="oc-2a3">
         <name>.text:GPIO_setConfig</name>
         <load_address>0x1254</load_address>
         <run_address>0x1254</run_address>
         <size>0x170</size>
         <input_file_ref idref="fl-14"/>
      </object_component>
      <object_component id="oc-325">
         <name>.text</name>
         <load_address>0x13c4</load_address>
         <run_address>0x13c4</run_address>
         <size>0x136</size>
         <input_file_ref idref="fl-e7"/>
      </object_component>
      <object_component id="oc-193">
         <name>.text:Board_initHook</name>
         <load_address>0x14fa</load_address>
         <run_address>0x14fa</run_address>
         <size>0x2</size>
         <input_file_ref idref="fl-2"/>
      </object_component>
      <object_component id="oc-a03">
         <name>.text:UART_initModule</name>
         <load_address>0x14fc</load_address>
         <run_address>0x14fc</run_address>
         <size>0x11c</size>
         <input_file_ref idref="fl-2e"/>
      </object_component>
      <object_component id="oc-809">
         <name>.text:primeTransfer</name>
         <load_address>0x1618</load_address>
         <run_address>0x1618</run_address>
         <size>0x11c</size>
         <input_file_ref idref="fl-16"/>
      </object_component>
      <object_component id="oc-1e9">
         <name>.text:VL53L1X_SetDistanceMode</name>
         <load_address>0x1734</load_address>
         <run_address>0x1734</run_address>
         <size>0x10e</size>
         <input_file_ref idref="fl-5"/>
      </object_component>
      <object_component id="oc-64c">
         <name>.text:DisplayUartMin_clear</name>
         <load_address>0x1842</load_address>
         <run_address>0x1842</run_address>
         <size>0x2</size>
         <input_file_ref idref="fl-13"/>
      </object_component>
      <object_component id="oc-59b">
         <name>.text:aligned_alloc</name>
         <load_address>0x1844</load_address>
         <run_address>0x1844</run_address>
         <size>0x100</size>
         <input_file_ref idref="fl-f3"/>
      </object_component>
      <object_component id="oc-320">
         <name>.text</name>
         <load_address>0x1944</load_address>
         <run_address>0x1944</run_address>
         <size>0xfc</size>
         <input_file_ref idref="fl-e8"/>
      </object_component>
      <object_component id="oc-695">
         <name>.text:I2CMSP432_transfer</name>
         <load_address>0x1a40</load_address>
         <run_address>0x1a40</run_address>
         <size>0xf0</size>
         <input_file_ref idref="fl-16"/>
      </object_component>
      <object_component id="oc-3c3">
         <name>.text:CS_startHFXTWithTimeout</name>
         <load_address>0x1b30</load_address>
         <run_address>0x1b30</run_address>
         <size>0xe4</size>
         <input_file_ref idref="fl-29"/>
      </object_component>
      <object_component id="oc-3ed">
         <name>.text:free</name>
         <load_address>0x1c14</load_address>
         <run_address>0x1c14</run_address>
         <size>0xe4</size>
         <input_file_ref idref="fl-f3"/>
      </object_component>
      <object_component id="oc-3c9">
         <name>.text:CS_startLFXTWithTimeout</name>
         <load_address>0x1cf8</load_address>
         <run_address>0x1cf8</run_address>
         <size>0xe0</size>
         <input_file_ref idref="fl-29"/>
      </object_component>
      <object_component id="oc-4c3">
         <name>.text:TimerP_construct</name>
         <load_address>0x1dd8</load_address>
         <run_address>0x1dd8</run_address>
         <size>0xe0</size>
         <input_file_ref idref="fl-24"/>
      </object_component>
      <object_component id="oc-94b">
         <name>.text:UARTMSP432_readPolling</name>
         <load_address>0x1eb8</load_address>
         <run_address>0x1eb8</run_address>
         <size>0xdc</size>
         <input_file_ref idref="fl-19"/>
      </object_component>
      <object_component id="oc-574">
         <name>.text:_CSGetHFXTFrequency</name>
         <load_address>0x1f94</load_address>
         <run_address>0x1f94</run_address>
         <size>0xdc</size>
         <input_file_ref idref="fl-29"/>
      </object_component>
      <object_component id="oc-4b7">
         <name>.text:SwiP_construct</name>
         <load_address>0x2070</load_address>
         <run_address>0x2070</run_address>
         <size>0xd8</size>
         <input_file_ref idref="fl-28"/>
      </object_component>
      <object_component id="oc-9bb">
         <name>.text:UARTMSP432_hwiIntFxn</name>
         <load_address>0x2148</load_address>
         <run_address>0x2148</run_address>
         <size>0xca</size>
         <input_file_ref idref="fl-19"/>
      </object_component>
      <object_component id="oc-1ef">
         <name>.text:VL53L1X_GetTimingBudgetInMs</name>
         <load_address>0x2212</load_address>
         <run_address>0x2212</run_address>
         <size>0xb8</size>
         <input_file_ref idref="fl-5"/>
      </object_component>
      <object_component id="oc-652">
         <name>.text:DisplayUartMin_clearLines</name>
         <load_address>0x22ca</load_address>
         <run_address>0x22ca</run_address>
         <size>0x2</size>
         <input_file_ref idref="fl-13"/>
      </object_component>
      <object_component id="oc-315">
         <name>.text:VL53L1_RdDWord</name>
         <load_address>0x22cc</load_address>
         <run_address>0x22cc</run_address>
         <size>0xb8</size>
         <input_file_ref idref="fl-5"/>
      </object_component>
      <object_component id="oc-9af">
         <name>.text:initHw</name>
         <load_address>0x2384</load_address>
         <run_address>0x2384</run_address>
         <size>0xb8</size>
         <input_file_ref idref="fl-19"/>
      </object_component>
      <object_component id="oc-a39">
         <name>.text:readTaskCallback</name>
         <load_address>0x243c</load_address>
         <run_address>0x243c</run_address>
         <size>0xb8</size>
         <input_file_ref idref="fl-19"/>
      </object_component>
      <object_component id="oc-33f">
         <name>.text:ClockP_startup</name>
         <load_address>0x24f4</load_address>
         <run_address>0x24f4</run_address>
         <size>0xb4</size>
         <input_file_ref idref="fl-23"/>
      </object_component>
      <object_component id="oc-933">
         <name>.text:UARTMSP432_control</name>
         <load_address>0x25a8</load_address>
         <run_address>0x25a8</run_address>
         <size>0xb4</size>
         <input_file_ref idref="fl-19"/>
      </object_component>
      <object_component id="oc-95d">
         <name>.text:UARTMSP432_writePolling</name>
         <load_address>0x265c</load_address>
         <run_address>0x265c</run_address>
         <size>0xb4</size>
         <input_file_ref idref="fl-19"/>
      </object_component>
      <object_component id="oc-5e6">
         <name>.text:WatchdogMSP432_open</name>
         <load_address>0x2710</load_address>
         <run_address>0x2710</run_address>
         <size>0xb2</size>
         <input_file_ref idref="fl-1b"/>
      </object_component>
      <object_component id="oc-640">
         <name>.text:DisplayUartMin_init</name>
         <load_address>0x27c2</load_address>
         <run_address>0x27c2</run_address>
         <size>0x2</size>
         <input_file_ref idref="fl-13"/>
      </object_component>
      <object_component id="oc-1dd">
         <name>.text:VL53L1X_SensorInit</name>
         <load_address>0x27c4</load_address>
         <run_address>0x27c4</run_address>
         <size>0xb0</size>
         <input_file_ref idref="fl-5"/>
      </object_component>
      <object_component id="oc-4d5">
         <name>.text:ClockP_workFuncDynamic</name>
         <load_address>0x2874</load_address>
         <run_address>0x2874</run_address>
         <size>0xac</size>
         <input_file_ref idref="fl-23"/>
      </object_component>
      <object_component id="oc-1a7">
         <name>.text:GPIO_init</name>
         <load_address>0x2920</load_address>
         <run_address>0x2920</run_address>
         <size>0xac</size>
         <input_file_ref idref="fl-14"/>
      </object_component>
      <object_component id="oc-677">
         <name>.text:I2CMSP432_cancel</name>
         <load_address>0x29cc</load_address>
         <run_address>0x29cc</run_address>
         <size>0xac</size>
         <input_file_ref idref="fl-16"/>
      </object_component>
      <object_component id="oc-957">
         <name>.text:UARTMSP432_write</name>
         <load_address>0x2a78</load_address>
         <run_address>0x2a78</run_address>
         <size>0xa8</size>
         <input_file_ref idref="fl-19"/>
      </object_component>
      <object_component id="oc-a27">
         <name>.text:readTaskBlocking</name>
         <load_address>0x2b20</load_address>
         <run_address>0x2b20</run_address>
         <size>0xa8</size>
         <input_file_ref idref="fl-19"/>
      </object_component>
      <object_component id="oc-29d">
         <name>.text:SemaphoreP_pend</name>
         <load_address>0x2bc8</load_address>
         <run_address>0x2bc8</run_address>
         <size>0xa0</size>
         <input_file_ref idref="fl-20"/>
      </object_component>
      <object_component id="oc-a3f">
         <name>.text:readIsrTextCallback</name>
         <load_address>0x2c68</load_address>
         <run_address>0x2c68</run_address>
         <size>0xa0</size>
         <input_file_ref idref="fl-19"/>
      </object_component>
      <object_component id="oc-18d">
         <name>.text:Power_init</name>
         <load_address>0x2d08</load_address>
         <run_address>0x2d08</run_address>
         <size>0x9c</size>
         <input_file_ref idref="fl-17"/>
      </object_component>
      <object_component id="oc-823">
         <name>.text:SwiP_dispatch</name>
         <load_address>0x2da4</load_address>
         <run_address>0x2da4</run_address>
         <size>0x9c</size>
         <input_file_ref idref="fl-28"/>
      </object_component>
      <object_component id="oc-3a">
         <name>.text</name>
         <load_address>0x2e40</load_address>
         <run_address>0x2e40</run_address>
         <size>0x9c</size>
         <input_file_ref idref="fl-ec"/>
      </object_component>
      <object_component id="oc-76c">
         <name>.text</name>
         <load_address>0x2edc</load_address>
         <run_address>0x2edc</run_address>
         <size>0x96</size>
         <input_file_ref idref="fl-ee"/>
      </object_component>
      <object_component id="oc-689">
         <name>.text:I2CMSP432_init</name>
         <load_address>0x2f72</load_address>
         <run_address>0x2f72</run_address>
         <size>0x2</size>
         <input_file_ref idref="fl-16"/>
      </object_component>
      <object_component id="oc-30e">
         <name>.text:VL53L1_RdWord</name>
         <load_address>0x2f74</load_address>
         <run_address>0x2f74</run_address>
         <size>0x94</size>
         <input_file_ref idref="fl-5"/>
      </object_component>
      <object_component id="oc-92d">
         <name>.text:UARTMSP432_close</name>
         <load_address>0x3008</load_address>
         <run_address>0x3008</run_address>
         <size>0x92</size>
         <input_file_ref idref="fl-19"/>
      </object_component>
      <object_component id="oc-a17">
         <name>.text:writeData</name>
         <load_address>0x309a</load_address>
         <run_address>0x309a</run_address>
         <size>0x92</size>
         <input_file_ref idref="fl-19"/>
      </object_component>
      <object_component id="oc-301">
         <name>.text:VL53L1_WrWord</name>
         <load_address>0x312c</load_address>
         <run_address>0x312c</run_address>
         <size>0x90</size>
         <input_file_ref idref="fl-5"/>
      </object_component>
      <object_component id="oc-a2d">
         <name>.text:readIsrTextBlocking</name>
         <load_address>0x31bc</load_address>
         <run_address>0x31bc</run_address>
         <size>0x8c</size>
         <input_file_ref idref="fl-19"/>
      </object_component>
      <object_component id="oc-8ed">
         <name>.text:__aeabi_cdcmple</name>
         <load_address>0x3248</load_address>
         <run_address>0x3248</run_address>
         <size>0x86</size>
         <input_file_ref idref="fl-e6"/>
      </object_component>
      <object_component id="oc-8d6">
         <name>.text:IntDefaultHandler</name>
         <load_address>0x32ce</load_address>
         <run_address>0x32ce</run_address>
         <size>0x2</size>
         <input_file_ref idref="fl-2b"/>
      </object_component>
      <object_component id="oc-338">
         <name>.text:VL53L1_RdByte</name>
         <load_address>0x32d0</load_address>
         <run_address>0x32d0</run_address>
         <size>0x84</size>
         <input_file_ref idref="fl-5"/>
      </object_component>
      <object_component id="oc-41d">
         <name>.text:ClockP_start</name>
         <load_address>0x3354</load_address>
         <run_address>0x3354</run_address>
         <size>0x80</size>
         <input_file_ref idref="fl-23"/>
      </object_component>
      <object_component id="oc-85a">
         <name>.text:Interrupt_disableInterrupt</name>
         <load_address>0x33d4</load_address>
         <run_address>0x33d4</run_address>
         <size>0x80</size>
         <input_file_ref idref="fl-2b"/>
      </object_component>
      <object_component id="oc-5ae">
         <name>.text:Interrupt_enableInterrupt</name>
         <load_address>0x3454</load_address>
         <run_address>0x3454</run_address>
         <size>0x80</size>
         <input_file_ref idref="fl-2b"/>
      </object_component>
      <object_component id="oc-1f5">
         <name>.text:VL53L1X_GetInterMeasurementInMs</name>
         <load_address>0x34d4</load_address>
         <run_address>0x34d4</run_address>
         <size>0x80</size>
         <input_file_ref idref="fl-5"/>
      </object_component>
      <object_component id="oc-2e6">
         <name>.text:VL53L1_WrByte</name>
         <load_address>0x3554</load_address>
         <run_address>0x3554</run_address>
         <size>0x80</size>
         <input_file_ref idref="fl-5"/>
      </object_component>
      <object_component id="oc-90">
         <name>.text</name>
         <load_address>0x35d4</load_address>
         <run_address>0x35d4</run_address>
         <size>0x7a</size>
         <input_file_ref idref="fl-f7"/>
      </object_component>
      <object_component id="oc-3cf">
         <name>.text:PowerMSP432_updateFreqs</name>
         <load_address>0x364e</load_address>
         <run_address>0x364e</run_address>
         <size>0x2</size>
         <input_file_ref idref="fl-22"/>
      </object_component>
      <object_component id="oc-6e3">
         <name>.text:ClockP_walkQueueDynamic</name>
         <load_address>0x3650</load_address>
         <run_address>0x3650</run_address>
         <size>0x78</size>
         <input_file_ref idref="fl-23"/>
      </object_component>
      <object_component id="oc-67d">
         <name>.text:I2CMSP432_close</name>
         <load_address>0x36c8</load_address>
         <run_address>0x36c8</run_address>
         <size>0x76</size>
         <input_file_ref idref="fl-16"/>
      </object_component>
      <object_component id="oc-4fd">
         <name>.text:SemaphoreP_destruct</name>
         <load_address>0x373e</load_address>
         <run_address>0x373e</run_address>
         <size>0x2</size>
         <input_file_ref idref="fl-20"/>
      </object_component>
      <object_component id="oc-3e7">
         <name>.text:HwiP_construct</name>
         <load_address>0x3740</load_address>
         <run_address>0x3740</run_address>
         <size>0x70</size>
         <input_file_ref idref="fl-25"/>
      </object_component>
      <object_component id="oc-963">
         <name>.text:UARTMSP432_writeCancel</name>
         <load_address>0x37b0</load_address>
         <run_address>0x37b0</run_address>
         <size>0x70</size>
         <input_file_ref idref="fl-19"/>
      </object_component>
      <object_component id="oc-725">
         <name>.text:split</name>
         <load_address>0x3820</load_address>
         <run_address>0x3820</run_address>
         <size>0x70</size>
         <input_file_ref idref="fl-f3"/>
      </object_component>
      <object_component id="oc-901">
         <name>.text:formatNum</name>
         <load_address>0x3890</load_address>
         <run_address>0x3890</run_address>
         <size>0x6d</size>
         <input_file_ref idref="fl-21"/>
      </object_component>
      <object_component id="oc-939">
         <name>.text:UARTMSP432_init</name>
         <load_address>0x38fe</load_address>
         <run_address>0x38fe</run_address>
         <size>0x2</size>
         <input_file_ref idref="fl-19"/>
      </object_component>
      <object_component id="oc-8ac">
         <name>.text:I2C_masterSendMultiByteFinish</name>
         <load_address>0x3900</load_address>
         <run_address>0x3900</run_address>
         <size>0x6c</size>
         <input_file_ref idref="fl-2a"/>
      </object_component>
      <object_component id="oc-615">
         <name>.text:TimerP_getCurrentTick</name>
         <load_address>0x396c</load_address>
         <run_address>0x396c</run_address>
         <size>0x6c</size>
         <input_file_ref idref="fl-24"/>
      </object_component>
      <object_component id="oc-20d">
         <name>.text:ClockP_usleep</name>
         <load_address>0x39d8</load_address>
         <run_address>0x39d8</run_address>
         <size>0x68</size>
         <input_file_ref idref="fl-23"/>
      </object_component>
      <object_component id="oc-447">
         <name>.text:GPIO_hwiIntFxn</name>
         <load_address>0x3a40</load_address>
         <run_address>0x3a40</run_address>
         <size>0x68</size>
         <input_file_ref idref="fl-14"/>
      </object_component>
      <object_component id="oc-8ca">
         <name>.text:Interrupt_pendInterrupt</name>
         <load_address>0x3aa8</load_address>
         <run_address>0x3aa8</run_address>
         <size>0x68</size>
         <input_file_ref idref="fl-2b"/>
      </object_component>
      <object_component id="oc-7c7">
         <name>.text:PowerMSP432_getFreqs</name>
         <load_address>0x3b10</load_address>
         <run_address>0x3b10</run_address>
         <size>0x68</size>
         <input_file_ref idref="fl-17"/>
      </object_component>
      <object_component id="oc-6ea">
         <name>.text:SwiP_post</name>
         <load_address>0x3b78</load_address>
         <run_address>0x3b78</run_address>
         <size>0x68</size>
         <input_file_ref idref="fl-28"/>
      </object_component>
      <object_component id="oc-12">
         <name>.text:decompress:lzss:__TI_decompress_lzss</name>
         <load_address>0x3be0</load_address>
         <run_address>0x3be0</run_address>
         <size>0x68</size>
         <input_file_ref idref="fl-f2"/>
      </object_component>
      <object_component id="oc-7cd">
         <name>.text:initHw</name>
         <load_address>0x3c48</load_address>
         <run_address>0x3c48</run_address>
         <size>0x68</size>
         <input_file_ref idref="fl-16"/>
      </object_component>
      <object_component id="oc-2a9">
         <name>.text:GPIO_setCallback</name>
         <load_address>0x3cb0</load_address>
         <run_address>0x3cb0</run_address>
         <size>0x60</size>
         <input_file_ref idref="fl-14"/>
      </object_component>
      <object_component id="oc-1bf">
         <name>.text:Display_doOpen</name>
         <load_address>0x3d10</load_address>
         <run_address>0x3d10</run_address>
         <size>0x5c</size>
         <input_file_ref idref="fl-12"/>
      </object_component>
      <object_component id="oc-5a2">
         <name>.text:Interrupt_registerInterrupt</name>
         <load_address>0x3d6c</load_address>
         <run_address>0x3d6c</run_address>
         <size>0x5c</size>
         <input_file_ref idref="fl-2b"/>
      </object_component>
      <object_component id="oc-201">
         <name>.text:GPIO_write</name>
         <load_address>0x3dc8</load_address>
         <run_address>0x3dc8</run_address>
         <size>0x58</size>
         <input_file_ref idref="fl-14"/>
      </object_component>
      <object_component id="oc-6d7">
         <name>.text:TimerP_dynamicStub</name>
         <load_address>0x3e20</load_address>
         <run_address>0x3e20</run_address>
         <size>0x58</size>
         <input_file_ref idref="fl-24"/>
      </object_component>
      <object_component id="oc-a21">
         <name>.text:readIsrBinaryBlocking</name>
         <load_address>0x3e78</load_address>
         <run_address>0x3e78</run_address>
         <size>0x58</size>
         <input_file_ref idref="fl-19"/>
      </object_component>
      <object_component id="oc-8a6">
         <name>.text:completeTransfer</name>
         <load_address>0x3ed0</load_address>
         <run_address>0x3ed0</run_address>
         <size>0x56</size>
         <input_file_ref idref="fl-16"/>
      </object_component>
      <object_component id="oc-387">
         <name>.text:_nop</name>
         <load_address>0x3f26</load_address>
         <run_address>0x3f26</run_address>
         <size>0x2</size>
         <input_file_ref idref="fl-fc"/>
      </object_component>
      <object_component id="oc-5a8">
         <name>.text:Interrupt_setPriority</name>
         <load_address>0x3f28</load_address>
         <run_address>0x3f28</run_address>
         <size>0x54</size>
         <input_file_ref idref="fl-2b"/>
      </object_component>
      <object_component id="oc-345">
         <name>.text:TimerP_getCount64</name>
         <load_address>0x3f7c</load_address>
         <run_address>0x3f7c</run_address>
         <size>0x54</size>
         <input_file_ref idref="fl-24"/>
      </object_component>
      <object_component id="oc-207">
         <name>.text:VL53L1X_CheckForDataReady</name>
         <load_address>0x3fd0</load_address>
         <run_address>0x3fd0</run_address>
         <size>0x54</size>
         <input_file_ref idref="fl-5"/>
      </object_component>
      <object_component id="oc-4f7">
         <name>.text:SemaphoreP_construct</name>
         <load_address>0x4024</load_address>
         <run_address>0x4024</run_address>
         <size>0x50</size>
         <input_file_ref idref="fl-20"/>
      </object_component>
      <object_component id="oc-f6">
         <name>.text:main</name>
         <load_address>0x4074</load_address>
         <run_address>0x4074</run_address>
         <size>0x4c</size>
         <input_file_ref idref="fl-3"/>
      </object_component>
      <object_component id="oc-a33">
         <name>.text:readIsrBinaryCallback</name>
         <load_address>0x40c0</load_address>
         <run_address>0x40c0</run_address>
         <size>0x4c</size>
         <input_file_ref idref="fl-19"/>
      </object_component>
      <object_component id="oc-646">
         <name>.text:DisplayUartMin_open</name>
         <load_address>0x410c</load_address>
         <run_address>0x410c</run_address>
         <size>0x4a</size>
         <input_file_ref idref="fl-13"/>
      </object_component>
      <object_component id="oc-6c">
         <name>.text:busFaultISR</name>
         <load_address>0x4156</load_address>
         <run_address>0x4156</run_address>
         <size>0x2</size>
         <input_file_ref idref="fl-26"/>
      </object_component>
      <object_component id="oc-9fb">
         <name>.text:ClockP_construct</name>
         <load_address>0x4158</load_address>
         <run_address>0x4158</run_address>
         <size>0x48</size>
         <input_file_ref idref="fl-23"/>
      </object_component>
      <object_component id="oc-74a">
         <name>.text:Power_releaseConstraint</name>
         <load_address>0x41a0</load_address>
         <run_address>0x41a0</run_address>
         <size>0x48</size>
         <input_file_ref idref="fl-17"/>
      </object_component>
      <object_component id="oc-32a">
         <name>.text</name>
         <load_address>0x41e8</load_address>
         <run_address>0x41e8</run_address>
         <size>0x48</size>
         <input_file_ref idref="fl-e9"/>
      </object_component>
      <object_component id="oc-658">
         <name>.text:DisplayUartMin_vprintf</name>
         <load_address>0x4230</load_address>
         <run_address>0x4230</run_address>
         <size>0x46</size>
         <input_file_ref idref="fl-13"/>
      </object_component>
      <object_component id="oc-a56">
         <name>.text:RingBuf_put</name>
         <load_address>0x4276</load_address>
         <run_address>0x4276</run_address>
         <size>0x46</size>
         <input_file_ref idref="fl-1d"/>
      </object_component>
      <object_component id="oc-1cb">
         <name>.text:I2C_init</name>
         <load_address>0x42bc</load_address>
         <run_address>0x42bc</run_address>
         <size>0x44</size>
         <input_file_ref idref="fl-15"/>
      </object_component>
      <object_component id="oc-2af">
         <name>.text:SemaphoreP_post</name>
         <load_address>0x4300</load_address>
         <run_address>0x4300</run_address>
         <size>0x44</size>
         <input_file_ref idref="fl-20"/>
      </object_component>
      <object_component id="oc-6cb">
         <name>.text:TimerP_start</name>
         <load_address>0x4344</load_address>
         <run_address>0x4344</run_address>
         <size>0x44</size>
         <input_file_ref idref="fl-24"/>
      </object_component>
      <object_component id="oc-78e">
         <name>.text:UART_init</name>
         <load_address>0x4388</load_address>
         <run_address>0x4388</run_address>
         <size>0x44</size>
         <input_file_ref idref="fl-18"/>
      </object_component>
      <object_component id="oc-332">
         <name>.text:VL53L1X_GetInterruptPolarity</name>
         <load_address>0x43cc</load_address>
         <run_address>0x43cc</run_address>
         <size>0x44</size>
         <input_file_ref idref="fl-5"/>
      </object_component>
      <object_component id="oc-1a1">
         <name>.text:Watchdog_init</name>
         <load_address>0x4410</load_address>
         <run_address>0x4410</run_address>
         <size>0x44</size>
         <input_file_ref idref="fl-1a"/>
      </object_component>
      <object_component id="oc-12f">
         <name>.text:__TI_auto_init_nobinit_nopinit:__TI_auto_init_nobinit_nopinit</name>
         <load_address>0x4454</load_address>
         <run_address>0x4454</run_address>
         <size>0x44</size>
         <input_file_ref idref="fl-f8"/>
      </object_component>
      <object_component id="oc-7f2">
         <name>.text:perfChangeNotifyFxn</name>
         <load_address>0x4498</load_address>
         <run_address>0x4498</run_address>
         <size>0x44</size>
         <input_file_ref idref="fl-16"/>
      </object_component>
      <object_component id="oc-8fc">
         <name>.text</name>
         <load_address>0x44dc</load_address>
         <run_address>0x44dc</run_address>
         <size>0x44</size>
         <input_file_ref idref="fl-ea"/>
      </object_component>
      <object_component id="oc-1d7">
         <name>.text:I2C_open</name>
         <load_address>0x4520</load_address>
         <run_address>0x4520</run_address>
         <size>0x40</size>
         <input_file_ref idref="fl-15"/>
      </object_component>
      <object_component id="oc-9dc">
         <name>.text:RingBuf_get</name>
         <load_address>0x4560</load_address>
         <run_address>0x4560</run_address>
         <size>0x40</size>
         <input_file_ref idref="fl-1d"/>
      </object_component>
      <object_component id="oc-772">
         <name>.text:TimerP_setNextTick</name>
         <load_address>0x45a0</load_address>
         <run_address>0x45a0</run_address>
         <size>0x40</size>
         <input_file_ref idref="fl-24"/>
      </object_component>
      <object_component id="oc-945">
         <name>.text:UARTMSP432_read</name>
         <load_address>0x45e0</load_address>
         <run_address>0x45e0</run_address>
         <size>0x40</size>
         <input_file_ref idref="fl-19"/>
      </object_component>
      <object_component id="oc-794">
         <name>.text:UART_open</name>
         <load_address>0x4620</load_address>
         <run_address>0x4620</run_address>
         <size>0x40</size>
         <input_file_ref idref="fl-18"/>
      </object_component>
      <object_component id="oc-1b9">
         <name>.text:Watchdog_open</name>
         <load_address>0x4660</load_address>
         <run_address>0x4660</run_address>
         <size>0x40</size>
         <input_file_ref idref="fl-1a"/>
      </object_component>
      <object_component id="oc-9b5">
         <name>.text:perfChangeNotifyFxn</name>
         <load_address>0x46a0</load_address>
         <run_address>0x46a0</run_address>
         <size>0x40</size>
         <input_file_ref idref="fl-19"/>
      </object_component>
      <object_component id="oc-977">
         <name>.text</name>
         <load_address>0x46e0</load_address>
         <run_address>0x46e0</run_address>
         <size>0x40</size>
         <input_file_ref idref="fl-ef"/>
      </object_component>
      <object_component id="oc-6bf">
         <name>.text:TimerP_initDevice</name>
         <load_address>0x4720</load_address>
         <run_address>0x4720</run_address>
         <size>0x3c</size>
         <input_file_ref idref="fl-24"/>
      </object_component>
      <object_component id="oc-49b">
         <name>.text:VL53L1X_GetDistanceMode</name>
         <load_address>0x475c</load_address>
         <run_address>0x475c</run_address>
         <size>0x3c</size>
         <input_file_ref idref="fl-5"/>
      </object_component>
      <object_component id="oc-21f">
         <name>.text:GPIO_toggle</name>
         <load_address>0x4798</load_address>
         <run_address>0x4798</run_address>
         <size>0x38</size>
         <input_file_ref idref="fl-14"/>
      </object_component>
      <object_component id="oc-753">
         <name>.text:Power_setConstraint</name>
         <load_address>0x47d0</load_address>
         <run_address>0x47d0</run_address>
         <size>0x38</size>
         <input_file_ref idref="fl-17"/>
      </object_component>
      <object_component id="oc-5d4">
         <name>.text:WatchdogMSP432_close</name>
         <load_address>0x4808</load_address>
         <run_address>0x4808</run_address>
         <size>0x38</size>
         <input_file_ref idref="fl-1b"/>
      </object_component>
      <object_component id="oc-951">
         <name>.text:UARTMSP432_readCancel</name>
         <load_address>0x4840</load_address>
         <run_address>0x4840</run_address>
         <size>0x36</size>
         <input_file_ref idref="fl-19"/>
      </object_component>
      <object_component id="oc-435">
         <name>.text:clkFxn</name>
         <load_address>0x4876</load_address>
         <run_address>0x4876</run_address>
         <size>0x2</size>
         <input_file_ref idref="fl-20"/>
      </object_component>
      <object_component id="oc-a8">
         <name>.text:_c_int00_noargs:_c_int00_noargs</name>
         <load_address>0x4878</load_address>
         <run_address>0x4878</run_address>
         <size>0x34</size>
         <input_file_ref idref="fl-f5"/>
      </object_component>
      <object_component id="oc-7dd">
         <name>.text:mapPin</name>
         <load_address>0x48ac</load_address>
         <run_address>0x48ac</run_address>
         <size>0x30</size>
         <input_file_ref idref="fl-16"/>
      </object_component>
      <object_component id="oc-991">
         <name>.text:mapPin</name>
         <load_address>0x48dc</load_address>
         <run_address>0x48dc</run_address>
         <size>0x30</size>
         <input_file_ref idref="fl-19"/>
      </object_component>
      <object_component id="oc-8f2">
         <name>.text</name>
         <load_address>0x490c</load_address>
         <run_address>0x490c</run_address>
         <size>0x2e</size>
         <input_file_ref idref="fl-eb"/>
      </object_component>
      <object_component id="oc-1c5">
         <name>.text:Display_doPrintf</name>
         <load_address>0x493a</load_address>
         <run_address>0x493a</run_address>
         <size>0x2a</size>
         <input_file_ref idref="fl-12"/>
      </object_component>
      <object_component id="oc-266">
         <name>.text:HwiP_create</name>
         <load_address>0x4964</load_address>
         <run_address>0x4964</run_address>
         <size>0x2a</size>
         <input_file_ref idref="fl-25"/>
      </object_component>
      <object_component id="oc-66">
         <name>.text:defaultISR</name>
         <load_address>0x498e</load_address>
         <run_address>0x498e</run_address>
         <size>0x2</size>
         <input_file_ref idref="fl-26"/>
      </object_component>
      <object_component id="oc-1ad">
         <name>.text:Display_doInit</name>
         <load_address>0x4990</load_address>
         <run_address>0x4990</run_address>
         <size>0x28</size>
         <input_file_ref idref="fl-12"/>
      </object_component>
      <object_component id="oc-7e9">
         <name>.text:Power_registerNotify</name>
         <load_address>0x49b8</load_address>
         <run_address>0x49b8</run_address>
         <size>0x28</size>
         <input_file_ref idref="fl-17"/>
      </object_component>
      <object_component id="oc-213">
         <name>.text:VL53L1X_GetDistance</name>
         <load_address>0x49e0</load_address>
         <run_address>0x49e0</run_address>
         <size>0x28</size>
         <input_file_ref idref="fl-5"/>
      </object_component>
      <object_component id="oc-3bd">
         <name>.text:disableFaultCounter</name>
         <load_address>0x4a08</load_address>
         <run_address>0x4a08</run_address>
         <size>0x28</size>
         <input_file_ref idref="fl-17"/>
      </object_component>
      <object_component id="oc-997">
         <name>.text:findBaudDividerIndex</name>
         <load_address>0x4a30</load_address>
         <run_address>0x4a30</run_address>
         <size>0x28</size>
         <input_file_ref idref="fl-19"/>
      </object_component>
      <object_component id="oc-5c7">
         <name>.text:free_list_insert</name>
         <load_address>0x4a58</load_address>
         <run_address>0x4a58</run_address>
         <size>0x28</size>
         <input_file_ref idref="fl-f3"/>
      </object_component>
      <object_component id="oc-89c">
         <name>.text:List_put</name>
         <load_address>0x4a80</load_address>
         <run_address>0x4a80</run_address>
         <size>0x26</size>
         <input_file_ref idref="fl-1c"/>
      </object_component>
      <object_component id="oc-893">
         <name>.text:List_remove</name>
         <load_address>0x4aa6</load_address>
         <run_address>0x4aa6</run_address>
         <size>0x26</size>
         <input_file_ref idref="fl-1c"/>
      </object_component>
      <object_component id="oc-621">
         <name>.text:ClockP_getTicks</name>
         <load_address>0x4acc</load_address>
         <run_address>0x4acc</run_address>
         <size>0x24</size>
         <input_file_ref idref="fl-23"/>
      </object_component>
      <object_component id="oc-61b">
         <name>.text:ClockP_scheduleNextTick</name>
         <load_address>0x4af0</load_address>
         <run_address>0x4af0</run_address>
         <size>0x24</size>
         <input_file_ref idref="fl-23"/>
      </object_component>
      <object_component id="oc-5b4">
         <name>.text:HwiP_dispatch</name>
         <load_address>0x4b14</load_address>
         <run_address>0x4b14</run_address>
         <size>0x24</size>
         <input_file_ref idref="fl-25"/>
      </object_component>
      <object_component id="oc-34b">
         <name>.text:sleepTicks</name>
         <load_address>0x4b38</load_address>
         <run_address>0x4b38</run_address>
         <size>0x24</size>
         <input_file_ref idref="fl-23"/>
      </object_component>
      <object_component id="oc-3b7">
         <name>.text:CS_setExternalClockSourceFrequency</name>
         <load_address>0x4b5c</load_address>
         <run_address>0x4b5c</run_address>
         <size>0x20</size>
         <input_file_ref idref="fl-29"/>
      </object_component>
      <object_component id="oc-417">
         <name>.text:ClockP_add</name>
         <load_address>0x4b7c</load_address>
         <run_address>0x4b7c</run_address>
         <size>0x20</size>
         <input_file_ref idref="fl-23"/>
      </object_component>
      <object_component id="oc-7d4">
         <name>.text:Power_unregisterNotify</name>
         <load_address>0x4b9c</load_address>
         <run_address>0x4b9c</run_address>
         <size>0x20</size>
         <input_file_ref idref="fl-17"/>
      </object_component>
      <object_component id="oc-60e">
         <name>.text:QueueP_put</name>
         <load_address>0x4bbc</load_address>
         <run_address>0x4bbc</run_address>
         <size>0x20</size>
         <input_file_ref idref="fl-27"/>
      </object_component>
      <object_component id="oc-989">
         <name>.text:RingBuf_peek</name>
         <load_address>0x4bdc</load_address>
         <run_address>0x4bdc</run_address>
         <size>0x20</size>
         <input_file_ref idref="fl-1d"/>
      </object_component>
      <object_component id="oc-31b">
         <name>.text</name>
         <load_address>0x4bfc</load_address>
         <run_address>0x4bfc</run_address>
         <size>0x20</size>
         <input_file_ref idref="fl-ed"/>
      </object_component>
      <object_component id="oc-219">
         <name>.text:VL53L1X_ClearInterrupt</name>
         <load_address>0x4c1c</load_address>
         <run_address>0x4c1c</run_address>
         <size>0x1e</size>
         <input_file_ref idref="fl-5"/>
      </object_component>
      <object_component id="oc-1fb">
         <name>.text:VL53L1X_StartRanging</name>
         <load_address>0x4c3a</load_address>
         <run_address>0x4c3a</run_address>
         <size>0x1e</size>
         <input_file_ref idref="fl-5"/>
      </object_component>
      <object_component id="oc-2ec">
         <name>.text:VL53L1X_StopRanging</name>
         <load_address>0x4c58</load_address>
         <run_address>0x4c58</run_address>
         <size>0x1e</size>
         <input_file_ref idref="fl-5"/>
      </object_component>
      <object_component id="oc-60">
         <name>.text:faultISR</name>
         <load_address>0x4c76</load_address>
         <run_address>0x4c76</run_address>
         <size>0x2</size>
         <input_file_ref idref="fl-26"/>
      </object_component>
      <object_component id="oc-860">
         <name>.text:Interrupt_unregisterInterrupt</name>
         <load_address>0x4c78</load_address>
         <run_address>0x4c78</run_address>
         <size>0x1c</size>
         <input_file_ref idref="fl-2b"/>
      </object_component>
      <object_component id="oc-5c1">
         <name>.text:free_list_remove</name>
         <load_address>0x4c94</load_address>
         <run_address>0x4c94</run_address>
         <size>0x1c</size>
         <input_file_ref idref="fl-f3"/>
      </object_component>
      <object_component id="oc-9a3">
         <name>.text:ClockP_create</name>
         <load_address>0x4cb0</load_address>
         <run_address>0x4cb0</run_address>
         <size>0x1a</size>
         <input_file_ref idref="fl-23"/>
      </object_component>
      <object_component id="oc-8bb">
         <name>.text:QueueP_get</name>
         <load_address>0x4cca</load_address>
         <run_address>0x4cca</run_address>
         <size>0x1a</size>
         <input_file_ref idref="fl-27"/>
      </object_component>
      <object_component id="oc-291">
         <name>.text:SemaphoreP_createBinary</name>
         <load_address>0x4ce4</load_address>
         <run_address>0x4ce4</run_address>
         <size>0x1a</size>
         <input_file_ref idref="fl-20"/>
      </object_component>
      <object_component id="oc-42f">
         <name>.text:ClockP_destruct</name>
         <load_address>0x4cfe</load_address>
         <run_address>0x4cfe</run_address>
         <size>0x18</size>
         <input_file_ref idref="fl-23"/>
      </object_component>
      <object_component id="oc-744">
         <name>.text:HwiP_delete</name>
         <load_address>0x4d16</load_address>
         <run_address>0x4d16</run_address>
         <size>0x18</size>
         <input_file_ref idref="fl-25"/>
      </object_component>
      <object_component id="oc-5a">
         <name>.text:nmiISR</name>
         <load_address>0x4d2e</load_address>
         <run_address>0x4d2e</run_address>
         <size>0x2</size>
         <input_file_ref idref="fl-26"/>
      </object_component>
      <object_component id="oc-452">
         <name>.text:HwiP_inISR</name>
         <load_address>0x4d30</load_address>
         <run_address>0x4d30</run_address>
         <size>0x18</size>
         <input_file_ref idref="fl-25"/>
      </object_component>
      <object_component id="oc-48e">
         <name>.text:I2C_transfer</name>
         <load_address>0x4d48</load_address>
         <run_address>0x4d48</run_address>
         <size>0x18</size>
         <input_file_ref idref="fl-15"/>
      </object_component>
      <object_component id="oc-56e">
         <name>.text:SysCtl_A_disableNMISource</name>
         <load_address>0x4d60</load_address>
         <run_address>0x4d60</run_address>
         <size>0x18</size>
         <input_file_ref idref="fl-2d"/>
      </object_component>
      <object_component id="oc-57a">
         <name>.text:SysCtl_A_enableNMISource</name>
         <load_address>0x4d78</load_address>
         <run_address>0x4d78</run_address>
         <size>0x18</size>
         <input_file_ref idref="fl-2d"/>
      </object_component>
      <object_component id="oc-788">
         <name>.text:UART_Params_init</name>
         <load_address>0x4d90</load_address>
         <run_address>0x4d90</run_address>
         <size>0x18</size>
         <input_file_ref idref="fl-18"/>
      </object_component>
      <object_component id="oc-1f">
         <name>.text:resetISR</name>
         <load_address>0x4da8</load_address>
         <run_address>0x4da8</run_address>
         <size>0x18</size>
         <input_file_ref idref="fl-26"/>
      </object_component>
      <object_component id="oc-65e">
         <name>.text:DisplayUartMin_close</name>
         <load_address>0x4dc0</load_address>
         <run_address>0x4dc0</run_address>
         <size>0x16</size>
         <input_file_ref idref="fl-13"/>
      </object_component>
      <object_component id="oc-40e">
         <name>.text:SemaphoreP_create</name>
         <load_address>0x4dd6</load_address>
         <run_address>0x4dd6</run_address>
         <size>0x16</size>
         <input_file_ref idref="fl-20"/>
      </object_component>
      <object_component id="oc-8b5">
         <name>.text:maxbit</name>
         <load_address>0x4dec</load_address>
         <run_address>0x4dec</run_address>
         <size>0x16</size>
         <input_file_ref idref="fl-28"/>
      </object_component>
      <object_component id="oc-907">
         <name>.text:putChar</name>
         <load_address>0x4e02</load_address>
         <run_address>0x4e02</run_address>
         <size>0x16</size>
         <input_file_ref idref="fl-21"/>
      </object_component>
      <object_component id="oc-763">
         <name>.text:Power_idleFunc</name>
         <load_address>0x4e18</load_address>
         <run_address>0x4e18</run_address>
         <size>0x14</size>
         <input_file_ref idref="fl-17"/>
      </object_component>
      <object_component id="oc-6b4">
         <name>.text:SwiP_handleHwi</name>
         <load_address>0x4e2c</load_address>
         <run_address>0x4e2c</run_address>
         <size>0x14</size>
         <input_file_ref idref="fl-28"/>
      </object_component>
      <object_component id="oc-4ef">
         <name>.text:TimerP_getCount</name>
         <load_address>0x4e40</load_address>
         <run_address>0x4e40</run_address>
         <size>0x14</size>
         <input_file_ref idref="fl-24"/>
      </object_component>
      <object_component id="oc-9e5">
         <name>.text:clearTXCPTIFG</name>
         <load_address>0x4e54</load_address>
         <run_address>0x4e54</run_address>
         <size>0x14</size>
         <input_file_ref idref="fl-19"/>
      </object_component>
      <object_component id="oc-7a9">
         <name>.text:strlen</name>
         <load_address>0x4e68</load_address>
         <run_address>0x4e68</run_address>
         <size>0x14</size>
         <input_file_ref idref="fl-f4"/>
      </object_component>
      <object_component id="oc-260">
         <name>.text:HwiP_Params_init</name>
         <load_address>0x4e7c</load_address>
         <run_address>0x4e7c</run_address>
         <size>0x12</size>
         <input_file_ref idref="fl-25"/>
      </object_component>
      <object_component id="oc-9a9">
         <name>.text:RingBuf_construct</name>
         <load_address>0x4e8e</load_address>
         <run_address>0x4e8e</run_address>
         <size>0x12</size>
         <input_file_ref idref="fl-1d"/>
      </object_component>
      <object_component id="oc-99d">
         <name>.text:ClockP_Params_init</name>
         <load_address>0x4ea0</load_address>
         <run_address>0x4ea0</run_address>
         <size>0x10</size>
         <input_file_ref idref="fl-23"/>
      </object_component>
      <object_component id="oc-982">
         <name>.text:ClockP_delete</name>
         <load_address>0x4eb0</load_address>
         <run_address>0x4eb0</run_address>
         <size>0x10</size>
         <input_file_ref idref="fl-23"/>
      </object_component>
      <object_component id="oc-27b">
         <name>.text:HwiP_disable</name>
         <load_address>0x4ec0</load_address>
         <run_address>0x4ec0</run_address>
         <size>0x10</size>
         <input_file_ref idref="fl-25"/>
      </object_component>
      <object_component id="oc-1d1">
         <name>.text:I2C_Params_init</name>
         <load_address>0x4ed0</load_address>
         <run_address>0x4ed0</run_address>
         <size>0x10</size>
         <input_file_ref idref="fl-15"/>
      </object_component>
      <object_component id="oc-52">
         <name>.text:Interrupt_disableMaster</name>
         <load_address>0x4ee0</load_address>
         <run_address>0x4ee0</run_address>
         <size>0x10</size>
         <input_file_ref idref="fl-2b"/>
      </object_component>
      <object_component id="oc-19a">
         <name>.text:Interrupt_enableMaster</name>
         <load_address>0x4ef0</load_address>
         <run_address>0x4ef0</run_address>
         <size>0x10</size>
         <input_file_ref idref="fl-2b"/>
      </object_component>
      <object_component id="oc-7e3">
         <name>.text:PowerMSP432_getNumPerfLevels</name>
         <load_address>0x4f00</load_address>
         <run_address>0x4f00</run_address>
         <size>0x10</size>
         <input_file_ref idref="fl-17"/>
      </object_component>
      <object_component id="oc-458">
         <name>.text:Power_disablePolicy</name>
         <load_address>0x4f10</load_address>
         <run_address>0x4f10</run_address>
         <size>0x10</size>
         <input_file_ref idref="fl-17"/>
      </object_component>
      <object_component id="oc-423">
         <name>.text:Power_enablePolicy</name>
         <load_address>0x4f20</load_address>
         <run_address>0x4f20</run_address>
         <size>0x10</size>
         <input_file_ref idref="fl-17"/>
      </object_component>
      <object_component id="oc-408">
         <name>.text:SemaphoreP_Params_init</name>
         <load_address>0x4f30</load_address>
         <run_address>0x4f30</run_address>
         <size>0x10</size>
         <input_file_ref idref="fl-20"/>
      </object_component>
      <object_component id="oc-4b1">
         <name>.text:SwiP_Params_init</name>
         <load_address>0x4f40</load_address>
         <run_address>0x4f40</run_address>
         <size>0x10</size>
         <input_file_ref idref="fl-28"/>
      </object_component>
      <object_component id="oc-568">
         <name>.text:SysCtl_A_getNMISourceStatus</name>
         <load_address>0x4f50</load_address>
         <run_address>0x4f50</run_address>
         <size>0x10</size>
         <input_file_ref idref="fl-2d"/>
      </object_component>
      <object_component id="oc-4bd">
         <name>.text:TimerP_Params_init</name>
         <load_address>0x4f60</load_address>
         <run_address>0x4f60</run_address>
         <size>0x10</size>
         <input_file_ref idref="fl-24"/>
      </object_component>
      <object_component id="oc-5ce">
         <name>.text:WatchdogMSP432_clear</name>
         <load_address>0x4f70</load_address>
         <run_address>0x4f70</run_address>
         <size>0x10</size>
         <input_file_ref idref="fl-1b"/>
      </object_component>
      <object_component id="oc-1b3">
         <name>.text:Watchdog_Params_init</name>
         <load_address>0x4f80</load_address>
         <run_address>0x4f80</run_address>
         <size>0x10</size>
         <input_file_ref idref="fl-1a"/>
      </object_component>
      <object_component id="oc-9cd">
         <name>.text:readBlockingTimeout</name>
         <load_address>0x4f90</load_address>
         <run_address>0x4f90</run_address>
         <size>0x10</size>
         <input_file_ref idref="fl-19"/>
      </object_component>
      <object_component id="oc-8c1">
         <name>.text:QueueP_empty</name>
         <load_address>0x4fa0</load_address>
         <run_address>0x4fa0</run_address>
         <size>0xe</size>
         <input_file_ref idref="fl-27"/>
      </object_component>
      <object_component id="oc-62a">
         <name>.text:QueueP_remove</name>
         <load_address>0x4fae</load_address>
         <run_address>0x4fae</run_address>
         <size>0xe</size>
         <input_file_ref idref="fl-27"/>
      </object_component>
      <object_component id="oc-18">
         <name>.text:decompress:none:__TI_decompress_none</name>
         <load_address>0x4fbc</load_address>
         <run_address>0x4fbc</run_address>
         <size>0xe</size>
         <input_file_ref idref="fl-f1"/>
      </object_component>
      <object_component id="oc-110">
         <name>.text:Board_init</name>
         <load_address>0x4fca</load_address>
         <run_address>0x4fca</run_address>
         <size>0xc</size>
         <input_file_ref idref="fl-2"/>
      </object_component>
      <object_component id="oc-96">
         <name>.text:CPU_cpsid</name>
         <load_address>0x4fd6</load_address>
         <run_address>0x4fd6</run_address>
         <size>0xc</size>
         <input_file_ref idref="fl-2f"/>
      </object_component>
      <object_component id="oc-274">
         <name>.text:CPU_cpsie</name>
         <load_address>0x4fe2</load_address>
         <run_address>0x4fe2</run_address>
         <size>0xc</size>
         <input_file_ref idref="fl-2f"/>
      </object_component>
      <object_component id="oc-86a">
         <name>.text</name>
         <load_address>0x4fee</load_address>
         <run_address>0x4fee</run_address>
         <size>0x2</size>
         <input_file_ref idref="fl-f6"/>
      </object_component>
      <object_component id="oc-4db">
         <name>.text:ClockP_doTick</name>
         <load_address>0x4ff0</load_address>
         <run_address>0x4ff0</run_address>
         <size>0xc</size>
         <input_file_ref idref="fl-23"/>
      </object_component>
      <object_component id="oc-7c1">
         <name>.text:Power_getPerformanceLevel</name>
         <load_address>0x4ffc</load_address>
         <run_address>0x4ffc</run_address>
         <size>0xc</size>
         <input_file_ref idref="fl-17"/>
      </object_component>
      <object_component id="oc-4cf">
         <name>.text:TimerP_getFreq</name>
         <load_address>0x5008</load_address>
         <run_address>0x5008</run_address>
         <size>0xc</size>
         <input_file_ref idref="fl-24"/>
      </object_component>
      <object_component id="oc-4c9">
         <name>.text:TimerP_getMaxTicks</name>
         <load_address>0x5014</load_address>
         <run_address>0x5014</run_address>
         <size>0xc</size>
         <input_file_ref idref="fl-24"/>
      </object_component>
      <object_component id="oc-4c">
         <name>.text:decompress:ZI:__TI_zero_init</name>
         <load_address>0x5020</load_address>
         <run_address>0x5020</run_address>
         <size>0xc</size>
         <input_file_ref idref="fl-f0"/>
      </object_component>
      <object_component id="oc-7b6">
         <name>.text:UART_close</name>
         <load_address>0x502c</load_address>
         <run_address>0x502c</run_address>
         <size>0xa</size>
         <input_file_ref idref="fl-18"/>
      </object_component>
      <object_component id="oc-79a">
         <name>.text:UART_control</name>
         <load_address>0x5036</load_address>
         <run_address>0x5036</run_address>
         <size>0xa</size>
         <input_file_ref idref="fl-18"/>
      </object_component>
      <object_component id="oc-7af">
         <name>.text:UART_write</name>
         <load_address>0x5040</load_address>
         <run_address>0x5040</run_address>
         <size>0xa</size>
         <input_file_ref idref="fl-18"/>
      </object_component>
      <object_component id="oc-1e3">
         <name>.text:Watchdog_clear</name>
         <load_address>0x504a</load_address>
         <run_address>0x504a</run_address>
         <size>0xa</size>
         <input_file_ref idref="fl-1a"/>
      </object_component>
      <object_component id="oc-281">
         <name>.text:HwiP_restore</name>
         <load_address>0x5054</load_address>
         <run_address>0x5054</run_address>
         <size>0x8</size>
         <input_file_ref idref="fl-25"/>
      </object_component>
      <object_component id="oc-5e0">
         <name>.text:WatchdogMSP432_init</name>
         <load_address>0x505c</load_address>
         <run_address>0x505c</run_address>
         <size>0x8</size>
         <input_file_ref idref="fl-1b"/>
      </object_component>
      <object_component id="oc-7fe">
         <name>.text:blockingTransferCallback</name>
         <load_address>0x5064</load_address>
         <run_address>0x5064</run_address>
         <size>0x8</size>
         <input_file_ref idref="fl-16"/>
      </object_component>
      <object_component id="oc-3e1">
         <name>.text:malloc</name>
         <load_address>0x506c</load_address>
         <run_address>0x506c</run_address>
         <size>0x8</size>
         <input_file_ref idref="fl-f3"/>
      </object_component>
      <object_component id="oc-9c7">
         <name>.text:readSemCallback</name>
         <load_address>0x5074</load_address>
         <run_address>0x5074</run_address>
         <size>0x8</size>
         <input_file_ref idref="fl-19"/>
      </object_component>
      <object_component id="oc-a11">
         <name>.text:txcptEnabledStatus</name>
         <load_address>0x507c</load_address>
         <run_address>0x507c</run_address>
         <size>0x8</size>
         <input_file_ref idref="fl-19"/>
      </object_component>
      <object_component id="oc-9c1">
         <name>.text:writeSemCallback</name>
         <load_address>0x5084</load_address>
         <run_address>0x5084</run_address>
         <size>0x8</size>
         <input_file_ref idref="fl-19"/>
      </object_component>
      <object_component id="oc-a63">
         <name>.text:ClockP_stop</name>
         <load_address>0x508c</load_address>
         <run_address>0x508c</run_address>
         <size>0x6</size>
         <input_file_ref idref="fl-23"/>
      </object_component>
      <object_component id="oc-664">
         <name>.text:DisplayUartMin_control</name>
         <load_address>0x5092</load_address>
         <run_address>0x5092</run_address>
         <size>0x6</size>
         <input_file_ref idref="fl-13"/>
      </object_component>
      <object_component id="oc-66a">
         <name>.text:DisplayUartMin_getType</name>
         <load_address>0x5098</load_address>
         <run_address>0x5098</run_address>
         <size>0x6</size>
         <input_file_ref idref="fl-13"/>
      </object_component>
      <object_component id="oc-683">
         <name>.text:I2CMSP432_control</name>
         <load_address>0x509e</load_address>
         <run_address>0x509e</run_address>
         <size>0x6</size>
         <input_file_ref idref="fl-16"/>
      </object_component>
      <object_component id="oc-4ab">
         <name>.text:QueueP_init</name>
         <load_address>0x50a4</load_address>
         <run_address>0x50a4</run_address>
         <size>0x6</size>
         <input_file_ref idref="fl-27"/>
      </object_component>
      <object_component id="oc-5da">
         <name>.text:WatchdogMSP432_control</name>
         <load_address>0x50aa</load_address>
         <run_address>0x50aa</run_address>
         <size>0x6</size>
         <input_file_ref idref="fl-1b"/>
      </object_component>
      <object_component id="oc-5ec">
         <name>.text:WatchdogMSP432_setReload</name>
         <load_address>0x50b0</load_address>
         <run_address>0x50b0</run_address>
         <size>0x6</size>
         <input_file_ref idref="fl-1b"/>
      </object_component>
      <object_component id="oc-429">
         <name>.text:ClockP_isActive</name>
         <load_address>0x50b6</load_address>
         <run_address>0x50b6</run_address>
         <size>0x4</size>
         <input_file_ref idref="fl-23"/>
      </object_component>
      <object_component id="oc-a5d">
         <name>.text:ClockP_setTimeout</name>
         <load_address>0x50ba</load_address>
         <run_address>0x50ba</run_address>
         <size>0x4</size>
         <input_file_ref idref="fl-23"/>
      </object_component>
      <object_component id="oc-116">
         <name>.text:HwiP_enable</name>
         <load_address>0x50be</load_address>
         <run_address>0x50be</run_address>
         <size>0x4</size>
         <input_file_ref idref="fl-25"/>
      </object_component>
      <object_component id="oc-843">
         <name>.text:HwiP_post</name>
         <load_address>0x50c2</load_address>
         <run_address>0x50c2</run_address>
         <size>0x4</size>
         <input_file_ref idref="fl-25"/>
      </object_component>
      <object_component id="oc-836">
         <name>.text:QueueP_head</name>
         <load_address>0x50c6</load_address>
         <run_address>0x50c6</run_address>
         <size>0x4</size>
         <input_file_ref idref="fl-27"/>
      </object_component>
      <object_component id="oc-83c">
         <name>.text:QueueP_next</name>
         <load_address>0x50ca</load_address>
         <run_address>0x50ca</run_address>
         <size>0x4</size>
         <input_file_ref idref="fl-27"/>
      </object_component>
      <object_component id="oc-297">
         <name>.text:SemaphoreP_delete</name>
         <load_address>0x50ce</load_address>
         <run_address>0x50ce</run_address>
         <size>0x4</size>
         <input_file_ref idref="fl-20"/>
      </object_component>
      <object_component id="oc-7a3">
         <name>.text:SystemP_vsnprintf</name>
         <load_address>0x50d2</load_address>
         <run_address>0x50d2</run_address>
         <size>0x4</size>
         <input_file_ref idref="fl-21"/>
      </object_component>
      <object_component id="oc-6c5">
         <name>.text:TimerP_setPeriod</name>
         <load_address>0x50d6</load_address>
         <run_address>0x50d6</run_address>
         <size>0x4</size>
         <input_file_ref idref="fl-24"/>
      </object_component>
      <object_component id="oc-5f2">
         <name>.text:WatchdogMSP432_convertMsToTicks</name>
         <load_address>0x50da</load_address>
         <run_address>0x50da</run_address>
         <size>0x4</size>
         <input_file_ref idref="fl-1b"/>
      </object_component>
      <object_component id="oc-f0">
         <name>.text:_system_pre_init</name>
         <load_address>0x50de</load_address>
         <run_address>0x50de</run_address>
         <size>0x4</size>
         <input_file_ref idref="fl-f9"/>
      </object_component>
      <object_component id="oc-123">
         <name>.text:abort:abort</name>
         <load_address>0x50e2</load_address>
         <run_address>0x50e2</run_address>
         <size>0x4</size>
         <input_file_ref idref="fl-fb"/>
      </object_component>
      <object_component id="oc-2f2">
         <name>.const:.string:VL51L1X_DEFAULT_CONFIGURATION</name>
         <load_address>0x50e8</load_address>
         <run_address>0x50e8</run_address>
         <size>0x5b</size>
         <input_file_ref idref="fl-5"/>
      </object_component>
      <object_component id="oc-2cf">
         <name>.const:Display_defaultParams</name>
         <load_address>0x5143</load_address>
         <run_address>0x5143</run_address>
         <size>0x1</size>
         <input_file_ref idref="fl-12"/>
      </object_component>
      <object_component id="oc-734">
         <name>.const:g_pulRegs</name>
         <load_address>0x5144</load_address>
         <run_address>0x5144</run_address>
         <size>0x50</size>
         <input_file_ref idref="fl-2b"/>
      </object_component>
      <object_component id="oc-26f">
         <name>.const:PowerMSP432_config</name>
         <load_address>0x5194</load_address>
         <run_address>0x5194</run_address>
         <size>0x38</size>
         <input_file_ref idref="fl-2"/>
      </object_component>
      <object_component id="oc-8e8">
         <name>.const:uartMSP432HWAttrs</name>
         <load_address>0x51cc</load_address>
         <run_address>0x51cc</run_address>
         <size>0x2c</size>
         <input_file_ref idref="fl-2"/>
      </object_component>
[...]
      <symbol id="sm-975">
         <name>SemaphoreP_Params_init</name>
         <value>0x4f31</value>
         <object_component_ref idref="oc-408"/>
      </symbol>
      <symbol id="sm-976">
         <name>clkFxn</name>
         <value>0x4877</value>
         <object_component_ref idref="oc-435"/>
      </symbol>
      <symbol id="sm-9ce">
         <name>SystemP_vsnprintf</name>
         <value>0x50d3</value>
         <object_component_ref idref="oc-7a3"/>
      </symbol>
      <symbol id="sm-9e1">
         <name>PowerMSP432_updateFreqs</name>
         <value>0x364f</value>
         <object_component_ref idref="oc-3cf"/>
      </symbol>
      <symbol id="sm-adb">
         <name>ClockP_delete</name>
         <value>0x4eb1</value>
         <object_component_ref idref="oc-982"/>
      </symbol>
      <symbol id="sm-adc">
         <name>ClockP_doTick</name>
         <value>0x4ff1</value>
         <object_component_ref idref="oc-4db"/>
      </symbol>
      <symbol id="sm-add">
         <name>ClockP_setTimeout</name>
         <value>0x50bb</value>
         <object_component_ref idref="oc-a5d"/>
      </symbol>
      <symbol id="sm-ade">
         <name>ClockP_startup</name>
         <value>0x24f5</value>
         <object_component_ref idref="oc-33f"/>
      </symbol>
      <symbol id="sm-adf">
         <name>ClockP_stop</name>
         <value>0x508d</value>
         <object_component_ref idref="oc-a63"/>
      </symbol>
      <symbol id="sm-ae0">
         <name>ClockP_construct</name>
         <value>0x4159</value>
         <object_component_ref idref="oc-9fb"/>
      </symbol>
      <symbol id="sm-ae1">
         <name>ClockP_scheduleNextTick</name>
         <value>0x4af1</value>
         <object_component_ref idref="oc-61b"/>
      </symbol>
      <symbol id="sm-ae2">
         <name>ClockP_tickPeriod</name>
         <value>0x20008988</value>
         <object_component_ref idref="oc-357"/>
      </symbol>
      <symbol id="sm-ae3">
         <name>ClockP_create</name>
         <value>0x4cb1</value>
         <object_component_ref idref="oc-9a3"/>
      </symbol>
      <symbol id="sm-ae4">
         <name>ClockP_Params_init</name>
         <value>0x4ea1</value>
         <object_component_ref idref="oc-99d"/>
      </symbol>
      <symbol id="sm-ae5">
         <name>ClockP_usleep</name>
         <value>0x39d9</value>
         <object_component_ref idref="oc-20d"/>
      </symbol>
      <symbol id="sm-ae6">
         <name>ClockP_workFuncDynamic</name>
         <value>0x2875</value>
         <object_component_ref idref="oc-4d5"/>
      </symbol>
      <symbol id="sm-ae7">
         <name>ClockP_walkQueueDynamic</name>
         <value>0x3651</value>
         <object_component_ref idref="oc-6e3"/>
      </symbol>
      <symbol id="sm-ae8">
         <name>ClockP_destruct</name>
         <value>0x4cff</value>
         <object_component_ref idref="oc-42f"/>
      </symbol>
      <symbol id="sm-ae9">
         <name>ClockP_start</name>
         <value>0x3355</value>
         <object_component_ref idref="oc-41d"/>
      </symbol>
      <symbol id="sm-aea">
         <name>ClockP_isActive</name>
         <value>0x50b7</value>
         <object_component_ref idref="oc-429"/>
      </symbol>
      <symbol id="sm-aeb">
         <name>ClockP_getTicks</name>
         <value>0x4acd</value>
         <object_component_ref idref="oc-621"/>
      </symbol>
      <symbol id="sm-aec">
         <name>ClockP_add</name>
         <value>0x4b7d</value>
         <object_component_ref idref="oc-417"/>
      </symbol>
      <symbol id="sm-b8b">
         <name>TimerP_setNextTick</name>
         <value>0x45a1</value>
         <object_component_ref idref="oc-772"/>
      </symbol>
      <symbol id="sm-b8c">
         <name>TimerP_getCurrentTick</name>
         <value>0x396d</value>
         <object_component_ref idref="oc-615"/>
      </symbol>
      <symbol id="sm-b8d">
         <name>TimerP_setPeriod</name>
         <value>0x50d7</value>
         <object_component_ref idref="oc-6c5"/>
      </symbol>
      <symbol id="sm-b8e">
         <name>TimerP_getCount64</name>
         <value>0x3f7d</value>
         <object_component_ref idref="oc-345"/>
      </symbol>
      <symbol id="sm-b8f">
         <name>TimerP_dynamicStub</name>
         <value>0x3e21</value>
         <object_component_ref idref="oc-6d7"/>
      </symbol>
      <symbol id="sm-b90">
         <name>TimerP_getMaxTicks</name>
         <value>0x5015</value>
         <object_component_ref idref="oc-4c9"/>
      </symbol>
      <symbol id="sm-b91">
         <name>TimerP_construct</name>
         <value>0x1dd9</value>
         <object_component_ref idref="oc-4c3"/>
      </symbol>
      <symbol id="sm-b92">
         <name>TimerP_getFreq</name>
         <value>0x5009</value>
         <object_component_ref idref="oc-4cf"/>
      </symbol>
      <symbol id="sm-b93">
         <name>TimerP_initDevice</name>
         <value>0x4721</value>
         <object_component_ref idref="oc-6bf"/>
      </symbol>
      <symbol id="sm-b94">
         <name>TimerP_start</name>
         <value>0x4345</value>
         <object_component_ref idref="oc-6cb"/>
      </symbol>
      <symbol id="sm-b95">
         <name>TimerP_Params_init</name>
         <value>0x4f61</value>
         <object_component_ref idref="oc-4bd"/>
      </symbol>
      <symbol id="sm-c0f">
         <name>HwiP_delete</name>
         <value>0x4d17</value>
         <object_component_ref idref="oc-744"/>
      </symbol>
      <symbol id="sm-c10">
         <name>HwiP_construct</name>
         <value>0x3741</value>
         <object_component_ref idref="oc-3e7"/>
      </symbol>
      <symbol id="sm-c11">
         <name>HwiP_inISR</name>
         <value>0x4d31</value>
         <object_component_ref idref="oc-452"/>
      </symbol>
      <symbol id="sm-c12">
         <name>HwiP_dispatch</name>
         <value>0x4b15</value>
         <object_component_ref idref="oc-5b4"/>
      </symbol>
      <symbol id="sm-c13">
         <name>HwiP_swiPIntNum</name>
         <value>0x20008990</value>
         <object_component_ref idref="oc-5ba"/>
      </symbol>
      <symbol id="sm-c14">
         <name>HwiP_Params_init</name>
         <value>0x4e7d</value>
         <object_component_ref idref="oc-260"/>
      </symbol>
      <symbol id="sm-c15">
         <name>HwiP_disable</name>
         <value>0x4ec1</value>
         <object_component_ref idref="oc-27b"/>
      </symbol>
      <symbol id="sm-c16">
         <name>HwiP_key</name>
         <value>0x2000898c</value>
         <object_component_ref idref="oc-5ba"/>
      </symbol>
      <symbol id="sm-c17">
         <name>HwiP_create</name>
         <value>0x4965</value>
         <object_component_ref idref="oc-266"/>
      </symbol>
      <symbol id="sm-c18">
         <name>HwiP_post</name>
         <value>0x50c3</value>
         <object_component_ref idref="oc-843"/>
      </symbol>
      <symbol id="sm-c19">
         <name>HwiP_enable</name>
         <value>0x50bf</value>
         <object_component_ref idref="oc-116"/>
      </symbol>
      <symbol id="sm-c1a">
         <name>HwiP_restore</name>
         <value>0x5055</value>
         <object_component_ref idref="oc-281"/>
      </symbol>
      <symbol id="sm-c57">
         <name>resetISR</name>
         <value>0x4da9</value>
         <object_component_ref idref="oc-1f"/>
      </symbol>
      <symbol id="sm-c58">
         <name>interruptVectors</name>
         <value>0x0</value>
         <object_component_ref idref="oc-26"/>
      </symbol>
      <symbol id="sm-c95">
         <name>QueueP_next</name>
         <value>0x50cb</value>
         <object_component_ref idref="oc-83c"/>
      </symbol>
      <symbol id="sm-c96">
         <name>QueueP_put</name>
         <value>0x4bbd</value>
         <object_component_ref idref="oc-60e"/>
      </symbol>
      <symbol id="sm-c97">
         <name>QueueP_remove</name>
         <value>0x4faf</value>
         <object_component_ref idref="oc-62a"/>
      </symbol>
      <symbol id="sm-c98">
         <name>QueueP_head</name>
         <value>0x50c7</value>
         <object_component_ref idref="oc-836"/>
      </symbol>
      <symbol id="sm-c99">
         <name>QueueP_init</name>
         <value>0x50a5</value>
         <object_component_ref idref="oc-4ab"/>
      </symbol>
      <symbol id="sm-c9a">
         <name>QueueP_empty</name>
         <value>0x4fa1</value>
         <object_component_ref idref="oc-8c1"/>
      </symbol>
      <symbol id="sm-c9b">
         <name>QueueP_get</name>
         <value>0x4ccb</value>
         <object_component_ref idref="oc-8bb"/>
      </symbol>
      <symbol id="sm-d22">
         <name>SwiP_construct</name>
         <value>0x2071</value>
         <object_component_ref idref="oc-4b7"/>
      </symbol>
      <symbol id="sm-d23">
         <name>SwiP_Params_init</name>
         <value>0x4f41</value>
         <object_component_ref idref="oc-4b1"/>
      </symbol>
      <symbol id="sm-d24">
         <name>SwiP_post</name>
         <value>0x3b79</value>
         <object_component_ref idref="oc-6ea"/>
      </symbol>
      <symbol id="sm-d25">
         <name>SwiP_dispatch</name>
         <value>0x2da5</value>
         <object_component_ref idref="oc-823"/>
      </symbol>
      <symbol id="sm-d9e">
         <name>CS_setExternalClockSourceFrequency</name>
         <value>0x4b5d</value>
         <object_component_ref idref="oc-3b7"/>
      </symbol>
      <symbol id="sm-d9f">
         <name>CS_startHFXTWithTimeout</name>
         <value>0x1b31</value>
         <object_component_ref idref="oc-3c3"/>
      </symbol>
      <symbol id="sm-da0">
         <name>CS_startLFXTWithTimeout</name>
         <value>0x1cf9</value>
         <object_component_ref idref="oc-3c9"/>
      </symbol>
      <symbol id="sm-db5">
         <name>I2C_masterSendMultiByteFinish</name>
         <value>0x3901</value>
         <object_component_ref idref="oc-8ac"/>
      </symbol>
      <symbol id="sm-e4b">
         <name>Interrupt_disableMaster</name>
         <value>0x4ee1</value>
         <object_component_ref idref="oc-52"/>
      </symbol>
      <symbol id="sm-e4c">
         <name>Interrupt_disableInterrupt</name>
         <value>0x33d5</value>
         <object_component_ref idref="oc-85a"/>
      </symbol>
      <symbol id="sm-e4d">
         <name>Interrupt_unregisterInterrupt</name>
         <value>0x4c79</value>
         <object_component_ref idref="oc-860"/>
      </symbol>
      <symbol id="sm-e4e">
         <name>Interrupt_setPriority</name>
         <value>0x3f29</value>
         <object_component_ref idref="oc-5a8"/>
      </symbol>
      <symbol id="sm-e4f">
         <name>Interrupt_enableMaster</name>
         <value>0x4ef1</value>
         <object_component_ref idref="oc-19a"/>
      </symbol>
      <symbol id="sm-e50">
         <name>Interrupt_enableInterrupt</name>
         <value>0x3455</value>
         <object_component_ref idref="oc-5ae"/>
      </symbol>
      <symbol id="sm-e51">
         <name>Interrupt_registerInterrupt</name>
         <value>0x3d6d</value>
         <object_component_ref idref="oc-5a2"/>
      </symbol>
      <symbol id="sm-e52">
         <name>g_pfnRAMVectors</name>
         <value>0x20008c00</value>
         <object_component_ref idref="oc-72f"/>
      </symbol>
      <symbol id="sm-e53">
         <name>Interrupt_pendInterrupt</name>
         <value>0x3aa9</value>
         <object_component_ref idref="oc-8ca"/>
      </symbol>
      <symbol id="sm-e74">
         <name>SysCtl_A_enableNMISource</name>
         <value>0x4d79</value>
         <object_component_ref idref="oc-57a"/>
      </symbol>
      <symbol id="sm-e75">
         <name>SysCtl_A_getNMISourceStatus</name>
         <value>0x4f51</value>
         <object_component_ref idref="oc-568"/>
      </symbol>
      <symbol id="sm-e76">
         <name>SysCtl_A_disableNMISource</name>
         <value>0x4d61</value>
         <object_component_ref idref="oc-56e"/>
      </symbol>
      <symbol id="sm-e94">
         <name>UART_initModule</name>
         <value>0x14fd</value>
         <object_component_ref idref="oc-a03"/>
      </symbol>
      <symbol id="sm-ea6">
         <name>CPU_cpsie</name>
         <value>0x4fe3</value>
         <object_component_ref idref="oc-274"/>
      </symbol>
      <symbol id="sm-ea7">
         <name>CPU_cpsid</name>
         <value>0x4fd7</value>
         <object_component_ref idref="oc-96"/>
      </symbol>
      <symbol id="sm-ebe">
         <name>__aeabi_dsub</name>
         <value>0xf1b</value>
         <object_component_ref idref="oc-8f7"/>
      </symbol>
      <symbol id="sm-ebf">
         <name>__aeabi_dadd</name>
         <value>0xf25</value>
         <object_component_ref idref="oc-8f7"/>
      </symbol>
      <symbol id="sm-ed1">
         <name>__aeabi_cdcmpeq</name>
         <value>0x3249</value>
         <object_component_ref idref="oc-8ed"/>
      </symbol>
      <symbol id="sm-ed2">
         <name>__aeabi_cdcmple</name>
         <value>0x3249</value>
         <object_component_ref idref="oc-8ed"/>
      </symbol>
      <symbol id="sm-ee6">
         <name>__aeabi_ddiv</name>
         <value>0x13c5</value>
         <object_component_ref idref="oc-325"/>
      </symbol>
      <symbol id="sm-ef1">
         <name>__aeabi_dmul</name>
         <value>0x1945</value>
         <object_component_ref idref="oc-320"/>
      </symbol>
      <symbol id="sm-efb">
         <name>__aeabi_d2iz</name>
         <value>0x41e9</value>
         <object_component_ref idref="oc-32a"/>
      </symbol>
      <symbol id="sm-f05">
         <name>__aeabi_d2uiz</name>
         <value>0x44dd</value>
         <object_component_ref idref="oc-8fc"/>
      </symbol>
      <symbol id="sm-f0f">
         <name>__aeabi_i2d</name>
         <value>0x490d</value>
         <object_component_ref idref="oc-8f2"/>
      </symbol>
      <symbol id="sm-f2a">
         <name>memcpy</name>
         <value>0x2e41</value>
         <object_component_ref idref="oc-3a"/>
      </symbol>
      <symbol id="sm-f2b">
         <name>__aeabi_memcpy</name>
         <value>0x2e41</value>
         <object_component_ref idref="oc-3a"/>
      </symbol>
      <symbol id="sm-f2c">
         <name>__aeabi_memcpy8</name>
         <value>0x2e41</value>
         <object_component_ref idref="oc-3a"/>
      </symbol>
      <symbol id="sm-f2d">
         <name>__aeabi_memcpy4</name>
         <value>0x2e41</value>
         <object_component_ref idref="oc-3a"/>
      </symbol>
      <symbol id="sm-f37">
         <name>__aeabi_ui2d</name>
         <value>0x4bfd</value>
         <object_component_ref idref="oc-31b"/>
      </symbol>
      <symbol id="sm-f44">
         <name>__aeabi_uldivmod</name>
         <value>0x2edd</value>
         <object_component_ref idref="oc-76c"/>
      </symbol>
      <symbol id="sm-f53">
         <name>__aeabi_uidivmod</name>
         <value>0x46e1</value>
         <object_component_ref idref="oc-977"/>
      </symbol>
      <symbol id="sm-f54">
         <name>__aeabi_uidiv</name>
         <value>0x46e1</value>
         <object_component_ref idref="oc-977"/>
      </symbol>
      <symbol id="sm-f6b">
         <name>__TI_zero_init</name>
         <value>0x5021</value>
         <object_component_ref idref="oc-4c"/>
      </symbol>
      <symbol id="sm-f82">
         <name>__TI_decompress_none</name>
         <value>0x4fbd</value>
         <object_component_ref idref="oc-18"/>
      </symbol>
      <symbol id="sm-fa5">
         <name>__TI_decompress_lzss</name>
         <value>0x3be1</value>
         <object_component_ref idref="oc-12"/>
      </symbol>
      <symbol id="sm-102e">
         <name>_sys_memory</name>
         <value>0x20000000</value>
         <object_component_ref idref="oc-29"/>
      </symbol>
      <symbol id="sm-102f">
         <name>free</name>
         <value>0x1c15</value>
         <object_component_ref idref="oc-3ed"/>
      </symbol>
      <symbol id="sm-1030">
         <name>memalign</name>
         <value>0x1845</value>
         <object_component_ref idref="oc-59b"/>
      </symbol>
      <symbol id="sm-1031">
         <name>malloc</name>
         <value>0x506d</value>
         <object_component_ref idref="oc-3e1"/>
      </symbol>
      <symbol id="sm-1032">
         <name>aligned_alloc</name>
         <value>0x1845</value>
         <object_component_ref idref="oc-59b"/>
      </symbol>
      <symbol id="sm-1040">
         <name>strlen</name>
         <value>0x4e69</value>
         <object_component_ref idref="oc-7a9"/>
      </symbol>
      <symbol id="sm-1053">
         <name>__stack</name>
         <value>0x2000f000</value>
         <object_component_ref idref="oc-2c"/>
      </symbol>
      <symbol id="sm-1054">
         <name>_c_int00_noargs</name>
         <value>0x4879</value>
         <object_component_ref idref="oc-a8"/>
      </symbol>
      <symbol id="sm-105e">
         <name>__aeabi_idiv0</name>
         <value>0x4fef</value>
         <object_component_ref idref="oc-86a"/>
      </symbol>
      <symbol id="sm-105f">
         <name>__aeabi_ldiv0</name>
         <value>0x4fef</value>
         <object_component_ref idref="oc-86a"/>
      </symbol>
      <symbol id="sm-106e">
         <name>__aeabi_memset</name>
         <value>0x35d7</value>
         <object_component_ref idref="oc-90"/>
      </symbol>
      <symbol id="sm-106f">
         <name>memset</name>
         <value>0x35dd</value>
         <object_component_ref idref="oc-90"/>
      </symbol>
      <symbol id="sm-1070">
         <name>__aeabi_memset8</name>
         <value>0x35d7</value>
         <object_component_ref idref="oc-90"/>
      </symbol>
      <symbol id="sm-1071">
         <name>__aeabi_memset4</name>
         <value>0x35d7</value>
         <object_component_ref idref="oc-90"/>
      </symbol>
      <symbol id="sm-1072">
         <name>__aeabi_memclr8</name>
         <value>0x35d5</value>
         <object_component_ref idref="oc-90"/>
      </symbol>
      <symbol id="sm-1073">
         <name>__aeabi_memclr4</name>
         <value>0x35d5</value>
         <object_component_ref idref="oc-90"/>
      </symbol>
      <symbol id="sm-1074">
         <name>__aeabi_memclr</name>
         <value>0x35d5</value>
         <object_component_ref idref="oc-90"/>
      </symbol>
      <symbol id="sm-109c">
         <name>__TI_auto_init_nobinit_nopinit</name>
         <value>0x4455</value>
         <object_component_ref idref="oc-12f"/>
      </symbol>
      <symbol id="sm-10a6">
         <name>_system_pre_init</name>
         <value>0x50df</value>
         <object_component_ref idref="oc-f0"/>
      </symbol>
      <symbol id="sm-10b2">
         <name>C$$EXIT</name>
         <value>0x50e3</value>
         <object_component_ref idref="oc-123"/>
      </symbol>
      <symbol id="sm-10b3">
         <name>abort</name>
         <value>0x50e3</value>
         <object_component_ref idref="oc-123"/>
      </symbol>
      <symbol id="sm-10c8">
         <name>_nop</name>
         <value>0x3f27</value>
         <object_component_ref idref="oc-387"/>
      </symbol>
      <symbol id="sm-10c9">
         <name>_lock</name>
         <value>0x2000896c</value>
         <object_component_ref idref="oc-23d"/>
      </symbol>
      <symbol id="sm-10ca">
         <name>_unlock</name>
         <value>0x20008970</value>
         <object_component_ref idref="oc-23d"/>
      </symbol>
      <symbol id="sm-10cc">
         <name>__TI_static_base__</name>
         <value>0x53a8</value>
      </symbol>
      <symbol id="sm-10cf">
         <name>__mpu_init</name>
         <value>0x0</value>
      </symbol>
      <symbol id="sm-10d0">
         <name>_system_post_cinit</name>
         <value>0x0</value>
      </symbol>
      <symbol id="sm-10d1">
         <name>usleep</name>
         <value>0x39d9</value>
      </symbol>
      <symbol id="sm-10d2">
         <name>NoRTOS_start</name>
         <value>0x50bf</value>
      </symbol>
   </symbol_table>
   <title>Link successful</title>
</link_info>
