******************************************************************************
                  TI ARM Linker Unix v20.2.2                   
******************************************************************************
>> Linked Tue Mar 23 23:31:49 2021

OUTPUT FILE NAME:   <vl53l1x_ULD_MSP_EXP432P401R_nortos_ccs.out>
ENTRY POINT SYMBOL: "resetISR"  address: 00004d5d


MEMORY CONFIGURATION

         name            origin    length      used     unused   attr    fill
----------------------  --------  ---------  --------  --------  ----  --------
  MAIN                  00000000   00040000  0000542c  0003abd4  R  X
  INFO                  00200000   00004000  00000000  00004000  R  X
  SRAM_CODE             01000000   00010000  00009a96  0000656a  RW X
  SRAM_DATA             20000000   00010000  00009a96  0000656a  RW  


SEGMENT ALLOCATION MAP

run origin  load origin   length   init length attrs members
----------  ----------- ---------- ----------- ----- -------
00000000    00000000    00005430   00005430    r-x
  00000000    00000000    00000144   00000144    r-- .intvecs
  00000144    00000144    00004f6a   00004f6a    r-x .text
  000050b0    000050b0    000002be   000002be    r-- .const
  00005370    00005370    000000c0   000000c0    r-- .cinit
20000000    20000000    000089ae   00000000    rw-
  20000000    20000000    00008000   00000000    rw- .sysmem
  20008000    20008000    000006a8   00000000    rw- .bss
  200086a8    200086a8    00000306   00000000    rw- .data
20008c00    20008c00    000000e8   00000000    rw-
  20008c00    20008c00    000000e8   00000000    rw- .vtable
2000f000    2000f000    00001000   00000000    rw-
  2000f000    2000f000    00001000   00000000    rw- .stack


SECTION ALLOCATION MAP

 output                                  attributes/
section   page    origin      length       input sections
--------  ----  ----------  ----------   ----------------
.text      0    00000144    00004f6a     
                  00000144    000002d8     nortos_msp432p401x.aem4f : SystemP_nortos.oem4f (.text:doPrint)
                  0000041c    000002d0     drivers_msp432p401x.aem4f : UARTMSP432.oem4f (.text:UARTMSP432_open)
                  000006ec    00000288                               : PowerMSP432.oem4f (.text:initPerfControl)
                  00000974    000001f8                               : I2CMSP432.oem4f (.text:I2CMSP432_open)
                  00000b6c    000001e8     vl53l1.obj (.text:mainThread)
                  00000d54    000001c6     VL53L1X_api.obj (.text:VL53L1X_SetTimingBudgetInMs)
                  00000f1a    000001b6     rtsv7M4_T_le_v4SPD16_eabi.lib : fd_add_t2.asm.obj (.text)
                  000010d0    00000184     drivers_msp432p401x.aem4f : I2CMSP432.oem4f (.text:I2CMSP432_hwiIntFxn)
                  00001254    00000170                               : GPIOMSP432.oem4f (.text:GPIO_setConfig)
                  000013c4    00000136     rtsv7M4_T_le_v4SPD16_eabi.lib : fd_div_t2.asm.obj (.text)
                  000014fa    00000002     ti_drivers_config.obj (.text:Board_initHook)
                  000014fc    0000011c     msp432p4xx_driverlib.lib : uart.o (.text:UART_initModule)
                  00001618    0000011c     drivers_msp432p401x.aem4f : I2CMSP432.oem4f (.text:primeTransfer)
                  00001734    0000010e     VL53L1X_api.obj (.text:VL53L1X_SetDistanceMode)
                  00001842    00000002     display.aem4f : DisplayUart.oem4f (.text:DisplayUartMin_clear)
                  00001844    00000100     rtsv7M4_T_le_v4SPD16_eabi.lib : memory.c.obj (.text:aligned_alloc)
                  00001944    000000fc                                   : fd_mul_t2.asm.obj (.text)
                  00001a40    000000f0     drivers_msp432p401x.aem4f : I2CMSP432.oem4f (.text:I2CMSP432_transfer)
                  00001b30    000000e4     msp432p4xx_driverlib.lib : cs.o (.text:CS_startHFXTWithTimeout)
                  00001c14    000000e4     rtsv7M4_T_le_v4SPD16_eabi.lib : memory.c.obj (.text:free)
                  00001cf8    000000e0     msp432p4xx_driverlib.lib : cs.o (.text:CS_startLFXTWithTimeout)
                  00001dd8    000000e0     nortos_msp432p401x.aem4f : TimerPMSP432_nortos.oem4f (.text:TimerP_construct)
                  00001eb8    000000dc     drivers_msp432p401x.aem4f : UARTMSP432.oem4f (.text:UARTMSP432_readPolling)
                  00001f94    000000dc     msp432p4xx_driverlib.lib : cs.o (.text:_CSGetHFXTFrequency)
                  00002070    000000d8     nortos_msp432p401x.aem4f : SwiP_nortos.oem4f (.text:SwiP_construct)
                  00002148    000000ca     drivers_msp432p401x.aem4f : UARTMSP432.oem4f (.text:UARTMSP432_hwiIntFxn)
                  00002212    000000b8     VL53L1X_api.obj (.text:VL53L1X_GetTimingBudgetInMs)
                  000022ca    00000002     display.aem4f : DisplayUart.oem4f (.text:DisplayUartMin_clearLines)
                  000022cc    000000b8     VL53L1X_api.obj (.text:VL53L1_RdDWord)
                  00002384    000000b8     drivers_msp432p401x.aem4f : UARTMSP432.oem4f (.text:initHw)
                  0000243c    000000b8                               : UARTMSP432.oem4f (.text:readTaskCallback)
                  000024f4    000000b4     nortos_msp432p401x.aem4f : ClockPTimer_nortos.oem4f (.text:ClockP_startup)
                  000025a8    000000b4     drivers_msp432p401x.aem4f : UARTMSP432.oem4f (.text:UARTMSP432_control)
                  0000265c    000000b4                               : UARTMSP432.oem4f (.text:UARTMSP432_writePolling)
                  00002710    000000b2                               : WatchdogMSP432.oem4f (.text:WatchdogMSP432_open)
                  000027c2    00000002     display.aem4f : DisplayUart.oem4f (.text:DisplayUartMin_init)
                  000027c4    000000b0     VL53L1X_api.obj (.text:VL53L1X_SensorInit)
                  00002874    000000ac     nortos_msp432p401x.aem4f : ClockPTimer_nortos.oem4f (.text:ClockP_workFuncDynamic)
                  00002920    000000ac     drivers_msp432p401x.aem4f : GPIOMSP432.oem4f (.text:GPIO_init)
                  000029cc    000000ac                               : I2CMSP432.oem4f (.text:I2CMSP432_cancel)
                  00002a78    000000a8                               : UARTMSP432.oem4f (.text:UARTMSP432_write)
                  00002b20    000000a8                               : UARTMSP432.oem4f (.text:readTaskBlocking)
                  00002bc8    000000a0     nortos_msp432p401x.aem4f : SemaphoreP_nortos.oem4f (.text:SemaphoreP_pend)
                  00002c68    000000a0     drivers_msp432p401x.aem4f : UARTMSP432.oem4f (.text:readIsrTextCallback)
                  00002d08    0000009c                               : PowerMSP432.oem4f (.text:Power_init)
                  00002da4    0000009c     nortos_msp432p401x.aem4f : SwiP_nortos.oem4f (.text:SwiP_dispatch)
                  00002e40    0000009c     rtsv7M4_T_le_v4SPD16_eabi.lib : memcpy_t2.asm.obj (.text)
                  00002edc    00000096                                   : ull_div_t2.asm.obj (.text)
                  00002f72    00000002     drivers_msp432p401x.aem4f : I2CMSP432.oem4f (.text:I2CMSP432_init)
                  00002f74    00000094     VL53L1X_api.obj (.text:VL53L1_RdWord)
                  00003008    00000092     drivers_msp432p401x.aem4f : UARTMSP432.oem4f (.text:UARTMSP432_close)
                  0000309a    00000092                               : UARTMSP432.oem4f (.text:writeData)
                  0000312c    00000090     VL53L1X_api.obj (.text:VL53L1_WrWord)
                  000031bc    0000008c     drivers_msp432p401x.aem4f : UARTMSP432.oem4f (.text:readIsrTextBlocking)
                  00003248    00000086     rtsv7M4_T_le_v4SPD16_eabi.lib : fd_cmp_t2.asm.obj (.text:__aeabi_cdcmple)
                  000032ce    00000002     msp432p4xx_driverlib.lib : interrupt.o (.text:IntDefaultHandler)
                  000032d0    00000084     VL53L1X_api.obj (.text:VL53L1_RdByte)
                  00003354    00000080     nortos_msp432p401x.aem4f : ClockPTimer_nortos.oem4f (.text:ClockP_start)
                  000033d4    00000080     msp432p4xx_driverlib.lib : interrupt.o (.text:Interrupt_disableInterrupt)
                  00003454    00000080                              : interrupt.o (.text:Interrupt_enableInterrupt)
                  000034d4    00000080     VL53L1X_api.obj (.text:VL53L1X_GetInterMeasurementInMs)
                  00003554    00000080     VL53L1X_api.obj (.text:VL53L1_WrByte)
                  000035d4    0000007a     rtsv7M4_T_le_v4SPD16_eabi.lib : memset_t2.asm.obj (.text)
                  0000364e    00000002     nortos_msp432p401x.aem4f : PowerMSP432_nortos.oem4f (.text:PowerMSP432_updateFreqs)
                  00003650    00000078                              : ClockPTimer_nortos.oem4f (.text:ClockP_walkQueueDynamic)
                  000036c8    00000076     drivers_msp432p401x.aem4f : I2CMSP432.oem4f (.text:I2CMSP432_close)
                  0000373e    00000002     nortos_msp432p401x.aem4f : SemaphoreP_nortos.oem4f (.text:SemaphoreP_destruct)
                  00003740    00000070                              : HwiPMSP432_nortos.oem4f (.text:HwiP_construct)
                  000037b0    00000070     drivers_msp432p401x.aem4f : UARTMSP432.oem4f (.text:UARTMSP432_writeCancel)
                  00003820    00000070     rtsv7M4_T_le_v4SPD16_eabi.lib : memory.c.obj (.text:split)
                  00003890    0000006d     nortos_msp432p401x.aem4f : SystemP_nortos.oem4f (.text:formatNum)
                  000038fd    00000001     --HOLE-- [fill = 0]
                  000038fe    00000002     drivers_msp432p401x.aem4f : UARTMSP432.oem4f (.text:UARTMSP432_init)
                  00003900    0000006c     msp432p4xx_driverlib.lib : i2c.o (.text:I2C_masterSendMultiByteFinish)
                  0000396c    0000006c     nortos_msp432p401x.aem4f : TimerPMSP432_nortos.oem4f (.text:TimerP_getCurrentTick)
                  000039d8    00000068                              : ClockPTimer_nortos.oem4f (.text:ClockP_usleep)
                  00003a40    00000068     drivers_msp432p401x.aem4f : GPIOMSP432.oem4f (.text:GPIO_hwiIntFxn)
                  00003aa8    00000068     msp432p4xx_driverlib.lib : interrupt.o (.text:Interrupt_pendInterrupt)
                  00003b10    00000068     drivers_msp432p401x.aem4f : PowerMSP432.oem4f (.text:PowerMSP432_getFreqs)
                  00003b78    00000068     nortos_msp432p401x.aem4f : SwiP_nortos.oem4f (.text:SwiP_post)
                  00003be0    00000068     rtsv7M4_T_le_v4SPD16_eabi.lib : copy_decompress_lzss.c.obj (.text:decompress:lzss:__TI_decompress_lzss)
                  00003c48    00000068     drivers_msp432p401x.aem4f : I2CMSP432.oem4f (.text:initHw)
                  00003cb0    00000060                               : GPIOMSP432.oem4f (.text:GPIO_setCallback)
                  00003d10    0000005c     display.aem4f : Display.oem4f (.text:Display_doOpen)
                  00003d6c    0000005c     msp432p4xx_driverlib.lib : interrupt.o (.text:Interrupt_registerInterrupt)
                  00003dc8    00000058     drivers_msp432p401x.aem4f : GPIOMSP432.oem4f (.text:GPIO_write)
                  00003e20    00000058     nortos_msp432p401x.aem4f : TimerPMSP432_nortos.oem4f (.text:TimerP_dynamicStub)
                  00003e78    00000058     drivers_msp432p401x.aem4f : UARTMSP432.oem4f (.text:readIsrBinaryBlocking)
                  00003ed0    00000056                               : I2CMSP432.oem4f (.text:completeTransfer)
                  00003f26    00000002     rtsv7M4_T_le_v4SPD16_eabi.lib : _lock.c.obj (.text:_nop)
                  00003f28    00000054     msp432p4xx_driverlib.lib : interrupt.o (.text:Interrupt_setPriority)
                  00003f7c    00000054     nortos_msp432p401x.aem4f : TimerPMSP432_nortos.oem4f (.text:TimerP_getCount64)
                  00003fd0    00000054     VL53L1X_api.obj (.text:VL53L1X_CheckForDataReady)
                  00004024    00000050     nortos_msp432p401x.aem4f : SemaphoreP_nortos.oem4f (.text:SemaphoreP_construct)
                  00004074    0000004c     drivers_msp432p401x.aem4f : UARTMSP432.oem4f (.text:readIsrBinaryCallback)
                  000040c0    0000004a     display.aem4f : DisplayUart.oem4f (.text:DisplayUartMin_open)
                  0000410a    00000002     nortos_msp432p401x.aem4f : startup_msp432_ccs.oem4f (.text:busFaultISR)
                  0000410c    00000048                              : ClockPTimer_nortos.oem4f (.text:ClockP_construct)
                  00004154    00000048     drivers_msp432p401x.aem4f : PowerMSP432.oem4f (.text:Power_releaseConstraint)
                  0000419c    00000048     rtsv7M4_T_le_v4SPD16_eabi.lib : fd_toi_t2.asm.obj (.text)
                  000041e4    00000046     display.aem4f : DisplayUart.oem4f (.text:DisplayUartMin_vprintf)
                  0000422a    00000046     drivers_msp432p401x.aem4f : RingBuf.oem4f (.text:RingBuf_put)
                  00004270    00000044                               : I2C.oem4f (.text:I2C_init)
                  000042b4    00000044     nortos_msp432p401x.aem4f : SemaphoreP_nortos.oem4f (.text:SemaphoreP_post)
                  000042f8    00000044                              : TimerPMSP432_nortos.oem4f (.text:TimerP_start)
                  0000433c    00000044     drivers_msp432p401x.aem4f : UART.oem4f (.text:UART_init)
                  00004380    00000044     VL53L1X_api.obj (.text:VL53L1X_GetInterruptPolarity)
                  000043c4    00000044     drivers_msp432p401x.aem4f : Watchdog.oem4f (.text:Watchdog_init)
                  00004408    00000044     rtsv7M4_T_le_v4SPD16_eabi.lib : autoinit.c.obj (.text:__TI_auto_init_nobinit_nopinit:__TI_auto_init_nobinit_nopinit)
                  0000444c    00000044     drivers_msp432p401x.aem4f : I2CMSP432.oem4f (.text:perfChangeNotifyFxn)
                  00004490    00000044     rtsv7M4_T_le_v4SPD16_eabi.lib : fd_tou_t2.asm.obj (.text)
                  000044d4    00000040     drivers_msp432p401x.aem4f : I2C.oem4f (.text:I2C_open)
                  00004514    00000040                               : RingBuf.oem4f (.text:RingBuf_get)
                  00004554    00000040     nortos_msp432p401x.aem4f : TimerPMSP432_nortos.oem4f (.text:TimerP_setNextTick)
                  00004594    00000040     drivers_msp432p401x.aem4f : UARTMSP432.oem4f (.text:UARTMSP432_read)
                  000045d4    00000040                               : UART.oem4f (.text:UART_open)
                  00004614    00000040                               : Watchdog.oem4f (.text:Watchdog_open)
                  00004654    00000040                               : UARTMSP432.oem4f (.text:perfChangeNotifyFxn)
                  00004694    00000040     rtsv7M4_T_le_v4SPD16_eabi.lib : u_divt2.asm.obj (.text)
                  000046d4    0000003c     nortos_msp432p401x.aem4f : TimerPMSP432_nortos.oem4f (.text:TimerP_initDevice)
                  00004710    0000003c     VL53L1X_api.obj (.text:VL53L1X_GetDistanceMode)
                  0000474c    00000038     drivers_msp432p401x.aem4f : GPIOMSP432.oem4f (.text:GPIO_toggle)
                  00004784    00000038                               : PowerMSP432.oem4f (.text:Power_setConstraint)
                  000047bc    00000038                               : WatchdogMSP432.oem4f (.text:WatchdogMSP432_close)
                  000047f4    00000036                               : UARTMSP432.oem4f (.text:UARTMSP432_readCancel)
                  0000482a    00000002     nortos_msp432p401x.aem4f : SemaphoreP_nortos.oem4f (.text:clkFxn)
                  0000482c    00000034     rtsv7M4_T_le_v4SPD16_eabi.lib : boot_cortex_m.c.obj (.text:_c_int00_noargs:_c_int00_noargs)
                  00004860    00000030     drivers_msp432p401x.aem4f : I2CMSP432.oem4f (.text:mapPin)
                  00004890    00000030                               : UARTMSP432.oem4f (.text:mapPin)
                  000048c0    0000002e     rtsv7M4_T_le_v4SPD16_eabi.lib : i_tofd_t2.asm.obj (.text)
                  000048ee    0000002a     display.aem4f : Display.oem4f (.text:Display_doPrintf)
                  00004918    0000002a     nortos_msp432p401x.aem4f : HwiPMSP432_nortos.oem4f (.text:HwiP_create)
                  00004942    00000002                              : startup_msp432_ccs.oem4f (.text:defaultISR)
                  00004944    00000028     display.aem4f : Display.oem4f (.text:Display_doInit)
                  0000496c    00000028     drivers_msp432p401x.aem4f : PowerMSP432.oem4f (.text:Power_registerNotify)
                  00004994    00000028     VL53L1X_api.obj (.text:VL53L1X_GetDistance)
                  000049bc    00000028     drivers_msp432p401x.aem4f : PowerMSP432.oem4f (.text:disableFaultCounter)
                  000049e4    00000028                               : UARTMSP432.oem4f (.text:findBaudDividerIndex)
                  00004a0c    00000028     rtsv7M4_T_le_v4SPD16_eabi.lib : memory.c.obj (.text:free_list_insert)
                  00004a34    00000026     drivers_msp432p401x.aem4f : List.oem4f (.text:List_put)
                  00004a5a    00000026                               : List.oem4f (.text:List_remove)
                  00004a80    00000024     nortos_msp432p401x.aem4f : ClockPTimer_nortos.oem4f (.text:ClockP_getTicks)
                  00004aa4    00000024                              : ClockPTimer_nortos.oem4f (.text:ClockP_scheduleNextTick)
                  00004ac8    00000024                              : HwiPMSP432_nortos.oem4f (.text:HwiP_dispatch)
                  00004aec    00000024                              : ClockPTimer_nortos.oem4f (.text:sleepTicks)
                  00004b10    00000020     msp432p4xx_driverlib.lib : cs.o (.text:CS_setExternalClockSourceFrequency)
                  00004b30    00000020     nortos_msp432p401x.aem4f : ClockPTimer_nortos.oem4f (.text:ClockP_add)
                  00004b50    00000020     drivers_msp432p401x.aem4f : PowerMSP432.oem4f (.text:Power_unregisterNotify)
                  00004b70    00000020     nortos_msp432p401x.aem4f : QueueP_nortos.oem4f (.text:QueueP_put)
                  00004b90    00000020     drivers_msp432p401x.aem4f : RingBuf.oem4f (.text:RingBuf_peek)
                  00004bb0    00000020     rtsv7M4_T_le_v4SPD16_eabi.lib : u_tofd_t2.asm.obj (.text)
                  00004bd0    0000001e     VL53L1X_api.obj (.text:VL53L1X_ClearInterrupt)
                  00004bee    0000001e     VL53L1X_api.obj (.text:VL53L1X_StartRanging)
                  00004c0c    0000001e     VL53L1X_api.obj (.text:VL53L1X_StopRanging)
                  00004c2a    00000002     nortos_msp432p401x.aem4f : startup_msp432_ccs.oem4f (.text:faultISR)
                  00004c2c    0000001c     msp432p4xx_driverlib.lib : interrupt.o (.text:Interrupt_unregisterInterrupt)
                  00004c48    0000001c     rtsv7M4_T_le_v4SPD16_eabi.lib : memory.c.obj (.text:free_list_remove)
                  00004c64    0000001a     nortos_msp432p401x.aem4f : ClockPTimer_nortos.oem4f (.text:ClockP_create)
                  00004c7e    0000001a                              : QueueP_nortos.oem4f (.text:QueueP_get)
                  00004c98    0000001a                              : SemaphoreP_nortos.oem4f (.text:SemaphoreP_createBinary)
                  00004cb2    00000018                              : ClockPTimer_nortos.oem4f (.text:ClockP_destruct)
                  00004cca    00000018                              : HwiPMSP432_nortos.oem4f (.text:HwiP_delete)
                  00004ce2    00000002                              : startup_msp432_ccs.oem4f (.text:nmiISR)
                  00004ce4    00000018                              : HwiPMSP432_nortos.oem4f (.text:HwiP_inISR)
                  00004cfc    00000018     drivers_msp432p401x.aem4f : I2C.oem4f (.text:I2C_transfer)
                  00004d14    00000018     msp432p4xx_driverlib.lib : sysctl_a.o (.text:SysCtl_A_disableNMISource)
                  00004d2c    00000018                              : sysctl_a.o (.text:SysCtl_A_enableNMISource)
                  00004d44    00000018     drivers_msp432p401x.aem4f : UART.oem4f (.text:UART_Params_init)
                  00004d5c    00000018     nortos_msp432p401x.aem4f : startup_msp432_ccs.oem4f (.text:resetISR)
                  00004d74    00000016     display.aem4f : DisplayUart.oem4f (.text:DisplayUartMin_close)
                  00004d8a    00000016     nortos_msp432p401x.aem4f : SemaphoreP_nortos.oem4f (.text:SemaphoreP_create)
                  00004da0    00000016                              : SwiP_nortos.oem4f (.text:maxbit)
                  00004db6    00000016                              : SystemP_nortos.oem4f (.text:putChar)
                  00004dcc    00000014     drivers_msp432p401x.aem4f : PowerMSP432.oem4f (.text:Power_idleFunc)
                  00004de0    00000014     nortos_msp432p401x.aem4f : SwiP_nortos.oem4f (.text:SwiP_handleHwi)
                  00004df4    00000014                              : TimerPMSP432_nortos.oem4f (.text:TimerP_getCount)
                  00004e08    00000014     drivers_msp432p401x.aem4f : UARTMSP432.oem4f (.text:clearTXCPTIFG)
                  00004e1c    00000014     rtsv7M4_T_le_v4SPD16_eabi.lib : strlen.c.obj (.text:strlen)
                  00004e30    00000012     nortos_msp432p401x.aem4f : HwiPMSP432_nortos.oem4f (.text:HwiP_Params_init)
                  00004e42    00000012     drivers_msp432p401x.aem4f : RingBuf.oem4f (.text:RingBuf_construct)
                  00004e54    00000012     main_nortos.obj (.text:main)
                  00004e66    00000002     rtsv7M4_T_le_v4SPD16_eabi.lib : div0.asm.obj (.text)
                  00004e68    00000010     nortos_msp432p401x.aem4f : ClockPTimer_nortos.oem4f (.text:ClockP_Params_init)
                  00004e78    00000010                              : ClockPTimer_nortos.oem4f (.text:ClockP_delete)
                  00004e88    00000010                              : HwiPMSP432_nortos.oem4f (.text:HwiP_disable)
                  00004e98    00000010     drivers_msp432p401x.aem4f : I2C.oem4f (.text:I2C_Params_init)
                  00004ea8    00000010     msp432p4xx_driverlib.lib : interrupt.o (.text:Interrupt_disableMaster)
                  00004eb8    00000010                              : interrupt.o (.text:Interrupt_enableMaster)
                  00004ec8    00000010     drivers_msp432p401x.aem4f : PowerMSP432.oem4f (.text:PowerMSP432_getNumPerfLevels)
                  00004ed8    00000010                               : PowerMSP432.oem4f (.text:Power_disablePolicy)
                  00004ee8    00000010                               : PowerMSP432.oem4f (.text:Power_enablePolicy)
                  00004ef8    00000010     nortos_msp432p401x.aem4f : SemaphoreP_nortos.oem4f (.text:SemaphoreP_Params_init)
                  00004f08    00000010                              : SwiP_nortos.oem4f (.text:SwiP_Params_init)
                  00004f18    00000010     msp432p4xx_driverlib.lib : sysctl_a.o (.text:SysCtl_A_getNMISourceStatus)
                  00004f28    00000010     nortos_msp432p401x.aem4f : TimerPMSP432_nortos.oem4f (.text:TimerP_Params_init)
                  00004f38    00000010     drivers_msp432p401x.aem4f : WatchdogMSP432.oem4f (.text:WatchdogMSP432_clear)
                  00004f48    00000010                               : Watchdog.oem4f (.text:Watchdog_Params_init)
                  00004f58    00000010                               : UARTMSP432.oem4f (.text:readBlockingTimeout)
                  00004f68    0000000e     nortos_msp432p401x.aem4f : QueueP_nortos.oem4f (.text:QueueP_empty)
                  00004f76    0000000e                              : QueueP_nortos.oem4f (.text:QueueP_remove)
                  00004f84    0000000e     rtsv7M4_T_le_v4SPD16_eabi.lib : copy_decompress_none.c.obj (.text:decompress:none:__TI_decompress_none)
                  00004f92    0000000c     ti_drivers_config.obj (.text:Board_init)
                  00004f9e    0000000c     msp432p4xx_driverlib.lib : cpu.o (.text:CPU_cpsid)
                  00004faa    0000000c                              : cpu.o (.text:CPU_cpsie)
                  00004fb6    00000002     --HOLE-- [fill = 0]
                  00004fb8    0000000c     nortos_msp432p401x.aem4f : ClockPTimer_nortos.oem4f (.text:ClockP_doTick)
                  00004fc4    0000000c     drivers_msp432p401x.aem4f : PowerMSP432.oem4f (.text:Power_getPerformanceLevel)
                  00004fd0    0000000c     nortos_msp432p401x.aem4f : TimerPMSP432_nortos.oem4f (.text:TimerP_getFreq)
                  00004fdc    0000000c                              : TimerPMSP432_nortos.oem4f (.text:TimerP_getMaxTicks)
                  00004fe8    0000000c     rtsv7M4_T_le_v4SPD16_eabi.lib : copy_zero_init.c.obj (.text:decompress:ZI:__TI_zero_init)
                  00004ff4    0000000a     drivers_msp432p401x.aem4f : UART.oem4f (.text:UART_close)
                  00004ffe    0000000a                               : UART.oem4f (.text:UART_control)
                  00005008    0000000a                               : UART.oem4f (.text:UART_write)
                  00005012    0000000a                               : Watchdog.oem4f (.text:Watchdog_clear)
                  0000501c    00000008     nortos_msp432p401x.aem4f : HwiPMSP432_nortos.oem4f (.text:HwiP_restore)
                  00005024    00000008     drivers_msp432p401x.aem4f : WatchdogMSP432.oem4f (.text:WatchdogMSP432_init)
                  0000502c    00000008                               : I2CMSP432.oem4f (.text:blockingTransferCallback)
                  00005034    00000008     rtsv7M4_T_le_v4SPD16_eabi.lib : memory.c.obj (.text:malloc)
                  0000503c    00000008     drivers_msp432p401x.aem4f : UARTMSP432.oem4f (.text:readSemCallback)
                  00005044    00000008                               : UARTMSP432.oem4f (.text:txcptEnabledStatus)
                  0000504c    00000008                               : UARTMSP432.oem4f (.text:writeSemCallback)
                  00005054    00000006     nortos_msp432p401x.aem4f : ClockPTimer_nortos.oem4f (.text:ClockP_stop)
                  0000505a    00000006     display.aem4f : DisplayUart.oem4f (.text:DisplayUartMin_control)
                  00005060    00000006                   : DisplayUart.oem4f (.text:DisplayUartMin_getType)
                  00005066    00000006     drivers_msp432p401x.aem4f : I2CMSP432.oem4f (.text:I2CMSP432_control)
                  0000506c    00000006     nortos_msp432p401x.aem4f : QueueP_nortos.oem4f (.text:QueueP_init)
                  00005072    00000006     drivers_msp432p401x.aem4f : WatchdogMSP432.oem4f (.text:WatchdogMSP432_control)
                  00005078    00000006                               : WatchdogMSP432.oem4f (.text:WatchdogMSP432_setReload)
                  0000507e    00000004     nortos_msp432p401x.aem4f : ClockPTimer_nortos.oem4f (.text:ClockP_isActive)
                  00005082    00000004                              : ClockPTimer_nortos.oem4f (.text:ClockP_setTimeout)
                  00005086    00000004                              : HwiPMSP432_nortos.oem4f (.text:HwiP_enable)
                  0000508a    00000004                              : HwiPMSP432_nortos.oem4f (.text:HwiP_post)
                  0000508e    00000004                              : QueueP_nortos.oem4f (.text:QueueP_head)
                  00005092    00000004                              : QueueP_nortos.oem4f (.text:QueueP_next)
                  00005096    00000004                              : SemaphoreP_nortos.oem4f (.text:SemaphoreP_delete)
                  0000509a    00000004                              : SystemP_nortos.oem4f (.text:SystemP_vsnprintf)
                  0000509e    00000004                              : TimerPMSP432_nortos.oem4f (.text:TimerP_setPeriod)
                  000050a2    00000004     drivers_msp432p401x.aem4f : WatchdogMSP432.oem4f (.text:WatchdogMSP432_convertMsToTicks)
                  000050a6    00000004     rtsv7M4_T_le_v4SPD16_eabi.lib : pre_init.c.obj (.text:_system_pre_init)
                  000050aa    00000004                                   : exit.c.obj (.text:abort:abort)

.const     0    000050b0    000002be     
                  000050b0    0000005b     VL53L1X_api.obj (.const:.string:VL51L1X_DEFAULT_CONFIGURATION)
                  0000510b    00000001     display.aem4f : Display.oem4f (.const:Display_defaultParams)
                  0000510c    00000050     msp432p4xx_driverlib.lib : interrupt.o (.const:g_pulRegs)
                  0000515c    00000038     ti_drivers_config.obj (.const:PowerMSP432_config)
                  00005194    0000002c     ti_drivers_config.obj (.const:uartMSP432HWAttrs)
                  000051c0    00000028     drivers_msp432p401x.aem4f : UARTMSP432.oem4f (.const:UARTMSP432_fxnTable)
                  000051e8    00000024                               : UART.oem4f (.const:UART_defaultParams)
                  0000520c    00000020     display.aem4f : DisplayUart.oem4f (.const:DisplayUartMin_fxnTable)
                  0000522c    00000020     drivers_msp432p401x.aem4f : UARTMSP432.oem4f (.const:staticFxnTable)
                  0000524c    0000001c                               : WatchdogMSP432.oem4f (.const:WatchdogMSP432_fxnTable)
                  00005268    00000018                               : I2CMSP432.oem4f (.const:I2CMSP432_fxnTable)
                  00005280    00000014     ti_drivers_config.obj (.const:GPIOMSP432_config)
                  00005294    00000014     ti_drivers_config.obj (.const:displayUartHWAttrs)
                  000052a8    00000014     ti_drivers_config.obj (.const:i2cMSP432HWAttrs)
                  000052bc    00000010     drivers_msp432p401x.aem4f : I2C.oem4f (.const:I2C_defaultParams)
                  000052cc    00000010     nortos_msp432p401x.aem4f : SwiP_nortos.oem4f (.const:SwiP_defaultParams)
                  000052dc    00000010     ti_drivers_config.obj (.const:uartMSP432Baudrates)
                  000052ec    0000000c     ti_drivers_config.obj (.const:Display_config)
                  000052f8    0000000c     ti_drivers_config.obj (.const:I2C_config)
                  00005304    0000000c     ti_drivers_config.obj (.const:UART_config)
                  00005310    0000000c     ti_drivers_config.obj (.const:Watchdog_config)
                  0000531c    0000000c     drivers_msp432p401x.aem4f : Watchdog.oem4f (.const:Watchdog_defaultParams)
                  00005328    0000000c                               : I2CMSP432.oem4f (.const:bitRates)
                  00005334    00000008     msp432p4xx_driverlib.lib : interrupt.o (.const:g_pulDisRegs)
                  0000533c    00000008                              : interrupt.o (.const:g_pulEnRegs)
                  00005344    00000008                              : interrupt.o (.const:g_pulPendRegs)
                  0000534c    00000008     ti_drivers_config.obj (.const:watchdogMSP432HWAttrs)
                  00005354    00000006     drivers_msp432p401x.aem4f : GPIOMSP432.oem4f (.const:.string:interruptType)
                  0000535a    00000006                               : GPIOMSP432.oem4f (.const:.string:portInterruptIds)
                  00005360    00000005                               : UARTMSP432.oem4f (.const:.string:parityTypes)
                  00005365    00000001     --HOLE-- [fill = 0]
                  00005366    00000004                               : UARTMSP432.oem4f (.const:stopBits)
                  0000536a    00000004     ti_drivers_config.obj (.const)

.cinit     0    00005370    000000c0     
                  00005370    0000008c     (.cinit..data.load) [load image, compression = lzss]
                  000053fc    0000000c     (__TI_handler_table)
                  00005408    00000008     (.cinit..bss.load) [load image, compression = zero_init]
                  00005410    00000008     (.cinit..vtable.load) [load image, compression = zero_init]
                  00005418    00000018     (__TI_cinit_table)

.init_array 
*          0    00000000    00000000     UNINITIALIZED

.intvecs   0    00000000    00000144     
                  00000000    00000144     nortos_msp432p401x.aem4f : startup_msp432_ccs.oem4f (.intvecs:retain)

.sysmem    0    20000000    00008000     UNINITIALIZED
                  20000000    00000010     rtsv7M4_T_le_v4SPD16_eabi.lib : memory.c.obj (.sysmem)
                  20000010    00007ff0     --HOLE--

.bss       0    20008000    000006a8     UNINITIALIZED
                  20008000    00000400     ti_drivers_config.obj (.bss:displayUARTBuffer)
                  20008400    000000a0     nortos_msp432p401x.aem4f : ClockPTimer_nortos.oem4f (.bss:ClockP_module)
                  200084a0    00000080     (.common:uartMSP432Objects)
                  20008520    00000050     (.common:i2cMSP432Objects)
                  20008570    00000030     drivers_msp432p401x.aem4f : GPIOMSP432.oem4f (.bss:gpioCallbackInfo)
                  200085a0    00000020     nortos_msp432p401x.aem4f : SwiP_nortos.oem4f (.bss:SwiP_readyList)
                  200085c0    00000020     ti_drivers_config.obj (.bss:uartMSP432RingBuffer0)
                  200085e0    0000001c     nortos_msp432p401x.aem4f : SwiP_nortos.oem4f (.bss:SwiP_hwiStruct)
                  200085fc    0000001c                              : TimerPMSP432_nortos.oem4f (.bss:TimerP_hwiStruct)
                  20008618    0000001c     (.common:i2cTransaction)
                  20008634    00000010     (.common:i2cParams)
                  20008644    0000000d                              : SwiP_nortos.oem4f (.bss)
                  20008651    00000003     --HOLE--
                  20008654    0000000c     (.common:displayUartObject)
                  20008660    0000000c     (.common:readBuffer)
                  2000866c    0000000c     (.common:watchdogMSP432Objects)
                  20008678    0000000c     (.common:writeBuffer)
                  20008684    00000008     msp432p4xx_driverlib.lib : cs.o (.bss)
                  2000868c    00000008     nortos_msp432p401x.aem4f : ClockPTimer_nortos.oem4f (.bss:timerFreq)
                  20008694    00000004     drivers_msp432p401x.aem4f : GPIOMSP432.oem4f (.bss)
                  20008698    00000004     nortos_msp432p401x.aem4f : ClockPTimer_nortos.oem4f (.bss)
                  2000869c    00000004                              : TimerPMSP432_nortos.oem4f (.bss)
                  200086a0    00000004     (.common:display)
                  200086a4    00000004     (.common:i2c1)

.data      0    200086a8    00000306     UNINITIALIZED
                  200086a8    00000140     nortos_msp432p401x.aem4f : HwiPMSP432_nortos.oem4f (.data:HwiP_dispatchTable)
                  200087e8    00000140     drivers_msp432p401x.aem4f : PowerMSP432.oem4f (.data:PowerMSP432_perfLevels)
                  20008928    0000002c                               : PowerMSP432.oem4f (.data:PowerMSP432_module)
                  20008954    0000000c     nortos_msp432p401x.aem4f : ClockPTimer_nortos.oem4f (.data:ClockP_defaultParams)
                  20008960    0000000c                              : TimerPMSP432_nortos.oem4f (.data:TimerP_defaultParams)
                  2000896c    00000008     rtsv7M4_T_le_v4SPD16_eabi.lib : _lock.c.obj (.data:$O1$$)
                  20008974    00000008                                   : memory.c.obj (.data:$O1$$)
                  2000897c    00000008     nortos_msp432p401x.aem4f : SemaphoreP_nortos.oem4f (.data:SemaphoreP_defaultParams)
                  20008984    00000008     ti_drivers_config.obj (.data:gpioCallbackFunctions)
                  2000898c    00000008     ti_drivers_config.obj (.data:gpioPinConfigs)
                  20008994    00000008     nortos_msp432p401x.aem4f : ClockPTimer_nortos.oem4f (.data)
                  2000899c    00000008                              : HwiPMSP432_nortos.oem4f (.data)
                  200089a4    00000003                              : SemaphoreP_nortos.oem4f (.data)
                  200089a7    00000002     drivers_msp432p401x.aem4f : GPIOMSP432.oem4f (.data)
                  200089a9    00000001                               : I2C.oem4f (.data)
                  200089aa    00000001                               : UART.oem4f (.data)
                  200089ab    00000001                               : Watchdog.oem4f (.data)
                  200089ac    00000001     nortos_msp432p401x.aem4f : SwiP_nortos.oem4f (.data)
                  200089ad    00000001                              : TimerPMSP432_nortos.oem4f (.data)

.vtable    0    20008c00    000000e8     UNINITIALIZED
                  20008c00    000000e8     msp432p4xx_driverlib.lib : interrupt.o (.vtable)

.stack     0    2000f000    00001000     UNINITIALIZED
                  2000f000    00000004     rtsv7M4_T_le_v4SPD16_eabi.lib : boot_cortex_m.c.obj (.stack)
                  2000f004    00000ffc     --HOLE--

__llvm_prf_cnts 
*          0    20000000    00000000     UNINITIALIZED

.binit     0    00000000    00000000     

MODULE SUMMARY

       Module                       code    ro data   rw data
       ------                       ----    -------   -------
    ./
       vl53l1.obj                   488     0         152    
       main_nortos.obj              18      0         0      
    +--+----------------------------+-------+---------+---------+
       Total:                       506     0         152    
                                                             
    ./core/
       VL53L1X_api.obj              2290    91        0      
    +--+----------------------------+-------+---------+---------+
       Total:                       2290    91        0      
                                                             
    ./syscfg/
       ti_drivers_config.obj        14      236       2608   
    +--+----------------------------+-------+---------+---------+
       Total:                       14      236       2608   
                                                             
    /home/ebad/ti/ccs1020/ccs/tools/compiler/ti-cgt-arm_20.2.2.LTS/lib/rtsv7M4_T_le_v4SPD16_eabi.lib
       memory.c.obj                 672     0         16     
       fd_add_t2.asm.obj            438     0         0      
       fd_div_t2.asm.obj            310     0         0      
       fd_mul_t2.asm.obj            252     0         0      
       memcpy_t2.asm.obj            156     0         0      
       ull_div_t2.asm.obj           150     0         0      
       fd_cmp_t2.asm.obj            134     0         0      
       memset_t2.asm.obj            122     0         0      
       copy_decompress_lzss.c.obj   104     0         0      
       fd_toi_t2.asm.obj            72      0         0      
       autoinit.c.obj               68      0         0      
       fd_tou_t2.asm.obj            68      0         0      
       u_divt2.asm.obj              64      0         0      
       boot_cortex_m.c.obj          52      0         0      
       i_tofd_t2.asm.obj            46      0         0      
       u_tofd_t2.asm.obj            32      0         0      
       strlen.c.obj                 20      0         0      
       _lock.c.obj                  2       0         16     
       copy_decompress_none.c.obj   14      0         0      
       copy_zero_init.c.obj         12      0         0      
       exit.c.obj                   4       0         0      
       pre_init.c.obj               4       0         0      
       div0.asm.obj                 2       0         0      
    +--+----------------------------+-------+---------+---------+
       Total:                       2798    0         32     
                                                             
    /home/ebad/ti/simplelink_msp432p4_sdk_3_40_01_02/kernel/nortos/lib/nortos_msp432p401x.aem4f
       ClockPTimer_nortos.oem4f     1024    0         384    
       HwiPMSP432_nortos.oem4f      288     0         656    
       SystemP_nortos.oem4f         863     0         0      
       TimerPMSP432_nortos.oem4f    760     0         90     
       SwiP_nortos.oem4f            534     16        148    
       SemaphoreP_nortos.oem4f      380     0         22     
       startup_msp432_ccs.oem4f     32      324       0      
       QueueP_nortos.oem4f          100     0         0      
       PowerMSP432_nortos.oem4f     2       0         0      
    +--+----------------------------+-------+---------+---------+
       Total:                       3983    340       1300   
                                                             
    /home/ebad/ti/simplelink_msp432p4_sdk_3_40_01_02/source/ti/devices/msp432p4xx/driverlib/ccs/msp432p4xx_driverlib.lib
       interrupt.o                  598     104       464    
       cs.o                         704     0         16     
       uart.o                       284     0         0      
       i2c.o                        108     0         0      
       sysctl_a.o                   64      0         0      
       cpu.o                        24      0         0      
    +--+----------------------------+-------+---------+---------+
       Total:                       1782    104       480    
                                                             
    /home/ebad/ti/simplelink_msp432p4_sdk_3_40_01_02/source/ti/display/lib/display.aem4f
       DisplayUart.oem4f            184     32        0      
       Display.oem4f                174     1         0      
    +--+----------------------------+-------+---------+---------+
       Total:                       358     33        0      
                                                             
    /home/ebad/ti/simplelink_msp432p4_sdk_3_40_01_02/source/ti/drivers/lib/drivers_msp432p401x.aem4f
       UARTMSP432.oem4f             3406    81        0      
       I2CMSP432.oem4f              2028    36        0      
       PowerMSP432.oem4f            1228    0         728    
       GPIOMSP432.oem4f             884     12        108    
       WatchdogMSP432.oem4f         274     28        0      
       UART.oem4f                   186     36        2      
       I2C.oem4f                    172     16        2      
       RingBuf.oem4f                184     0         0      
       Watchdog.oem4f               158     12        2      
       List.oem4f                   76      0         0      
    +--+----------------------------+-------+---------+---------+
       Total:                       8596    221       842    
                                                             
       Heap:                        0       0         65536  
       Stack:                       0       0         8192   
       Linker Generated:            0       192       0      
    +--+----------------------------+-------+---------+---------+
       Grand Total:                 20327   1217      79142  


LINKER GENERATED COPY TABLES

__TI_cinit_table @ 00005418 records: 3, size/record: 8, table size: 24
	.data: load addr=00005370, load size=0000008c bytes, run addr=200086a8, run size=00000306 bytes, compression=lzss
	.bss: load addr=00005408, load size=00000008 bytes, run addr=20008000, run size=000006a8 bytes, compression=zero_init
	.vtable: load addr=00005410, load size=00000008 bytes, run addr=20008c00, run size=000000e8 bytes, compression=zero_init


LINKER GENERATED HANDLER TABLE

__TI_handler_table @ 000053fc records: 3, size/record: 4, table size: 12
	index: 0, handler: __TI_decompress_lzss
	index: 1, handler: __TI_decompress_none
	index: 2, handler: __TI_zero_init


GLOBAL SYMBOLS: SORTED ALPHABETICALLY BY Name 

address   name                              
-------   ----                              
00004f93  Board_init                        
000014fb  Board_initHook                    
000050ab  C$$EXIT                           
00004f9f  CPU_cpsid                         
00004fab  CPU_cpsie                         
00004b11  CS_setExternalClockSourceFrequency
00001b31  CS_startHFXTWithTimeout           
00001cf9  CS_startLFXTWithTimeout           
00004e69  ClockP_Params_init                
00004b31  ClockP_add                        
0000410d  ClockP_construct                  
00004c65  ClockP_create                     
00004e79  ClockP_delete                     
00004cb3  ClockP_destruct                   
00004fb9  ClockP_doTick                     
00004a81  ClockP_getTicks                   
0000507f  ClockP_isActive                   
00004aa5  ClockP_scheduleNextTick           
00005083  ClockP_setTimeout                 
00003355  ClockP_start                      
000024f5  ClockP_startup                    
00005055  ClockP_stop                       
20008998  ClockP_tickPeriod                 
000039d9  ClockP_usleep                     
00003651  ClockP_walkQueueDynamic           
00002875  ClockP_workFuncDynamic            
00001843  DisplayUartMin_clear              
000022cb  DisplayUartMin_clearLines         
00004d75  DisplayUartMin_close              
0000505b  DisplayUartMin_control            
0000520c  DisplayUartMin_fxnTable           
00005061  DisplayUartMin_getType            
000027c3  DisplayUartMin_init               
000040c1  DisplayUartMin_open               
000041e5  DisplayUartMin_vprintf            
000052ec  Display_config                    
0000536a  Display_count                     
0000510b  Display_defaultParams             
00004945  Display_doInit                    
00003d11  Display_doOpen                    
000048ef  Display_doPrintf                  
00005280  GPIOMSP432_config                 
00003a41  GPIO_hwiIntFxn                    
00002921  GPIO_init                         
00003cb1  GPIO_setCallback                  
00001255  GPIO_setConfig                    
0000474d  GPIO_toggle                       
00003dc9  GPIO_write                        
00004e31  HwiP_Params_init                  
00003741  HwiP_construct                    
00004919  HwiP_create                       
00004ccb  HwiP_delete                       
00004e89  HwiP_disable                      
00004ac9  HwiP_dispatch                     
00005087  HwiP_enable                       
00004ce5  HwiP_inISR                        
2000899c  HwiP_key                          
0000508b  HwiP_post                         
0000501d  HwiP_restore                      
200089a0  HwiP_swiPIntNum                   
000029cd  I2CMSP432_cancel                  
000036c9  I2CMSP432_close                   
00005067  I2CMSP432_control                 
00005268  I2CMSP432_fxnTable                
000010d1  I2CMSP432_hwiIntFxn               
00002f73  I2CMSP432_init                    
00000975  I2CMSP432_open                    
00001a41  I2CMSP432_transfer                
00004e99  I2C_Params_init                   
000052f8  I2C_config                        
0000536b  I2C_count                         
000052bc  I2C_defaultParams                 
00004271  I2C_init                          
00003901  I2C_masterSendMultiByteFinish     
000044d5  I2C_open                          
00004cfd  I2C_transfer                      
000033d5  Interrupt_disableInterrupt        
00004ea9  Interrupt_disableMaster           
00003455  Interrupt_enableInterrupt         
00004eb9  Interrupt_enableMaster            
00003aa9  Interrupt_pendInterrupt           
00003d6d  Interrupt_registerInterrupt       
00003f29  Interrupt_setPriority             
00004c2d  Interrupt_unregisterInterrupt     
00004a35  List_put                          
00004a5b  List_remove                       
00005087  NoRTOS_start                      
0000515c  PowerMSP432_config                
00003b11  PowerMSP432_getFreqs              
00004ec9  PowerMSP432_getNumPerfLevels      
20008928  PowerMSP432_module                
200087e8  PowerMSP432_perfLevels            
0000364f  PowerMSP432_updateFreqs           
00004ed9  Power_disablePolicy               
00004ee9  Power_enablePolicy                
00004fc5  Power_getPerformanceLevel         
00004dcd  Power_idleFunc                    
00002d09  Power_init                        
0000496d  Power_registerNotify              
00004155  Power_releaseConstraint           
00004785  Power_setConstraint               
00004b51  Power_unregisterNotify            
00004f69  QueueP_empty                      
00004c7f  QueueP_get                        
0000508f  QueueP_head                       
0000506d  QueueP_init                       
00005093  QueueP_next                       
00004b71  QueueP_put                        
00004f77  QueueP_remove                     
00004e43  RingBuf_construct                 
00004515  RingBuf_get                       
00004b91  RingBuf_peek                      
0000422b  RingBuf_put                       
00004ef9  SemaphoreP_Params_init            
00004025  SemaphoreP_construct              
00004d8b  SemaphoreP_create                 
00004c99  SemaphoreP_createBinary           
2000897c  SemaphoreP_defaultParams          
00005097  SemaphoreP_delete                 
0000373f  SemaphoreP_destruct               
00002bc9  SemaphoreP_pend                   
000042b5  SemaphoreP_post                   
00004f09  SwiP_Params_init                  
00002071  SwiP_construct                    
00002da5  SwiP_dispatch                     
00003b79  SwiP_post                         
00004d15  SysCtl_A_disableNMISource         
00004d2d  SysCtl_A_enableNMISource          
00004f19  SysCtl_A_getNMISourceStatus       
0000509b  SystemP_vsnprintf                 
00004f29  TimerP_Params_init                
00001dd9  TimerP_construct                  
00003e21  TimerP_dynamicStub                
00003f7d  TimerP_getCount64                 
0000396d  TimerP_getCurrentTick             
00004fd1  TimerP_getFreq                    
00004fdd  TimerP_getMaxTicks                
000046d5  TimerP_initDevice                 
00004555  TimerP_setNextTick                
0000509f  TimerP_setPeriod                  
000042f9  TimerP_start                      
00003009  UARTMSP432_close                  
000025a9  UARTMSP432_control                
000051c0  UARTMSP432_fxnTable               
00002149  UARTMSP432_hwiIntFxn              
000038ff  UARTMSP432_init                   
0000041d  UARTMSP432_open                   
00004595  UARTMSP432_read                   
000047f5  UARTMSP432_readCancel             
00001eb9  UARTMSP432_readPolling            
00002a79  UARTMSP432_write                  
000037b1  UARTMSP432_writeCancel            
0000265d  UARTMSP432_writePolling           
00004d45  UART_Params_init                  
00004ff5  UART_close                        
00005304  UART_config                       
00004fff  UART_control                      
0000536c  UART_count                        
000051e8  UART_defaultParams                
0000433d  UART_init                         
000014fd  UART_initModule                   
000045d5  UART_open                         
00005009  UART_write                        
000050b0  VL51L1X_DEFAULT_CONFIGURATION     
00003fd1  VL53L1X_CheckForDataReady         
00004bd1  VL53L1X_ClearInterrupt            
00004995  VL53L1X_GetDistance               
00004711  VL53L1X_GetDistanceMode           
000034d5  VL53L1X_GetInterMeasurementInMs   
00004381  VL53L1X_GetInterruptPolarity      
00002213  VL53L1X_GetTimingBudgetInMs       
000027c5  VL53L1X_SensorInit                
00001735  VL53L1X_SetDistanceMode           
00000d55  VL53L1X_SetTimingBudgetInMs       
00004bef  VL53L1X_StartRanging              
00004c0d  VL53L1X_StopRanging               
000032d1  VL53L1_RdByte                     
000022cd  VL53L1_RdDWord                    
00002f75  VL53L1_RdWord                     
00003555  VL53L1_WrByte                     
0000312d  VL53L1_WrWord                     
4000480c  WDTCTL_SYM                        
00004f39  WatchdogMSP432_clear              
000047bd  WatchdogMSP432_close              
00005073  WatchdogMSP432_control            
000050a3  WatchdogMSP432_convertMsToTicks   
0000524c  WatchdogMSP432_fxnTable           
00005025  WatchdogMSP432_init               
00002711  WatchdogMSP432_open               
00005079  WatchdogMSP432_setReload          
00004f49  Watchdog_Params_init              
00005013  Watchdog_clear                    
00005310  Watchdog_config                   
0000536d  Watchdog_count                    
0000531c  Watchdog_defaultParams            
000043c5  Watchdog_init                     
00004615  Watchdog_open                     
20010000  __STACK_END                       
00001000  __STACK_SIZE                      
00008000  __SYSMEM_SIZE                     
00005418  __TI_CINIT_Base                   
00005430  __TI_CINIT_Limit                  
000053fc  __TI_Handler_Table_Base           
00005408  __TI_Handler_Table_Limit          
00004409  __TI_auto_init_nobinit_nopinit    
00003be1  __TI_decompress_lzss              
00004f85  __TI_decompress_none              
ffffffff  __TI_pprof_out_hndl               
ffffffff  __TI_prof_data_size               
ffffffff  __TI_prof_data_start              
00005370  __TI_static_base__                
00004fe9  __TI_zero_init                    
00003249  __aeabi_cdcmpeq                   
00003249  __aeabi_cdcmple                   
0000419d  __aeabi_d2iz                      
00004491  __aeabi_d2uiz                     
00000f25  __aeabi_dadd                      
000013c5  __aeabi_ddiv                      
00001945  __aeabi_dmul                      
00000f1b  __aeabi_dsub                      
000048c1  __aeabi_i2d                       
00004e67  __aeabi_idiv0                     
00004e67  __aeabi_ldiv0                     
000035d5  __aeabi_memclr                    
000035d5  __aeabi_memclr4                   
000035d5  __aeabi_memclr8                   
00002e41  __aeabi_memcpy                    
00002e41  __aeabi_memcpy4                   
00002e41  __aeabi_memcpy8                   
000035d7  __aeabi_memset                    
000035d7  __aeabi_memset4                   
000035d7  __aeabi_memset8                   
00004bb1  __aeabi_ui2d                      
00004695  __aeabi_uidiv                     
00004695  __aeabi_uidivmod                  
00002edd  __aeabi_uldivmod                  
ffffffff  __binit__                         
ffffffff  __c_args__                        
UNDEFED   __mpu_init                        
2000f000  __stack                           
20000000  __start___llvm_prf_cnts           
20000000  __stop___llvm_prf_cnts            
0000482d  _c_int00_noargs                   
2000896c  _lock                             
00003f27  _nop                              
20000000  _sys_memory                       
UNDEFED   _system_post_cinit                
000050a7  _system_pre_init                  
20008970  _unlock                           
000050ab  abort                             
00001845  aligned_alloc                     
ffffffff  binit                             
0000482b  clkFxn                            
200086a0  display                           
00005294  displayUartHWAttrs                
20008654  displayUartObject                 
00001c15  free                              
20008c00  g_pfnRAMVectors                   
20008984  gpioCallbackFunctions             
2000898c  gpioPinConfigs                    
200086a4  i2c1                              
000052a8  i2cMSP432HWAttrs                  
20008520  i2cMSP432Objects                  
20008634  i2cParams                         
20008618  i2cTransaction                    
00000000  interruptVectors                  
00004e55  main                              
00000b6d  mainThread                        
00005035  malloc                            
00001845  memalign                          
00002e41  memcpy                            
000035dd  memset                            
20008660  readBuffer                        
00004d5d  resetISR                          
00004e1d  strlen                            
200084a0  uartMSP432Objects                 
000039d9  usleep                            
0000534c  watchdogMSP432HWAttrs             
2000866c  watchdogMSP432Objects             
20008678  writeBuffer                       


GLOBAL SYMBOLS: SORTED BY Symbol Address 

address   name                              
-------   ----                              
00000000  interruptVectors                  
0000041d  UARTMSP432_open                   
00000975  I2CMSP432_open                    
00000b6d  mainThread                        
00000d55  VL53L1X_SetTimingBudgetInMs       
00000f1b  __aeabi_dsub                      
00000f25  __aeabi_dadd                      
00001000  __STACK_SIZE                      
000010d1  I2CMSP432_hwiIntFxn               
00001255  GPIO_setConfig                    
000013c5  __aeabi_ddiv                      
000014fb  Board_initHook                    
000014fd  UART_initModule                   
00001735  VL53L1X_SetDistanceMode           
00001843  DisplayUartMin_clear              
00001845  aligned_alloc                     
00001845  memalign                          
00001945  __aeabi_dmul                      
00001a41  I2CMSP432_transfer                
00001b31  CS_startHFXTWithTimeout           
00001c15  free                              
00001cf9  CS_startLFXTWithTimeout           
00001dd9  TimerP_construct                  
00001eb9  UARTMSP432_readPolling            
00002071  SwiP_construct                    
00002149  UARTMSP432_hwiIntFxn              
00002213  VL53L1X_GetTimingBudgetInMs       
000022cb  DisplayUartMin_clearLines         
000022cd  VL53L1_RdDWord                    
000024f5  ClockP_startup                    
000025a9  UARTMSP432_control                
0000265d  UARTMSP432_writePolling           
00002711  WatchdogMSP432_open               
000027c3  DisplayUartMin_init               
000027c5  VL53L1X_SensorInit                
00002875  ClockP_workFuncDynamic            
00002921  GPIO_init                         
000029cd  I2CMSP432_cancel                  
00002a79  UARTMSP432_write                  
00002bc9  SemaphoreP_pend                   
00002d09  Power_init                        
00002da5  SwiP_dispatch                     
00002e41  __aeabi_memcpy                    
00002e41  __aeabi_memcpy4                   
00002e41  __aeabi_memcpy8                   
00002e41  memcpy                            
00002edd  __aeabi_uldivmod                  
00002f73  I2CMSP432_init                    
00002f75  VL53L1_RdWord                     
00003009  UARTMSP432_close                  
0000312d  VL53L1_WrWord                     
00003249  __aeabi_cdcmpeq                   
00003249  __aeabi_cdcmple                   
000032d1  VL53L1_RdByte                     
00003355  ClockP_start                      
000033d5  Interrupt_disableInterrupt        
00003455  Interrupt_enableInterrupt         
000034d5  VL53L1X_GetInterMeasurementInMs   
00003555  VL53L1_WrByte                     
000035d5  __aeabi_memclr                    
000035d5  __aeabi_memclr4                   
000035d5  __aeabi_memclr8                   
000035d7  __aeabi_memset                    
000035d7  __aeabi_memset4                   
000035d7  __aeabi_memset8                   
000035dd  memset                            
0000364f  PowerMSP432_updateFreqs           
00003651  ClockP_walkQueueDynamic           
000036c9  I2CMSP432_close                   
0000373f  SemaphoreP_destruct               
00003741  HwiP_construct                    
000037b1  UARTMSP432_writeCancel            
000038ff  UARTMSP432_init                   
00003901  I2C_masterSendMultiByteFinish     
0000396d  TimerP_getCurrentTick             
000039d9  ClockP_usleep                     
000039d9  usleep                            
00003a41  GPIO_hwiIntFxn                    
00003aa9  Interrupt_pendInterrupt           
00003b11  PowerMSP432_getFreqs              
00003b79  SwiP_post                         
00003be1  __TI_decompress_lzss              
00003cb1  GPIO_setCallback                  
00003d11  Display_doOpen                    
00003d6d  Interrupt_registerInterrupt       
00003dc9  GPIO_write                        
00003e21  TimerP_dynamicStub                
00003f27  _nop                              
00003f29  Interrupt_setPriority             
00003f7d  TimerP_getCount64                 
00003fd1  VL53L1X_CheckForDataReady         
00004025  SemaphoreP_construct              
000040c1  DisplayUartMin_open               
0000410d  ClockP_construct                  
00004155  Power_releaseConstraint           
0000419d  __aeabi_d2iz                      
000041e5  DisplayUartMin_vprintf            
0000422b  RingBuf_put                       
00004271  I2C_init                          
000042b5  SemaphoreP_post                   
000042f9  TimerP_start                      
0000433d  UART_init                         
00004381  VL53L1X_GetInterruptPolarity      
000043c5  Watchdog_init                     
00004409  __TI_auto_init_nobinit_nopinit    
00004491  __aeabi_d2uiz                     
000044d5  I2C_open                          
00004515  RingBuf_get                       
00004555  TimerP_setNextTick                
00004595  UARTMSP432_read                   
000045d5  UART_open                         
00004615  Watchdog_open                     
00004695  __aeabi_uidiv                     
00004695  __aeabi_uidivmod                  
000046d5  TimerP_initDevice                 
00004711  VL53L1X_GetDistanceMode           
0000474d  GPIO_toggle                       
00004785  Power_setConstraint               
000047bd  WatchdogMSP432_close              
000047f5  UARTMSP432_readCancel             
0000482b  clkFxn                            
0000482d  _c_int00_noargs                   
000048c1  __aeabi_i2d                       
000048ef  Display_doPrintf                  
00004919  HwiP_create                       
00004945  Display_doInit                    
0000496d  Power_registerNotify              
00004995  VL53L1X_GetDistance               
00004a35  List_put                          
00004a5b  List_remove                       
00004a81  ClockP_getTicks                   
00004aa5  ClockP_scheduleNextTick           
00004ac9  HwiP_dispatch                     
00004b11  CS_setExternalClockSourceFrequency
00004b31  ClockP_add                        
00004b51  Power_unregisterNotify            
00004b71  QueueP_put                        
00004b91  RingBuf_peek                      
00004bb1  __aeabi_ui2d                      
00004bd1  VL53L1X_ClearInterrupt            
00004bef  VL53L1X_StartRanging              
00004c0d  VL53L1X_StopRanging               
00004c2d  Interrupt_unregisterInterrupt     
00004c65  ClockP_create                     
00004c7f  QueueP_get                        
00004c99  SemaphoreP_createBinary           
00004cb3  ClockP_destruct                   
00004ccb  HwiP_delete                       
00004ce5  HwiP_inISR                        
00004cfd  I2C_transfer                      
00004d15  SysCtl_A_disableNMISource         
00004d2d  SysCtl_A_enableNMISource          
00004d45  UART_Params_init                  
00004d5d  resetISR                          
00004d75  DisplayUartMin_close              
00004d8b  SemaphoreP_create                 
00004dcd  Power_idleFunc                    
00004e1d  strlen                            
00004e31  HwiP_Params_init                  
00004e43  RingBuf_construct                 
00004e55  main                              
00004e67  __aeabi_idiv0                     
00004e67  __aeabi_ldiv0                     
00004e69  ClockP_Params_init                
00004e79  ClockP_delete                     
00004e89  HwiP_disable                      
00004e99  I2C_Params_init                   
00004ea9  Interrupt_disableMaster           
00004eb9  Interrupt_enableMaster            
00004ec9  PowerMSP432_getNumPerfLevels      
00004ed9  Power_disablePolicy               
00004ee9  Power_enablePolicy                
00004ef9  SemaphoreP_Params_init            
00004f09  SwiP_Params_init                  
00004f19  SysCtl_A_getNMISourceStatus       
00004f29  TimerP_Params_init                
00004f39  WatchdogMSP432_clear              
00004f49  Watchdog_Params_init              
00004f69  QueueP_empty                      
00004f77  QueueP_remove                     
00004f85  __TI_decompress_none              
00004f93  Board_init                        
00004f9f  CPU_cpsid                         
00004fab  CPU_cpsie                         
00004fb9  ClockP_doTick                     
00004fc5  Power_getPerformanceLevel         
00004fd1  TimerP_getFreq                    
00004fdd  TimerP_getMaxTicks                
00004fe9  __TI_zero_init                    
00004ff5  UART_close                        
00004fff  UART_control                      
00005009  UART_write                        
00005013  Watchdog_clear                    
0000501d  HwiP_restore                      
00005025  WatchdogMSP432_init               
00005035  malloc                            
00005055  ClockP_stop                       
0000505b  DisplayUartMin_control            
00005061  DisplayUartMin_getType            
00005067  I2CMSP432_control                 
0000506d  QueueP_init                       
00005073  WatchdogMSP432_control            
00005079  WatchdogMSP432_setReload          
0000507f  ClockP_isActive                   
00005083  ClockP_setTimeout                 
00005087  HwiP_enable                       
00005087  NoRTOS_start                      
0000508b  HwiP_post                         
0000508f  QueueP_head                       
00005093  QueueP_next                       
00005097  SemaphoreP_delete                 
0000509b  SystemP_vsnprintf                 
0000509f  TimerP_setPeriod                  
000050a3  WatchdogMSP432_convertMsToTicks   
000050a7  _system_pre_init                  
000050ab  C$$EXIT                           
000050ab  abort                             
000050b0  VL51L1X_DEFAULT_CONFIGURATION     
0000510b  Display_defaultParams             
0000515c  PowerMSP432_config                
000051c0  UARTMSP432_fxnTable               
000051e8  UART_defaultParams                
0000520c  DisplayUartMin_fxnTable           
0000524c  WatchdogMSP432_fxnTable           
00005268  I2CMSP432_fxnTable                
00005280  GPIOMSP432_config                 
00005294  displayUartHWAttrs                
000052a8  i2cMSP432HWAttrs                  
000052bc  I2C_defaultParams                 
000052ec  Display_config                    
000052f8  I2C_config                        
00005304  UART_config                       
00005310  Watchdog_config                   
0000531c  Watchdog_defaultParams            
0000534c  watchdogMSP432HWAttrs             
0000536a  Display_count                     
0000536b  I2C_count                         
0000536c  UART_count                        
0000536d  Watchdog_count                    
00005370  __TI_static_base__                
000053fc  __TI_Handler_Table_Base           
00005408  __TI_Handler_Table_Limit          
00005418  __TI_CINIT_Base                   
00005430  __TI_CINIT_Limit                  
00008000  __SYSMEM_SIZE                     
20000000  __start___llvm_prf_cnts           
20000000  __stop___llvm_prf_cnts            
20000000  _sys_memory                       
200084a0  uartMSP432Objects                 
20008520  i2cMSP432Objects                  
20008618  i2cTransaction                    
20008634  i2cParams                         
20008654  displayUartObject                 
20008660  readBuffer                        
2000866c  watchdogMSP432Objects             
20008678  writeBuffer                       
200086a0  display                           
200086a4  i2c1                              
200087e8  PowerMSP432_perfLevels            
20008928  PowerMSP432_module                
2000896c  _lock                             
20008970  _unlock                           
2000897c  SemaphoreP_defaultParams          
20008984  gpioCallbackFunctions             
2000898c  gpioPinConfigs                    
20008998  ClockP_tickPeriod                 
2000899c  HwiP_key                          
200089a0  HwiP_swiPIntNum                   
20008c00  g_pfnRAMVectors                   
2000f000  __stack                           
20010000  __STACK_END                       
4000480c  WDTCTL_SYM                        
ffffffff  __TI_pprof_out_hndl               
ffffffff  __TI_prof_data_size               
ffffffff  __TI_prof_data_start              
ffffffff  __binit__                         
ffffffff  __c_args__                        
ffffffff  binit                             
UNDEFED   __mpu_init                        
UNDEFED   _system_post_cinit                

[280 symbols]
