******************************************************************************
                  TI ARM Linker Unix v20.2.2                   
******************************************************************************
>> Linked Mon Mar 22 17:47:17 2021

OUTPUT FILE NAME:   <vl53l1x_ULD_MSP_EXP432P401R_nortos_ccs.out>
ENTRY POINT SYMBOL: "resetISR"  address: 00004389


MEMORY CONFIGURATION

         name            origin    length      used     unused   attr    fill
----------------------  --------  ---------  --------  --------  ----  --------
  MAIN                  00000000   00040000  000049d1  0003b62f  R  X
  INFO                  00200000   00004000  00000000  00004000  R  X
  SRAM_CODE             01000000   00010000  00009a4d  000065b3  RW X
  SRAM_DATA             20000000   00010000  00009a4d  000065b3  RW  


SEGMENT ALLOCATION MAP

run origin  load origin   length   init length attrs members
----------  ----------- ---------- ----------- ----- -------
00000000    00000000    000049d8   000049d8    r-x
  00000000    00000000    00000144   00000144    r-- .intvecs
  00000144    00000144    00004578   00004578    r-x .text
  000046bc    000046bc    00000255   00000255    r-- .const
  00004918    00004918    000000c0   000000c0    r-- .cinit
20000000    20000000    00008965   00000000    rw-
  20000000    20000000    00008000   00000000    rw- .sysmem
  20008000    20008000    00000668   00000000    rw- .bss
  20008668    20008668    000002fd   00000000    rw- .data
20008c00    20008c00    000000e8   00000000    rw-
  20008c00    20008c00    000000e8   00000000    rw- .vtable
2000f000    2000f000    00001000   00000000    rw-
  2000f000    2000f000    00001000   00000000    rw- .stack


SECTION ALLOCATION MAP

 output                                  attributes/
section   page    origin      length       input sections
--------  ----  ----------  ----------   ----------------
.text      0    00000144    00004578     
                  00000144    000002f8     drivers_msp432p401x.aem4f : PowerMSP432.oem4f (.text:Power_sleep)
                  0000043c    000002d8     nortos_msp432p401x.aem4f : SystemP_nortos.oem4f (.text:doPrint)
                  00000714    000002d0     drivers_msp432p401x.aem4f : UARTMSP432.oem4f (.text:UARTMSP432_open)
                  000009e4    00000288                               : PowerMSP432.oem4f (.text:initPerfControl)
                  00000c6c    000001f8                               : I2CMSP432.oem4f (.text:I2CMSP432_open)
                  00000e64    000001b6     rtsv7M4_T_le_v4SPD16_eabi.lib : fd_add_t2.asm.obj (.text)
                  0000101a    00000184     drivers_msp432p401x.aem4f : I2CMSP432.oem4f (.text:I2CMSP432_hwiIntFxn)
                  0000119e    00000002     ti_drivers_config.obj (.text:Board_initHook)
                  000011a0    00000170     drivers_msp432p401x.aem4f : GPIOMSP432.oem4f (.text:GPIO_setConfig)
                  00001310    0000011c     msp432p4xx_driverlib.lib : uart.o (.text:UART_initModule)
                  0000142c    0000011c     drivers_msp432p401x.aem4f : I2CMSP432.oem4f (.text:primeTransfer)
                  00001548    00000100     rtsv7M4_T_le_v4SPD16_eabi.lib : memory.c.obj (.text:aligned_alloc)
                  00001648    000000fc                                   : fd_mul_t2.asm.obj (.text)
                  00001744    000000f0     drivers_msp432p401x.aem4f : I2CMSP432.oem4f (.text:I2CMSP432_transfer)
                  00001834    000000e4     msp432p4xx_driverlib.lib : cs.o (.text:CS_startHFXTWithTimeout)
                  00001918    000000e4     rtsv7M4_T_le_v4SPD16_eabi.lib : memory.c.obj (.text:free)
                  000019fc    000000e0     msp432p4xx_driverlib.lib : cs.o (.text:CS_startLFXTWithTimeout)
                  00001adc    000000e0     nortos_msp432p401x.aem4f : TimerPMSP432_nortos.oem4f (.text:TimerP_construct)
                  00001bbc    000000dc     drivers_msp432p401x.aem4f : UARTMSP432.oem4f (.text:UARTMSP432_readPolling)
                  00001c98    000000dc     msp432p4xx_driverlib.lib : cs.o (.text:_CSGetHFXTFrequency)
                  00001d74    000000d8     nortos_msp432p401x.aem4f : SwiP_nortos.oem4f (.text:SwiP_construct)
                  00001e4c    000000ca     drivers_msp432p401x.aem4f : UARTMSP432.oem4f (.text:UARTMSP432_hwiIntFxn)
                  00001f16    00000002     display.aem4f : DisplayUart.oem4f (.text:DisplayUartMin_clear)
                  00001f18    000000b8     drivers_msp432p401x.aem4f : UARTMSP432.oem4f (.text:initHw)
                  00001fd0    000000b8                               : UARTMSP432.oem4f (.text:readTaskCallback)
                  00002088    000000b4     nortos_msp432p401x.aem4f : ClockPTimer_nortos.oem4f (.text:ClockP_startup)
                  0000213c    000000b4     drivers_msp432p401x.aem4f : UARTMSP432.oem4f (.text:UARTMSP432_control)
                  000021f0    000000b4                               : UARTMSP432.oem4f (.text:UARTMSP432_writePolling)
                  000022a4    000000ac     nortos_msp432p401x.aem4f : ClockPTimer_nortos.oem4f (.text:ClockP_workFuncDynamic)
                  00002350    000000ac     drivers_msp432p401x.aem4f : GPIOMSP432.oem4f (.text:GPIO_init)
                  000023fc    000000ac                               : I2CMSP432.oem4f (.text:I2CMSP432_cancel)
                  000024a8    000000a8                               : UARTMSP432.oem4f (.text:UARTMSP432_write)
                  00002550    000000a8                               : UARTMSP432.oem4f (.text:readTaskBlocking)
                  000025f8    000000a0     nortos_msp432p401x.aem4f : SemaphoreP_nortos.oem4f (.text:SemaphoreP_pend)
                  00002698    000000a0     drivers_msp432p401x.aem4f : UARTMSP432.oem4f (.text:readIsrTextCallback)
                  00002738    0000009c                               : PowerMSP432.oem4f (.text:Power_init)
                  000027d4    0000009c     nortos_msp432p401x.aem4f : SwiP_nortos.oem4f (.text:SwiP_dispatch)
                  00002870    0000009c     rtsv7M4_T_le_v4SPD16_eabi.lib : memcpy_t2.asm.obj (.text)
                  0000290c    00000096                                   : ull_div_t2.asm.obj (.text)
                  000029a2    00000092     drivers_msp432p401x.aem4f : UARTMSP432.oem4f (.text:UARTMSP432_close)
                  00002a34    00000092                               : UARTMSP432.oem4f (.text:writeData)
                  00002ac6    0000008c                               : UARTMSP432.oem4f (.text:readIsrTextBlocking)
                  00002b52    00000086     rtsv7M4_T_le_v4SPD16_eabi.lib : fd_cmp_t2.asm.obj (.text:__aeabi_cdcmple)
                  00002bd8    00000084     drivers_msp432p401x.aem4f : PowerMSP432.oem4f (.text:restartHFXT)
                  00002c5c    00000080     nortos_msp432p401x.aem4f : ClockPTimer_nortos.oem4f (.text:ClockP_start)
                  00002cdc    00000080     msp432p4xx_driverlib.lib : interrupt.o (.text:Interrupt_disableInterrupt)
                  00002d5c    00000080                              : interrupt.o (.text:Interrupt_enableInterrupt)
                  00002ddc    00000080     vl53l1.obj (.text:mainThread)
                  00002e5c    0000007a     rtsv7M4_T_le_v4SPD16_eabi.lib : memset_t2.asm.obj (.text)
                  00002ed6    00000002     display.aem4f : DisplayUart.oem4f (.text:DisplayUartMin_clearLines)
                  00002ed8    00000078     nortos_msp432p401x.aem4f : ClockPTimer_nortos.oem4f (.text:ClockP_walkQueueDynamic)
                  00002f50    00000076     drivers_msp432p401x.aem4f : I2CMSP432.oem4f (.text:I2CMSP432_close)
                  00002fc6    00000002     display.aem4f : DisplayUart.oem4f (.text:DisplayUartMin_init)
                  00002fc8    00000070     nortos_msp432p401x.aem4f : HwiPMSP432_nortos.oem4f (.text:HwiP_construct)
                  00003038    00000070     drivers_msp432p401x.aem4f : UARTMSP432.oem4f (.text:UARTMSP432_writeCancel)
                  000030a8    00000070     rtsv7M4_T_le_v4SPD16_eabi.lib : memory.c.obj (.text:split)
                  00003118    0000006d     nortos_msp432p401x.aem4f : SystemP_nortos.oem4f (.text:formatNum)
                  00003185    00000001     --HOLE-- [fill = 0]
                  00003186    00000002     drivers_msp432p401x.aem4f : I2CMSP432.oem4f (.text:I2CMSP432_init)
                  00003188    0000006c     msp432p4xx_driverlib.lib : i2c.o (.text:I2C_masterSendMultiByteFinish)
                  000031f4    0000006c     nortos_msp432p401x.aem4f : TimerPMSP432_nortos.oem4f (.text:TimerP_getCurrentTick)
                  00003260    00000068     drivers_msp432p401x.aem4f : GPIOMSP432.oem4f (.text:GPIO_hwiIntFxn)
                  000032c8    00000068     msp432p4xx_driverlib.lib : interrupt.o (.text:Interrupt_pendInterrupt)
                  00003330    00000068     drivers_msp432p401x.aem4f : PowerMSP432.oem4f (.text:PowerMSP432_getFreqs)
                  00003398    00000068     nortos_msp432p401x.aem4f : SwiP_nortos.oem4f (.text:SwiP_post)
                  00003400    00000068     rtsv7M4_T_le_v4SPD16_eabi.lib : copy_decompress_lzss.c.obj (.text:decompress:lzss:__TI_decompress_lzss)
                  00003468    00000068     drivers_msp432p401x.aem4f : I2CMSP432.oem4f (.text:initHw)
                  000034d0    00000060                               : GPIOMSP432.oem4f (.text:GPIO_setCallback)
                  00003530    0000005c     display.aem4f : Display.oem4f (.text:Display_doOpen)
                  0000358c    0000005c     msp432p4xx_driverlib.lib : interrupt.o (.text:Interrupt_registerInterrupt)
                  000035e8    00000058     drivers_msp432p401x.aem4f : GPIOMSP432.oem4f (.text:GPIO_write)
                  00003640    00000058     nortos_msp432p401x.aem4f : TimerPMSP432_nortos.oem4f (.text:TimerP_dynamicStub)
                  00003698    00000058     drivers_msp432p401x.aem4f : UARTMSP432.oem4f (.text:readIsrBinaryBlocking)
                  000036f0    00000056                               : I2CMSP432.oem4f (.text:completeTransfer)
                  00003746    00000002     msp432p4xx_driverlib.lib : interrupt.o (.text:IntDefaultHandler)
                  00003748    00000054                              : interrupt.o (.text:Interrupt_setPriority)
                  0000379c    00000050     nortos_msp432p401x.aem4f : SemaphoreP_nortos.oem4f (.text:SemaphoreP_construct)
                  000037ec    0000004c     drivers_msp432p401x.aem4f : UARTMSP432.oem4f (.text:readIsrBinaryCallback)
                  00003838    0000004a     display.aem4f : DisplayUart.oem4f (.text:DisplayUartMin_open)
                  00003882    00000002     nortos_msp432p401x.aem4f : PowerMSP432_nortos.oem4f (.text:PowerMSP432_initPolicy)
                  00003884    00000048                              : ClockPTimer_nortos.oem4f (.text:ClockP_construct)
                  000038cc    00000048                              : PowerMSP432_nortos.oem4f (.text:PowerMSP432_sleepPolicy)
                  00003914    00000048     drivers_msp432p401x.aem4f : PowerMSP432.oem4f (.text:Power_releaseConstraint)
                  0000395c    00000048     rtsv7M4_T_le_v4SPD16_eabi.lib : fd_toi_t2.asm.obj (.text)
                  000039a4    00000046     display.aem4f : DisplayUart.oem4f (.text:DisplayUartMin_vprintf)
                  000039ea    00000046     drivers_msp432p401x.aem4f : RingBuf.oem4f (.text:RingBuf_put)
                  00003a30    00000044                               : I2C.oem4f (.text:I2C_init)
                  00003a74    00000044     nortos_msp432p401x.aem4f : SemaphoreP_nortos.oem4f (.text:SemaphoreP_post)
                  00003ab8    00000044                              : SwiP_nortos.oem4f (.text:SwiP_restore)
                  00003afc    00000044                              : TimerPMSP432_nortos.oem4f (.text:TimerP_start)
                  00003b40    00000044     drivers_msp432p401x.aem4f : UART.oem4f (.text:UART_init)
                  00003b84    00000044     rtsv7M4_T_le_v4SPD16_eabi.lib : autoinit.c.obj (.text:__TI_auto_init_nobinit_nopinit:__TI_auto_init_nobinit_nopinit)
                  00003bc8    00000044     drivers_msp432p401x.aem4f : I2CMSP432.oem4f (.text:perfChangeNotifyFxn)
                  00003c0c    00000044     rtsv7M4_T_le_v4SPD16_eabi.lib : fd_tou_t2.asm.obj (.text)
                  00003c50    00000040     drivers_msp432p401x.aem4f : I2C.oem4f (.text:I2C_open)
                  00003c90    00000040                               : RingBuf.oem4f (.text:RingBuf_get)
                  00003cd0    00000040     nortos_msp432p401x.aem4f : TimerPMSP432_nortos.oem4f (.text:TimerP_setNextTick)
                  00003d10    00000040     drivers_msp432p401x.aem4f : UARTMSP432.oem4f (.text:UARTMSP432_read)
                  00003d50    00000040                               : UART.oem4f (.text:UART_open)
                  00003d90    00000040                               : UARTMSP432.oem4f (.text:perfChangeNotifyFxn)
                  00003dd0    00000040     rtsv7M4_T_le_v4SPD16_eabi.lib : u_divt2.asm.obj (.text)
                  00003e10    0000003c     nortos_msp432p401x.aem4f : TimerPMSP432_nortos.oem4f (.text:TimerP_initDevice)
                  00003e4c    00000038     drivers_msp432p401x.aem4f : PowerMSP432.oem4f (.text:Power_setConstraint)
                  00003e84    00000038                               : PowerMSP432.oem4f (.text:notify)
                  00003ebc    00000036                               : UARTMSP432.oem4f (.text:UARTMSP432_readCancel)
                  00003ef2    00000002     nortos_msp432p401x.aem4f : PowerMSP432_nortos.oem4f (.text:PowerMSP432_updateFreqs)
                  00003ef4    00000034     rtsv7M4_T_le_v4SPD16_eabi.lib : boot_cortex_m.c.obj (.text:_c_int00_noargs:_c_int00_noargs)
                  00003f28    00000030     drivers_msp432p401x.aem4f : I2CMSP432.oem4f (.text:mapPin)
                  00003f58    00000030                               : UARTMSP432.oem4f (.text:mapPin)
                  00003f88    0000002e     rtsv7M4_T_le_v4SPD16_eabi.lib : i_tofd_t2.asm.obj (.text)
                  00003fb6    0000002a     display.aem4f : Display.oem4f (.text:Display_doPrintf)
                  00003fe0    0000002a     nortos_msp432p401x.aem4f : HwiPMSP432_nortos.oem4f (.text:HwiP_create)
                  0000400a    00000002     drivers_msp432p401x.aem4f : UARTMSP432.oem4f (.text:UARTMSP432_init)
                  0000400c    00000028     display.aem4f : Display.oem4f (.text:Display_doInit)
                  00004034    00000028     drivers_msp432p401x.aem4f : PowerMSP432.oem4f (.text:Power_registerNotify)
                  0000405c    00000028                               : PowerMSP432.oem4f (.text:disableFaultCounter)
                  00004084    00000028                               : PowerMSP432.oem4f (.text:disableHFXT)
                  000040ac    00000028                               : UARTMSP432.oem4f (.text:findBaudDividerIndex)
                  000040d4    00000028     rtsv7M4_T_le_v4SPD16_eabi.lib : memory.c.obj (.text:free_list_insert)
                  000040fc    00000026     drivers_msp432p401x.aem4f : List.oem4f (.text:List_put)
                  00004122    00000026                               : List.oem4f (.text:List_remove)
                  00004148    00000024     nortos_msp432p401x.aem4f : ClockPTimer_nortos.oem4f (.text:ClockP_getTicks)
                  0000416c    00000024                              : ClockPTimer_nortos.oem4f (.text:ClockP_scheduleNextTick)
                  00004190    00000024                              : HwiPMSP432_nortos.oem4f (.text:HwiP_dispatch)
                  000041b4    00000020     msp432p4xx_driverlib.lib : cs.o (.text:CS_setExternalClockSourceFrequency)
                  000041d4    00000020     nortos_msp432p401x.aem4f : ClockPTimer_nortos.oem4f (.text:ClockP_add)
                  000041f4    00000020     drivers_msp432p401x.aem4f : PowerMSP432.oem4f (.text:Power_unregisterNotify)
                  00004214    00000020     nortos_msp432p401x.aem4f : QueueP_nortos.oem4f (.text:QueueP_put)
                  00004234    00000020     drivers_msp432p401x.aem4f : RingBuf.oem4f (.text:RingBuf_peek)
                  00004254    0000001c     msp432p4xx_driverlib.lib : interrupt.o (.text:Interrupt_unregisterInterrupt)
                  00004270    0000001c     nortos_msp432p401x.aem4f : SwiP_nortos.oem4f (.text:SwiP_disable)
                  0000428c    0000001c     rtsv7M4_T_le_v4SPD16_eabi.lib : memory.c.obj (.text:free_list_remove)
                  000042a8    0000001a     nortos_msp432p401x.aem4f : ClockPTimer_nortos.oem4f (.text:ClockP_create)
                  000042c2    0000001a                              : QueueP_nortos.oem4f (.text:QueueP_get)
                  000042dc    0000001a                              : SemaphoreP_nortos.oem4f (.text:SemaphoreP_createBinary)
                  000042f6    00000018                              : ClockPTimer_nortos.oem4f (.text:ClockP_destruct)
                  0000430e    00000018                              : HwiPMSP432_nortos.oem4f (.text:HwiP_delete)
                  00004326    00000002     rtsv7M4_T_le_v4SPD16_eabi.lib : _lock.c.obj (.text:_nop)
                  00004328    00000018     nortos_msp432p401x.aem4f : HwiPMSP432_nortos.oem4f (.text:HwiP_inISR)
                  00004340    00000018     msp432p4xx_driverlib.lib : sysctl_a.o (.text:SysCtl_A_disableNMISource)
                  00004358    00000018                              : sysctl_a.o (.text:SysCtl_A_enableNMISource)
                  00004370    00000018     drivers_msp432p401x.aem4f : UART.oem4f (.text:UART_Params_init)
                  00004388    00000018     nortos_msp432p401x.aem4f : startup_msp432_ccs.oem4f (.text:resetISR)
                  000043a0    00000016     display.aem4f : DisplayUart.oem4f (.text:DisplayUartMin_close)
                  000043b6    00000016     nortos_msp432p401x.aem4f : SemaphoreP_nortos.oem4f (.text:SemaphoreP_create)
                  000043cc    00000016                              : SwiP_nortos.oem4f (.text:maxbit)
                  000043e2    00000016                              : SystemP_nortos.oem4f (.text:putChar)
                  000043f8    00000014     drivers_msp432p401x.aem4f : PowerMSP432.oem4f (.text:Power_idleFunc)
                  0000440c    00000014     nortos_msp432p401x.aem4f : SwiP_nortos.oem4f (.text:SwiP_handleHwi)
                  00004420    00000014                              : TimerPMSP432_nortos.oem4f (.text:TimerP_getCount)
                  00004434    00000014     drivers_msp432p401x.aem4f : UARTMSP432.oem4f (.text:clearTXCPTIFG)
                  00004448    00000014     rtsv7M4_T_le_v4SPD16_eabi.lib : strlen.c.obj (.text:strlen)
                  0000445c    00000012     nortos_msp432p401x.aem4f : HwiPMSP432_nortos.oem4f (.text:HwiP_Params_init)
                  0000446e    00000012     drivers_msp432p401x.aem4f : RingBuf.oem4f (.text:RingBuf_construct)
                  00004480    00000012     main_nortos.obj (.text:main)
                  00004492    00000002     nortos_msp432p401x.aem4f : startup_msp432_ccs.oem4f (.text:busFaultISR)
                  00004494    00000010                              : ClockPTimer_nortos.oem4f (.text:ClockP_Params_init)
                  000044a4    00000010                              : ClockPTimer_nortos.oem4f (.text:ClockP_delete)
                  000044b4    00000010                              : HwiPMSP432_nortos.oem4f (.text:HwiP_disable)
                  000044c4    00000010     drivers_msp432p401x.aem4f : I2C.oem4f (.text:I2C_Params_init)
                  000044d4    00000010     msp432p4xx_driverlib.lib : interrupt.o (.text:Interrupt_disableMaster)
                  000044e4    00000010                              : interrupt.o (.text:Interrupt_enableMaster)
                  000044f4    00000010     drivers_msp432p401x.aem4f : PowerMSP432.oem4f (.text:PowerMSP432_getNumPerfLevels)
                  00004504    00000010                               : PowerMSP432.oem4f (.text:Power_disablePolicy)
                  00004514    00000010                               : PowerMSP432.oem4f (.text:Power_enablePolicy)
                  00004524    00000010     nortos_msp432p401x.aem4f : SemaphoreP_nortos.oem4f (.text:SemaphoreP_Params_init)
                  00004534    00000010                              : SwiP_nortos.oem4f (.text:SwiP_Params_init)
                  00004544    00000010     msp432p4xx_driverlib.lib : sysctl_a.o (.text:SysCtl_A_getNMISourceStatus)
                  00004554    00000010                              : sysctl.o (.text:SysCtl_getNMISourceStatus)
                  00004564    00000010     nortos_msp432p401x.aem4f : TimerPMSP432_nortos.oem4f (.text:TimerP_Params_init)
                  00004574    00000010     drivers_msp432p401x.aem4f : UARTMSP432.oem4f (.text:readBlockingTimeout)
                  00004584    0000000e     nortos_msp432p401x.aem4f : QueueP_nortos.oem4f (.text:QueueP_empty)
                  00004592    0000000e                              : QueueP_nortos.oem4f (.text:QueueP_remove)
                  000045a0    0000000e     rtsv7M4_T_le_v4SPD16_eabi.lib : copy_decompress_none.c.obj (.text:decompress:none:__TI_decompress_none)
                  000045ae    0000000c     ti_drivers_config.obj (.text:Board_init)
                  000045ba    0000000c     msp432p4xx_driverlib.lib : cpu.o (.text:CPU_cpsid)
                  000045c6    0000000c                              : cpu.o (.text:CPU_cpsie)
                  000045d2    00000002     nortos_msp432p401x.aem4f : SemaphoreP_nortos.oem4f (.text:clkFxn)
                  000045d4    0000000c                              : ClockPTimer_nortos.oem4f (.text:ClockP_doTick)
                  000045e0    0000000c     drivers_msp432p401x.aem4f : PowerMSP432.oem4f (.text:Power_getConstraintMask)
                  000045ec    0000000c                               : PowerMSP432.oem4f (.text:Power_getPerformanceLevel)
                  000045f8    0000000c     nortos_msp432p401x.aem4f : TimerPMSP432_nortos.oem4f (.text:TimerP_getFreq)
                  00004604    0000000c                              : TimerPMSP432_nortos.oem4f (.text:TimerP_getMaxTicks)
                  00004610    0000000c     rtsv7M4_T_le_v4SPD16_eabi.lib : copy_zero_init.c.obj (.text:decompress:ZI:__TI_zero_init)
                  0000461c    0000000a     drivers_msp432p401x.aem4f : UART.oem4f (.text:UART_close)
                  00004626    0000000a                               : UART.oem4f (.text:UART_control)
                  00004630    0000000a                               : UART.oem4f (.text:UART_write)
                  0000463a    00000008     nortos_msp432p401x.aem4f : HwiPMSP432_nortos.oem4f (.text:HwiP_restore)
                  00004642    00000008     drivers_msp432p401x.aem4f : I2CMSP432.oem4f (.text:blockingTransferCallback)
                  0000464a    00000008     rtsv7M4_T_le_v4SPD16_eabi.lib : memory.c.obj (.text:malloc)
                  00004652    00000008     drivers_msp432p401x.aem4f : UARTMSP432.oem4f (.text:readSemCallback)
                  0000465a    00000008                               : UARTMSP432.oem4f (.text:txcptEnabledStatus)
                  00004662    00000008                               : UARTMSP432.oem4f (.text:writeSemCallback)
                  0000466a    00000006     nortos_msp432p401x.aem4f : ClockPTimer_nortos.oem4f (.text:ClockP_stop)
                  00004670    00000006     display.aem4f : DisplayUart.oem4f (.text:DisplayUartMin_control)
                  00004676    00000006                   : DisplayUart.oem4f (.text:DisplayUartMin_getType)
                  0000467c    00000006     drivers_msp432p401x.aem4f : I2CMSP432.oem4f (.text:I2CMSP432_control)
                  00004682    00000006     nortos_msp432p401x.aem4f : QueueP_nortos.oem4f (.text:QueueP_init)
                  00004688    00000004                              : ClockPTimer_nortos.oem4f (.text:ClockP_isActive)
                  0000468c    00000004                              : ClockPTimer_nortos.oem4f (.text:ClockP_setTimeout)
                  00004690    00000004                              : HwiPMSP432_nortos.oem4f (.text:HwiP_enable)
                  00004694    00000004                              : HwiPMSP432_nortos.oem4f (.text:HwiP_post)
                  00004698    00000004                              : QueueP_nortos.oem4f (.text:QueueP_head)
                  0000469c    00000004                              : QueueP_nortos.oem4f (.text:QueueP_next)
                  000046a0    00000004                              : SemaphoreP_nortos.oem4f (.text:SemaphoreP_delete)
                  000046a4    00000004                              : SystemP_nortos.oem4f (.text:SystemP_vsnprintf)
                  000046a8    00000004                              : TimerPMSP432_nortos.oem4f (.text:TimerP_setPeriod)
                  000046ac    00000004     rtsv7M4_T_le_v4SPD16_eabi.lib : pre_init.c.obj (.text:_system_pre_init)
                  000046b0    00000004                                   : exit.c.obj (.text:abort:abort)
                  000046b4    00000002     nortos_msp432p401x.aem4f : startup_msp432_ccs.oem4f (.text:defaultISR)
                  000046b6    00000002                              : startup_msp432_ccs.oem4f (.text:faultISR)
                  000046b8    00000002                              : startup_msp432_ccs.oem4f (.text:nmiISR)
                  000046ba    00000002     rtsv7M4_T_le_v4SPD16_eabi.lib : div0.asm.obj (.text)

.const     0    000046bc    00000255     
                  000046bc    00000050     msp432p4xx_driverlib.lib : interrupt.o (.const:g_pulRegs)
                  0000470c    00000040     ti_drivers_config.obj (.const:uartMSP432Baudrates)
                  0000474c    00000038     ti_drivers_config.obj (.const:PowerMSP432_config)
                  00004784    0000002c     ti_drivers_config.obj (.const:uartMSP432HWAttrs)
                  000047b0    00000028     drivers_msp432p401x.aem4f : UARTMSP432.oem4f (.const:UARTMSP432_fxnTable)
                  000047d8    00000024                               : UART.oem4f (.const:UART_defaultParams)
                  000047fc    00000020     display.aem4f : DisplayUart.oem4f (.const:DisplayUartMin_fxnTable)
                  0000481c    00000020     drivers_msp432p401x.aem4f : UARTMSP432.oem4f (.const:staticFxnTable)
                  0000483c    00000018                               : I2CMSP432.oem4f (.const:I2CMSP432_fxnTable)
                  00004854    00000014     ti_drivers_config.obj (.const:GPIOMSP432_config)
                  00004868    00000014     ti_drivers_config.obj (.const:displayUartHWAttrs)
                  0000487c    00000014     ti_drivers_config.obj (.const:i2cMSP432HWAttrs)
                  00004890    00000010     drivers_msp432p401x.aem4f : I2C.oem4f (.const:I2C_defaultParams)
                  000048a0    00000010     nortos_msp432p401x.aem4f : SwiP_nortos.oem4f (.const:SwiP_defaultParams)
                  000048b0    0000000c     ti_drivers_config.obj (.const:Display_config)
                  000048bc    0000000c     ti_drivers_config.obj (.const:I2C_config)
                  000048c8    0000000c     ti_drivers_config.obj (.const:UART_config)
                  000048d4    0000000c     drivers_msp432p401x.aem4f : I2CMSP432.oem4f (.const:bitRates)
                  000048e0    00000008     msp432p4xx_driverlib.lib : interrupt.o (.const:g_pulDisRegs)
                  000048e8    00000008                              : interrupt.o (.const:g_pulEnRegs)
                  000048f0    00000008                              : interrupt.o (.const:g_pulPendRegs)
                  000048f8    00000006     drivers_msp432p401x.aem4f : GPIOMSP432.oem4f (.const:.string:interruptType)
                  000048fe    00000006                               : GPIOMSP432.oem4f (.const:.string:portInterruptIds)
                  00004904    00000005                               : UARTMSP432.oem4f (.const:.string:parityTypes)
                  00004909    00000001     display.aem4f : Display.oem4f (.const:Display_defaultParams)
                  0000490a    00000004     drivers_msp432p401x.aem4f : UARTMSP432.oem4f (.const:stopBits)
                  0000490e    00000003     ti_drivers_config.obj (.const)

.cinit     0    00004918    000000c0     
                  00004918    00000088     (.cinit..data.load) [load image, compression = lzss]
                  000049a0    0000000c     (__TI_handler_table)
                  000049ac    00000004     --HOLE-- [fill = 0]
                  000049b0    00000008     (.cinit..bss.load) [load image, compression = zero_init]
                  000049b8    00000008     (.cinit..vtable.load) [load image, compression = zero_init]
                  000049c0    00000018     (__TI_cinit_table)

.init_array 
*          0    00000000    00000000     UNINITIALIZED

.intvecs   0    00000000    00000144     
                  00000000    00000144     nortos_msp432p401x.aem4f : startup_msp432_ccs.oem4f (.intvecs:retain)

.sysmem    0    20000000    00008000     UNINITIALIZED
                  20000000    00000010     rtsv7M4_T_le_v4SPD16_eabi.lib : memory.c.obj (.sysmem)
                  20000010    00007ff0     --HOLE--

.bss       0    20008000    00000668     UNINITIALIZED
                  20008000    00000400     ti_drivers_config.obj (.bss:displayUARTBuffer)
                  20008400    000000a0     nortos_msp432p401x.aem4f : ClockPTimer_nortos.oem4f (.bss:ClockP_module)
                  200084a0    00000080     (.common:uartMSP432Objects)
                  20008520    00000050     (.common:i2cMSP432Objects)
                  20008570    00000030     drivers_msp432p401x.aem4f : GPIOMSP432.oem4f (.bss:gpioCallbackInfo)
                  200085a0    00000020     nortos_msp432p401x.aem4f : SwiP_nortos.oem4f (.bss:SwiP_readyList)
                  200085c0    00000020     ti_drivers_config.obj (.bss:uartMSP432RingBuffer0)
                  200085e0    0000001c     nortos_msp432p401x.aem4f : SwiP_nortos.oem4f (.bss:SwiP_hwiStruct)
                  200085fc    0000001c                              : TimerPMSP432_nortos.oem4f (.bss:TimerP_hwiStruct)
                  20008618    00000010     (.common:i2cParams)
                  20008628    0000000d                              : SwiP_nortos.oem4f (.bss)
                  20008635    00000003     --HOLE--
                  20008638    0000000c     (.common:displayUartObject)
                  20008644    00000008     msp432p4xx_driverlib.lib : cs.o (.bss)
                  2000864c    00000008     nortos_msp432p401x.aem4f : ClockPTimer_nortos.oem4f (.bss:timerFreq)
                  20008654    00000004     drivers_msp432p401x.aem4f : GPIOMSP432.oem4f (.bss)
                  20008658    00000004     nortos_msp432p401x.aem4f : ClockPTimer_nortos.oem4f (.bss)
                  2000865c    00000004                              : TimerPMSP432_nortos.oem4f (.bss)
                  20008660    00000004     vl53l1.obj (.bss)
                  20008664    00000004     (.common:i2c1)

.data      0    20008668    000002fd     UNINITIALIZED
                  20008668    00000140     nortos_msp432p401x.aem4f : HwiPMSP432_nortos.oem4f (.data:HwiP_dispatchTable)
                  200087a8    00000140     drivers_msp432p401x.aem4f : PowerMSP432.oem4f (.data:PowerMSP432_perfLevels)
                  200088e8    0000002c                               : PowerMSP432.oem4f (.data:PowerMSP432_module)
                  20008914    0000000c     nortos_msp432p401x.aem4f : ClockPTimer_nortos.oem4f (.data:ClockP_defaultParams)
                  20008920    0000000c                              : TimerPMSP432_nortos.oem4f (.data:TimerP_defaultParams)
                  2000892c    00000008     rtsv7M4_T_le_v4SPD16_eabi.lib : _lock.c.obj (.data:$O1$$)
                  20008934    00000008                                   : memory.c.obj (.data:$O1$$)
                  2000893c    00000008     nortos_msp432p401x.aem4f : SemaphoreP_nortos.oem4f (.data:SemaphoreP_defaultParams)
                  20008944    00000008                              : ClockPTimer_nortos.oem4f (.data)
                  2000894c    00000008                              : HwiPMSP432_nortos.oem4f (.data)
                  20008954    00000004     ti_drivers_config.obj (.data:gpioCallbackFunctions)
                  20008958    00000004     ti_drivers_config.obj (.data:gpioPinConfigs)
                  2000895c    00000003     nortos_msp432p401x.aem4f : SemaphoreP_nortos.oem4f (.data)
                  2000895f    00000002     drivers_msp432p401x.aem4f : GPIOMSP432.oem4f (.data)
                  20008961    00000001                               : I2C.oem4f (.data)
                  20008962    00000001                               : UART.oem4f (.data)
                  20008963    00000001     nortos_msp432p401x.aem4f : SwiP_nortos.oem4f (.data)
                  20008964    00000001                              : TimerPMSP432_nortos.oem4f (.data)

.vtable    0    20008c00    000000e8     UNINITIALIZED
                  20008c00    000000e8     msp432p4xx_driverlib.lib : interrupt.o (.vtable)

.stack     0    2000f000    00001000     UNINITIALIZED
                  2000f000    00000004     rtsv7M4_T_le_v4SPD16_eabi.lib : boot_cortex_m.c.obj (.stack)
                  2000f004    00000ffc     --HOLE--

__llvm_prf_cnts 
*          0    20000000    00000000     UNINITIALIZED

.binit     0    00000000    00000000     

MODULE SUMMARY

       Module                       code    ro data   rw data
       ------                       ----    -------   -------
    ./
       vl53l1.obj                   128     0         48     
       main_nortos.obj              18      0         0      
    +--+----------------------------+-------+---------+---------+
       Total:                       146     0         48     
                                                             
    ./syscfg/
       ti_drivers_config.obj        14      263       2568   
    +--+----------------------------+-------+---------+---------+
       Total:                       14      263       2568   
                                                             
    /home/ebad/ti/ccs1020/ccs/tools/compiler/ti-cgt-arm_20.2.2.LTS/lib/rtsv7M4_T_le_v4SPD16_eabi.lib
       memory.c.obj                 672     0         16     
       fd_add_t2.asm.obj            438     0         0      
       fd_mul_t2.asm.obj            252     0         0      
       memcpy_t2.asm.obj            156     0         0      
       ull_div_t2.asm.obj           150     0         0      
       fd_cmp_t2.asm.obj            134     0         0      
       memset_t2.asm.obj            122     0         0      
       copy_decompress_lzss.c.obj   104     0         0      
       fd_toi_t2.asm.obj            72      0         0      
       autoinit.c.obj               68      0         0      
       fd_tou_t2.asm.obj            68      0         0      
       u_divt2.asm.obj              64      0         0      
       boot_cortex_m.c.obj          52      0         0      
       i_tofd_t2.asm.obj            46      0         0      
       strlen.c.obj                 20      0         0      
       _lock.c.obj                  2       0         16     
       copy_decompress_none.c.obj   14      0         0      
       copy_zero_init.c.obj         12      0         0      
       exit.c.obj                   4       0         0      
       pre_init.c.obj               4       0         0      
       div0.asm.obj                 2       0         0      
    +--+----------------------------+-------+---------+---------+
       Total:                       2456    0         32     
                                                             
    /home/ebad/ti/simplelink_msp432p4_sdk_3_40_01_02/kernel/nortos/lib/nortos_msp432p401x.aem4f
       ClockPTimer_nortos.oem4f     884     0         384    
       HwiPMSP432_nortos.oem4f      288     0         656    
       SystemP_nortos.oem4f         863     0         0      
       SwiP_nortos.oem4f            630     16        148    
       TimerPMSP432_nortos.oem4f    676     0         90     
       SemaphoreP_nortos.oem4f      378     0         22     
       startup_msp432_ccs.oem4f     32      324       0      
       QueueP_nortos.oem4f          100     0         0      
       PowerMSP432_nortos.oem4f     76      0         0      
    +--+----------------------------+-------+---------+---------+
       Total:                       3927    340       1300   
                                                             
    /home/ebad/ti/simplelink_msp432p4_sdk_3_40_01_02/source/ti/devices/msp432p4xx/driverlib/ccs/msp432p4xx_driverlib.lib
       interrupt.o                  598     104       464    
       cs.o                         704     0         16     
       uart.o                       284     0         0      
       i2c.o                        108     0         0      
       sysctl_a.o                   64      0         0      
       cpu.o                        24      0         0      
       sysctl.o                     16      0         0      
    +--+----------------------------+-------+---------+---------+
       Total:                       1798    104       480    
                                                             
    /home/ebad/ti/simplelink_msp432p4_sdk_3_40_01_02/source/ti/display/lib/display.aem4f
       DisplayUart.oem4f            184     32        0      
       Display.oem4f                174     1         0      
    +--+----------------------------+-------+---------+---------+
       Total:                       358     33        0      
                                                             
    /home/ebad/ti/simplelink_msp432p4_sdk_3_40_01_02/source/ti/drivers/lib/drivers_msp432p401x.aem4f
       UARTMSP432.oem4f             3406    81        0      
       PowerMSP432.oem4f            2228    0         728    
       I2CMSP432.oem4f              2028    36        0      
       GPIOMSP432.oem4f             828     12        108    
       UART.oem4f                   186     36        2      
       RingBuf.oem4f                184     0         0      
       I2C.oem4f                    148     16        2      
       List.oem4f                   76      0         0      
    +--+----------------------------+-------+---------+---------+
       Total:                       9084    181       840    
                                                             
       Heap:                        0       0         65536  
       Stack:                       0       0         8192   
       Linker Generated:            0       188       0      
    +--+----------------------------+-------+---------+---------+
       Grand Total:                 17783   1109      78996  


LINKER GENERATED COPY TABLES

__TI_cinit_table @ 000049c0 records: 3, size/record: 8, table size: 24
	.data: load addr=00004918, load size=00000088 bytes, run addr=20008668, run size=000002fd bytes, compression=lzss
	.bss: load addr=000049b0, load size=00000008 bytes, run addr=20008000, run size=00000668 bytes, compression=zero_init
	.vtable: load addr=000049b8, load size=00000008 bytes, run addr=20008c00, run size=000000e8 bytes, compression=zero_init


LINKER GENERATED HANDLER TABLE

__TI_handler_table @ 000049a0 records: 3, size/record: 4, table size: 12
	index: 0, handler: __TI_decompress_lzss
	index: 1, handler: __TI_decompress_none
	index: 2, handler: __TI_zero_init


GLOBAL SYMBOLS: SORTED ALPHABETICALLY BY Name 

address   name                              
-------   ----                              
000045af  Board_init                        
0000119f  Board_initHook                    
000046b1  C$$EXIT                           
000045bb  CPU_cpsid                         
000045c7  CPU_cpsie                         
000041b5  CS_setExternalClockSourceFrequency
00001835  CS_startHFXTWithTimeout           
000019fd  CS_startLFXTWithTimeout           
00004495  ClockP_Params_init                
000041d5  ClockP_add                        
00003885  ClockP_construct                  
000042a9  ClockP_create                     
000044a5  ClockP_delete                     
000042f7  ClockP_destruct                   
000045d5  ClockP_doTick                     
00004149  ClockP_getTicks                   
00004689  ClockP_isActive                   
0000416d  ClockP_scheduleNextTick           
0000468d  ClockP_setTimeout                 
00002c5d  ClockP_start                      
00002089  ClockP_startup                    
0000466b  ClockP_stop                       
20008948  ClockP_tickPeriod                 
00002ed9  ClockP_walkQueueDynamic           
000022a5  ClockP_workFuncDynamic            
00001f17  DisplayUartMin_clear              
00002ed7  DisplayUartMin_clearLines         
000043a1  DisplayUartMin_close              
00004671  DisplayUartMin_control            
000047fc  DisplayUartMin_fxnTable           
00004677  DisplayUartMin_getType            
00002fc7  DisplayUartMin_init               
00003839  DisplayUartMin_open               
000039a5  DisplayUartMin_vprintf            
000048b0  Display_config                    
0000490e  Display_count                     
00004909  Display_defaultParams             
0000400d  Display_doInit                    
00003531  Display_doOpen                    
00003fb7  Display_doPrintf                  
00004854  GPIOMSP432_config                 
00003261  GPIO_hwiIntFxn                    
00002351  GPIO_init                         
000034d1  GPIO_setCallback                  
000011a1  GPIO_setConfig                    
000035e9  GPIO_write                        
0000445d  HwiP_Params_init                  
00002fc9  HwiP_construct                    
00003fe1  HwiP_create                       
0000430f  HwiP_delete                       
000044b5  HwiP_disable                      
00004191  HwiP_dispatch                     
00004691  HwiP_enable                       
00004329  HwiP_inISR                        
2000894c  HwiP_key                          
00004695  HwiP_post                         
0000463b  HwiP_restore                      
20008950  HwiP_swiPIntNum                   
000023fd  I2CMSP432_cancel                  
00002f51  I2CMSP432_close                   
0000467d  I2CMSP432_control                 
0000483c  I2CMSP432_fxnTable                
0000101b  I2CMSP432_hwiIntFxn               
00003187  I2CMSP432_init                    
00000c6d  I2CMSP432_open                    
00001745  I2CMSP432_transfer                
000044c5  I2C_Params_init                   
000048bc  I2C_config                        
0000490f  I2C_count                         
00004890  I2C_defaultParams                 
00003a31  I2C_init                          
00003189  I2C_masterSendMultiByteFinish     
00003c51  I2C_open                          
00002cdd  Interrupt_disableInterrupt        
000044d5  Interrupt_disableMaster           
00002d5d  Interrupt_enableInterrupt         
000044e5  Interrupt_enableMaster            
000032c9  Interrupt_pendInterrupt           
0000358d  Interrupt_registerInterrupt       
00003749  Interrupt_setPriority             
00004255  Interrupt_unregisterInterrupt     
000040fd  List_put                          
00004123  List_remove                       
00004691  NoRTOS_start                      
0000474c  PowerMSP432_config                
00003331  PowerMSP432_getFreqs              
000044f5  PowerMSP432_getNumPerfLevels      
00003883  PowerMSP432_initPolicy            
200088e8  PowerMSP432_module                
200087a8  PowerMSP432_perfLevels            
000038cd  PowerMSP432_sleepPolicy           
00003ef3  PowerMSP432_updateFreqs           
00004505  Power_disablePolicy               
00004515  Power_enablePolicy                
000045e1  Power_getConstraintMask           
000045ed  Power_getPerformanceLevel         
000043f9  Power_idleFunc                    
00002739  Power_init                        
00004035  Power_registerNotify              
00003915  Power_releaseConstraint           
00003e4d  Power_setConstraint               
00000145  Power_sleep                       
000041f5  Power_unregisterNotify            
00004585  QueueP_empty                      
000042c3  QueueP_get                        
00004699  QueueP_head                       
00004683  QueueP_init                       
0000469d  QueueP_next                       
00004215  QueueP_put                        
00004593  QueueP_remove                     
0000446f  RingBuf_construct                 
00003c91  RingBuf_get                       
00004235  RingBuf_peek                      
000039eb  RingBuf_put                       
00004525  SemaphoreP_Params_init            
0000379d  SemaphoreP_construct              
000043b7  SemaphoreP_create                 
000042dd  SemaphoreP_createBinary           
2000893c  SemaphoreP_defaultParams          
000046a1  SemaphoreP_delete                 
000025f9  SemaphoreP_pend                   
00003a75  SemaphoreP_post                   
00004535  SwiP_Params_init                  
00001d75  SwiP_construct                    
00004271  SwiP_disable                      
000027d5  SwiP_dispatch                     
00003399  SwiP_post                         
00003ab9  SwiP_restore                      
00004341  SysCtl_A_disableNMISource         
00004359  SysCtl_A_enableNMISource          
00004545  SysCtl_A_getNMISourceStatus       
00004555  SysCtl_getNMISourceStatus         
000046a5  SystemP_vsnprintf                 
00004565  TimerP_Params_init                
00001add  TimerP_construct                  
00003641  TimerP_dynamicStub                
000031f5  TimerP_getCurrentTick             
000045f9  TimerP_getFreq                    
00004605  TimerP_getMaxTicks                
00003e11  TimerP_initDevice                 
00003cd1  TimerP_setNextTick                
000046a9  TimerP_setPeriod                  
00003afd  TimerP_start                      
000029a3  UARTMSP432_close                  
0000213d  UARTMSP432_control                
000047b0  UARTMSP432_fxnTable               
00001e4d  UARTMSP432_hwiIntFxn              
0000400b  UARTMSP432_init                   
00000715  UARTMSP432_open                   
00003d11  UARTMSP432_read                   
00003ebd  UARTMSP432_readCancel             
00001bbd  UARTMSP432_readPolling            
000024a9  UARTMSP432_write                  
00003039  UARTMSP432_writeCancel            
000021f1  UARTMSP432_writePolling           
00004371  UART_Params_init                  
0000461d  UART_close                        
000048c8  UART_config                       
00004627  UART_control                      
00004910  UART_count                        
000047d8  UART_defaultParams                
00003b41  UART_init                         
00001311  UART_initModule                   
00003d51  UART_open                         
00004631  UART_write                        
4000480c  WDTCTL_SYM                        
20010000  __STACK_END                       
00001000  __STACK_SIZE                      
00008000  __SYSMEM_SIZE                     
000049c0  __TI_CINIT_Base                   
000049d8  __TI_CINIT_Limit                  
000049a0  __TI_Handler_Table_Base           
000049ac  __TI_Handler_Table_Limit          
00003b85  __TI_auto_init_nobinit_nopinit    
00003401  __TI_decompress_lzss              
000045a1  __TI_decompress_none              
ffffffff  __TI_pprof_out_hndl               
ffffffff  __TI_prof_data_size               
ffffffff  __TI_prof_data_start              
00004918  __TI_static_base__                
00004611  __TI_zero_init                    
00002b53  __aeabi_cdcmpeq                   
00002b53  __aeabi_cdcmple                   
0000395d  __aeabi_d2iz                      
00003c0d  __aeabi_d2uiz                     
00000e6f  __aeabi_dadd                      
00001649  __aeabi_dmul                      
00000e65  __aeabi_dsub                      
00003f89  __aeabi_i2d                       
000046bb  __aeabi_idiv0                     
000046bb  __aeabi_ldiv0                     
00002e5d  __aeabi_memclr                    
00002e5d  __aeabi_memclr4                   
00002e5d  __aeabi_memclr8                   
00002871  __aeabi_memcpy                    
00002871  __aeabi_memcpy4                   
00002871  __aeabi_memcpy8                   
00002e5f  __aeabi_memset                    
00002e5f  __aeabi_memset4                   
00002e5f  __aeabi_memset8                   
00003dd1  __aeabi_uidiv                     
00003dd1  __aeabi_uidivmod                  
0000290d  __aeabi_uldivmod                  
ffffffff  __binit__                         
ffffffff  __c_args__                        
UNDEFED   __mpu_init                        
2000f000  __stack                           
20000000  __start___llvm_prf_cnts           
20000000  __stop___llvm_prf_cnts            
00003ef5  _c_int00_noargs                   
2000892c  _lock                             
00004327  _nop                              
20000000  _sys_memory                       
UNDEFED   _system_post_cinit                
000046ad  _system_pre_init                  
20008930  _unlock                           
000046b1  abort                             
00001549  aligned_alloc                     
ffffffff  binit                             
000045d3  clkFxn                            
00004868  displayUartHWAttrs                
20008638  displayUartObject                 
00001919  free                              
20008c00  g_pfnRAMVectors                   
20008954  gpioCallbackFunctions             
20008958  gpioPinConfigs                    
20008664  i2c1                              
0000487c  i2cMSP432HWAttrs                  
20008520  i2cMSP432Objects                  
20008618  i2cParams                         
00000000  interruptVectors                  
00004481  main                              
00002ddd  mainThread                        
0000464b  malloc                            
00001549  memalign                          
00002871  memcpy                            
00002e65  memset                            
00004389  resetISR                          
00004449  strlen                            
200084a0  uartMSP432Objects                 


GLOBAL SYMBOLS: SORTED BY Symbol Address 

address   name                              
-------   ----                              
00000000  interruptVectors                  
00000145  Power_sleep                       
00000715  UARTMSP432_open                   
00000c6d  I2CMSP432_open                    
00000e65  __aeabi_dsub                      
00000e6f  __aeabi_dadd                      
00001000  __STACK_SIZE                      
0000101b  I2CMSP432_hwiIntFxn               
0000119f  Board_initHook                    
000011a1  GPIO_setConfig                    
00001311  UART_initModule                   
00001549  aligned_alloc                     
00001549  memalign                          
00001649  __aeabi_dmul                      
00001745  I2CMSP432_transfer                
00001835  CS_startHFXTWithTimeout           
00001919  free                              
000019fd  CS_startLFXTWithTimeout           
00001add  TimerP_construct                  
00001bbd  UARTMSP432_readPolling            
00001d75  SwiP_construct                    
00001e4d  UARTMSP432_hwiIntFxn              
00001f17  DisplayUartMin_clear              
00002089  ClockP_startup                    
0000213d  UARTMSP432_control                
000021f1  UARTMSP432_writePolling           
000022a5  ClockP_workFuncDynamic            
00002351  GPIO_init                         
000023fd  I2CMSP432_cancel                  
000024a9  UARTMSP432_write                  
000025f9  SemaphoreP_pend                   
00002739  Power_init                        
000027d5  SwiP_dispatch                     
00002871  __aeabi_memcpy                    
00002871  __aeabi_memcpy4                   
00002871  __aeabi_memcpy8                   
00002871  memcpy                            
0000290d  __aeabi_uldivmod                  
000029a3  UARTMSP432_close                  
00002b53  __aeabi_cdcmpeq                   
00002b53  __aeabi_cdcmple                   
00002c5d  ClockP_start                      
00002cdd  Interrupt_disableInterrupt        
00002d5d  Interrupt_enableInterrupt         
00002ddd  mainThread                        
00002e5d  __aeabi_memclr                    
00002e5d  __aeabi_memclr4                   
00002e5d  __aeabi_memclr8                   
00002e5f  __aeabi_memset                    
00002e5f  __aeabi_memset4                   
00002e5f  __aeabi_memset8                   
00002e65  memset                            
00002ed7  DisplayUartMin_clearLines         
00002ed9  ClockP_walkQueueDynamic           
00002f51  I2CMSP432_close                   
00002fc7  DisplayUartMin_init               
00002fc9  HwiP_construct                    
00003039  UARTMSP432_writeCancel            
00003187  I2CMSP432_init                    
00003189  I2C_masterSendMultiByteFinish     
000031f5  TimerP_getCurrentTick             
00003261  GPIO_hwiIntFxn                    
000032c9  Interrupt_pendInterrupt           
00003331  PowerMSP432_getFreqs              
00003399  SwiP_post                         
00003401  __TI_decompress_lzss              
000034d1  GPIO_setCallback                  
00003531  Display_doOpen                    
0000358d  Interrupt_registerInterrupt       
000035e9  GPIO_write                        
00003641  TimerP_dynamicStub                
00003749  Interrupt_setPriority             
0000379d  SemaphoreP_construct              
00003839  DisplayUartMin_open               
00003883  PowerMSP432_initPolicy            
00003885  ClockP_construct                  
000038cd  PowerMSP432_sleepPolicy           
00003915  Power_releaseConstraint           
0000395d  __aeabi_d2iz                      
000039a5  DisplayUartMin_vprintf            
000039eb  RingBuf_put                       
00003a31  I2C_init                          
00003a75  SemaphoreP_post                   
00003ab9  SwiP_restore                      
00003afd  TimerP_start                      
00003b41  UART_init                         
00003b85  __TI_auto_init_nobinit_nopinit    
00003c0d  __aeabi_d2uiz                     
00003c51  I2C_open                          
00003c91  RingBuf_get                       
00003cd1  TimerP_setNextTick                
00003d11  UARTMSP432_read                   
00003d51  UART_open                         
00003dd1  __aeabi_uidiv                     
00003dd1  __aeabi_uidivmod                  
00003e11  TimerP_initDevice                 
00003e4d  Power_setConstraint               
00003ebd  UARTMSP432_readCancel             
00003ef3  PowerMSP432_updateFreqs           
00003ef5  _c_int00_noargs                   
00003f89  __aeabi_i2d                       
00003fb7  Display_doPrintf                  
00003fe1  HwiP_create                       
0000400b  UARTMSP432_init                   
0000400d  Display_doInit                    
00004035  Power_registerNotify              
000040fd  List_put                          
00004123  List_remove                       
00004149  ClockP_getTicks                   
0000416d  ClockP_scheduleNextTick           
00004191  HwiP_dispatch                     
000041b5  CS_setExternalClockSourceFrequency
000041d5  ClockP_add                        
000041f5  Power_unregisterNotify            
00004215  QueueP_put                        
00004235  RingBuf_peek                      
00004255  Interrupt_unregisterInterrupt     
00004271  SwiP_disable                      
000042a9  ClockP_create                     
000042c3  QueueP_get                        
000042dd  SemaphoreP_createBinary           
000042f7  ClockP_destruct                   
0000430f  HwiP_delete                       
00004327  _nop                              
00004329  HwiP_inISR                        
00004341  SysCtl_A_disableNMISource         
00004359  SysCtl_A_enableNMISource          
00004371  UART_Params_init                  
00004389  resetISR                          
000043a1  DisplayUartMin_close              
000043b7  SemaphoreP_create                 
000043f9  Power_idleFunc                    
00004449  strlen                            
0000445d  HwiP_Params_init                  
0000446f  RingBuf_construct                 
00004481  main                              
00004495  ClockP_Params_init                
000044a5  ClockP_delete                     
000044b5  HwiP_disable                      
000044c5  I2C_Params_init                   
000044d5  Interrupt_disableMaster           
000044e5  Interrupt_enableMaster            
000044f5  PowerMSP432_getNumPerfLevels      
00004505  Power_disablePolicy               
00004515  Power_enablePolicy                
00004525  SemaphoreP_Params_init            
00004535  SwiP_Params_init                  
00004545  SysCtl_A_getNMISourceStatus       
00004555  SysCtl_getNMISourceStatus         
00004565  TimerP_Params_init                
00004585  QueueP_empty                      
00004593  QueueP_remove                     
000045a1  __TI_decompress_none              
000045af  Board_init                        
000045bb  CPU_cpsid                         
000045c7  CPU_cpsie                         
000045d3  clkFxn                            
000045d5  ClockP_doTick                     
000045e1  Power_getConstraintMask           
000045ed  Power_getPerformanceLevel         
000045f9  TimerP_getFreq                    
00004605  TimerP_getMaxTicks                
00004611  __TI_zero_init                    
0000461d  UART_close                        
00004627  UART_control                      
00004631  UART_write                        
0000463b  HwiP_restore                      
0000464b  malloc                            
0000466b  ClockP_stop                       
00004671  DisplayUartMin_control            
00004677  DisplayUartMin_getType            
0000467d  I2CMSP432_control                 
00004683  QueueP_init                       
00004689  ClockP_isActive                   
0000468d  ClockP_setTimeout                 
00004691  HwiP_enable                       
00004691  NoRTOS_start                      
00004695  HwiP_post                         
00004699  QueueP_head                       
0000469d  QueueP_next                       
000046a1  SemaphoreP_delete                 
000046a5  SystemP_vsnprintf                 
000046a9  TimerP_setPeriod                  
000046ad  _system_pre_init                  
000046b1  C$$EXIT                           
000046b1  abort                             
000046bb  __aeabi_idiv0                     
000046bb  __aeabi_ldiv0                     
0000474c  PowerMSP432_config                
000047b0  UARTMSP432_fxnTable               
000047d8  UART_defaultParams                
000047fc  DisplayUartMin_fxnTable           
0000483c  I2CMSP432_fxnTable                
00004854  GPIOMSP432_config                 
00004868  displayUartHWAttrs                
0000487c  i2cMSP432HWAttrs                  
00004890  I2C_defaultParams                 
000048b0  Display_config                    
000048bc  I2C_config                        
000048c8  UART_config                       
00004909  Display_defaultParams             
0000490e  Display_count                     
0000490f  I2C_count                         
00004910  UART_count                        
00004918  __TI_static_base__                
000049a0  __TI_Handler_Table_Base           
000049ac  __TI_Handler_Table_Limit          
000049c0  __TI_CINIT_Base                   
000049d8  __TI_CINIT_Limit                  
00008000  __SYSMEM_SIZE                     
20000000  __start___llvm_prf_cnts           
20000000  __stop___llvm_prf_cnts            
20000000  _sys_memory                       
200084a0  uartMSP432Objects                 
20008520  i2cMSP432Objects                  
20008618  i2cParams                         
20008638  displayUartObject                 
20008664  i2c1                              
200087a8  PowerMSP432_perfLevels            
200088e8  PowerMSP432_module                
2000892c  _lock                             
20008930  _unlock                           
2000893c  SemaphoreP_defaultParams          
20008948  ClockP_tickPeriod                 
2000894c  HwiP_key                          
20008950  HwiP_swiPIntNum                   
20008954  gpioCallbackFunctions             
20008958  gpioPinConfigs                    
20008c00  g_pfnRAMVectors                   
2000f000  __stack                           
20010000  __STACK_END                       
4000480c  WDTCTL_SYM                        
ffffffff  __TI_pprof_out_hndl               
ffffffff  __TI_prof_data_size               
ffffffff  __TI_prof_data_start              
ffffffff  __binit__                         
ffffffff  __c_args__                        
ffffffff  binit                             
UNDEFED   __mpu_init                        
UNDEFED   _system_post_cinit                

[240 symbols]
