******************************************************************************
                  TI ARM Linker Unix v20.2.2                   
******************************************************************************
>> Linked Tue Mar 23 16:16:57 2021

OUTPUT FILE NAME:   <vl53l1x_ULD_MSP_EXP432P401R_nortos_ccs.out>
ENTRY POINT SYMBOL: "resetISR"  address: 000041d9


MEMORY CONFIGURATION

         name            origin    length      used     unused   attr    fill
----------------------  --------  ---------  --------  --------  ----  --------
  MAIN                  00000000   00040000  00004829  0003b7d7  R  X
  INFO                  00200000   00004000  00000000  00004000  R  X
  SRAM_CODE             01000000   00010000  00009a81  0000657f  RW X
  SRAM_DATA             20000000   00010000  00009a81  0000657f  RW  


SEGMENT ALLOCATION MAP

run origin  load origin   length   init length attrs members
----------  ----------- ---------- ----------- ----- -------
00000000    00000000    00004830   00004830    r-x
  00000000    00000000    00000144   00000144    r-- .intvecs
  00000144    00000144    000043a4   000043a4    r-x .text
  000044e8    000044e8    00000281   00000281    r-- .const
  00004770    00004770    000000c0   000000c0    r-- .cinit
20000000    20000000    00008999   00000000    rw-
  20000000    20000000    00008000   00000000    rw- .sysmem
  20008000    20008000    0000069c   00000000    rw- .bss
  2000869c    2000869c    000002fd   00000000    rw- .data
20008c00    20008c00    000000e8   00000000    rw-
  20008c00    20008c00    000000e8   00000000    rw- .vtable
2000f000    2000f000    00001000   00000000    rw-
  2000f000    2000f000    00001000   00000000    rw- .stack


SECTION ALLOCATION MAP

 output                                  attributes/
section   page    origin      length       input sections
--------  ----  ----------  ----------   ----------------
.text      0    00000144    000043a4     
                  00000144    000002d8     nortos_msp432p401x.aem4f : SystemP_nortos.oem4f (.text:doPrint)
                  0000041c    000002d0     drivers_msp432p401x.aem4f : UARTMSP432.oem4f (.text:UARTMSP432_open)
                  000006ec    00000288                               : PowerMSP432.oem4f (.text:initPerfControl)
                  00000974    000001f8                               : I2CMSP432.oem4f (.text:I2CMSP432_open)
                  00000b6c    000001b6     rtsv7M4_T_le_v4SPD16_eabi.lib : fd_add_t2.asm.obj (.text)
                  00000d22    00000184     drivers_msp432p401x.aem4f : I2CMSP432.oem4f (.text:I2CMSP432_hwiIntFxn)
                  00000ea6    00000002     ti_drivers_config.obj (.text:Board_initHook)
                  00000ea8    00000170     drivers_msp432p401x.aem4f : GPIOMSP432.oem4f (.text:GPIO_setConfig)
                  00001018    0000011c     msp432p4xx_driverlib.lib : uart.o (.text:UART_initModule)
                  00001134    0000011c     drivers_msp432p401x.aem4f : I2CMSP432.oem4f (.text:primeTransfer)
                  00001250    00000100     rtsv7M4_T_le_v4SPD16_eabi.lib : memory.c.obj (.text:aligned_alloc)
                  00001350    000000fc                                   : fd_mul_t2.asm.obj (.text)
                  0000144c    000000f0     drivers_msp432p401x.aem4f : I2CMSP432.oem4f (.text:I2CMSP432_transfer)
                  0000153c    000000e4     msp432p4xx_driverlib.lib : cs.o (.text:CS_startHFXTWithTimeout)
                  00001620    000000e4     rtsv7M4_T_le_v4SPD16_eabi.lib : memory.c.obj (.text:free)
                  00001704    000000e0     msp432p4xx_driverlib.lib : cs.o (.text:CS_startLFXTWithTimeout)
                  000017e4    000000e0     nortos_msp432p401x.aem4f : TimerPMSP432_nortos.oem4f (.text:TimerP_construct)
                  000018c4    000000dc     drivers_msp432p401x.aem4f : UARTMSP432.oem4f (.text:UARTMSP432_readPolling)
                  000019a0    000000dc     msp432p4xx_driverlib.lib : cs.o (.text:_CSGetHFXTFrequency)
                  00001a7c    000000d8     nortos_msp432p401x.aem4f : SwiP_nortos.oem4f (.text:SwiP_construct)
                  00001b54    000000ca     drivers_msp432p401x.aem4f : UARTMSP432.oem4f (.text:UARTMSP432_hwiIntFxn)
                  00001c1e    00000002     display.aem4f : DisplayUart.oem4f (.text:DisplayUartMin_clear)
                  00001c20    000000b8     drivers_msp432p401x.aem4f : UARTMSP432.oem4f (.text:initHw)
                  00001cd8    000000b8                               : UARTMSP432.oem4f (.text:readTaskCallback)
                  00001d90    000000b4     nortos_msp432p401x.aem4f : ClockPTimer_nortos.oem4f (.text:ClockP_startup)
                  00001e44    000000b4     drivers_msp432p401x.aem4f : UARTMSP432.oem4f (.text:UARTMSP432_control)
                  00001ef8    000000b4                               : UARTMSP432.oem4f (.text:UARTMSP432_writePolling)
                  00001fac    000000b0     VL53L1X_api.obj (.text:VL53L1X_SensorInit)
                  0000205c    000000ac     nortos_msp432p401x.aem4f : ClockPTimer_nortos.oem4f (.text:ClockP_workFuncDynamic)
                  00002108    000000ac     drivers_msp432p401x.aem4f : GPIOMSP432.oem4f (.text:GPIO_init)
                  000021b4    000000ac                               : I2CMSP432.oem4f (.text:I2CMSP432_cancel)
                  00002260    000000a8                               : UARTMSP432.oem4f (.text:UARTMSP432_write)
                  00002308    000000a8                               : UARTMSP432.oem4f (.text:readTaskBlocking)
                  000023b0    000000a0     nortos_msp432p401x.aem4f : SemaphoreP_nortos.oem4f (.text:SemaphoreP_pend)
                  00002450    000000a0     drivers_msp432p401x.aem4f : UARTMSP432.oem4f (.text:readIsrTextCallback)
                  000024f0    0000009c                               : PowerMSP432.oem4f (.text:Power_init)
                  0000258c    0000009c     nortos_msp432p401x.aem4f : SwiP_nortos.oem4f (.text:SwiP_dispatch)
                  00002628    0000009c     rtsv7M4_T_le_v4SPD16_eabi.lib : memcpy_t2.asm.obj (.text)
                  000026c4    00000096                                   : ull_div_t2.asm.obj (.text)
                  0000275a    00000092     drivers_msp432p401x.aem4f : UARTMSP432.oem4f (.text:UARTMSP432_close)
                  000027ec    00000092                               : UARTMSP432.oem4f (.text:writeData)
                  0000287e    00000002     display.aem4f : DisplayUart.oem4f (.text:DisplayUartMin_clearLines)
                  00002880    00000090     vl53l1.obj (.text:mainThread)
                  00002910    0000008c     drivers_msp432p401x.aem4f : UARTMSP432.oem4f (.text:readIsrTextBlocking)
                  0000299c    00000086     rtsv7M4_T_le_v4SPD16_eabi.lib : fd_cmp_t2.asm.obj (.text:__aeabi_cdcmple)
                  00002a22    00000002     display.aem4f : DisplayUart.oem4f (.text:DisplayUartMin_init)
                  00002a24    00000084     VL53L1X_api.obj (.text:VL53L1_RdByte)
                  00002aa8    00000080     nortos_msp432p401x.aem4f : ClockPTimer_nortos.oem4f (.text:ClockP_start)
                  00002b28    00000080     msp432p4xx_driverlib.lib : interrupt.o (.text:Interrupt_disableInterrupt)
                  00002ba8    00000080                              : interrupt.o (.text:Interrupt_enableInterrupt)
                  00002c28    00000080     VL53L1X_api.obj (.text:VL53L1_WrByte)
                  00002ca8    0000007a     rtsv7M4_T_le_v4SPD16_eabi.lib : memset_t2.asm.obj (.text)
                  00002d22    00000002     drivers_msp432p401x.aem4f : I2CMSP432.oem4f (.text:I2CMSP432_init)
                  00002d24    00000078     nortos_msp432p401x.aem4f : ClockPTimer_nortos.oem4f (.text:ClockP_walkQueueDynamic)
                  00002d9c    00000076     drivers_msp432p401x.aem4f : I2CMSP432.oem4f (.text:I2CMSP432_close)
                  00002e12    00000002     msp432p4xx_driverlib.lib : interrupt.o (.text:IntDefaultHandler)
                  00002e14    00000070     nortos_msp432p401x.aem4f : HwiPMSP432_nortos.oem4f (.text:HwiP_construct)
                  00002e84    00000070     drivers_msp432p401x.aem4f : UARTMSP432.oem4f (.text:UARTMSP432_writeCancel)
                  00002ef4    00000070     rtsv7M4_T_le_v4SPD16_eabi.lib : memory.c.obj (.text:split)
                  00002f64    0000006d     nortos_msp432p401x.aem4f : SystemP_nortos.oem4f (.text:formatNum)
                  00002fd1    00000001     --HOLE-- [fill = 0]
                  00002fd2    00000002                              : PowerMSP432_nortos.oem4f (.text:PowerMSP432_updateFreqs)
                  00002fd4    0000006c     msp432p4xx_driverlib.lib : i2c.o (.text:I2C_masterSendMultiByteFinish)
                  00003040    0000006c     nortos_msp432p401x.aem4f : TimerPMSP432_nortos.oem4f (.text:TimerP_getCurrentTick)
                  000030ac    00000068     drivers_msp432p401x.aem4f : GPIOMSP432.oem4f (.text:GPIO_hwiIntFxn)
                  00003114    00000068     msp432p4xx_driverlib.lib : interrupt.o (.text:Interrupt_pendInterrupt)
                  0000317c    00000068     drivers_msp432p401x.aem4f : PowerMSP432.oem4f (.text:PowerMSP432_getFreqs)
                  000031e4    00000068     nortos_msp432p401x.aem4f : SwiP_nortos.oem4f (.text:SwiP_post)
                  0000324c    00000068     rtsv7M4_T_le_v4SPD16_eabi.lib : copy_decompress_lzss.c.obj (.text:decompress:lzss:__TI_decompress_lzss)
                  000032b4    00000068     drivers_msp432p401x.aem4f : I2CMSP432.oem4f (.text:initHw)
                  0000331c    00000060                               : GPIOMSP432.oem4f (.text:GPIO_setCallback)
                  0000337c    0000005c     display.aem4f : Display.oem4f (.text:Display_doOpen)
                  000033d8    0000005c     msp432p4xx_driverlib.lib : interrupt.o (.text:Interrupt_registerInterrupt)
                  00003434    00000058     drivers_msp432p401x.aem4f : GPIOMSP432.oem4f (.text:GPIO_write)
                  0000348c    00000058     nortos_msp432p401x.aem4f : TimerPMSP432_nortos.oem4f (.text:TimerP_dynamicStub)
                  000034e4    00000058     drivers_msp432p401x.aem4f : UARTMSP432.oem4f (.text:readIsrBinaryBlocking)
                  0000353c    00000056                               : I2CMSP432.oem4f (.text:completeTransfer)
                  00003592    00000002                               : UARTMSP432.oem4f (.text:UARTMSP432_init)
                  00003594    00000054     msp432p4xx_driverlib.lib : interrupt.o (.text:Interrupt_setPriority)
                  000035e8    00000054     VL53L1X_api.obj (.text:VL53L1X_CheckForDataReady)
                  0000363c    00000050     nortos_msp432p401x.aem4f : SemaphoreP_nortos.oem4f (.text:SemaphoreP_construct)
                  0000368c    0000004c     drivers_msp432p401x.aem4f : UARTMSP432.oem4f (.text:readIsrBinaryCallback)
                  000036d8    0000004a     display.aem4f : DisplayUart.oem4f (.text:DisplayUartMin_open)
                  00003722    00000002     rtsv7M4_T_le_v4SPD16_eabi.lib : _lock.c.obj (.text:_nop)
                  00003724    00000048     nortos_msp432p401x.aem4f : ClockPTimer_nortos.oem4f (.text:ClockP_construct)
                  0000376c    00000048     drivers_msp432p401x.aem4f : PowerMSP432.oem4f (.text:Power_releaseConstraint)
                  000037b4    00000048     rtsv7M4_T_le_v4SPD16_eabi.lib : fd_toi_t2.asm.obj (.text)
                  000037fc    00000046     display.aem4f : DisplayUart.oem4f (.text:DisplayUartMin_vprintf)
                  00003842    00000046     drivers_msp432p401x.aem4f : RingBuf.oem4f (.text:RingBuf_put)
                  00003888    00000044                               : I2C.oem4f (.text:I2C_init)
                  000038cc    00000044     nortos_msp432p401x.aem4f : SemaphoreP_nortos.oem4f (.text:SemaphoreP_post)
                  00003910    00000044                              : TimerPMSP432_nortos.oem4f (.text:TimerP_start)
                  00003954    00000044     drivers_msp432p401x.aem4f : UART.oem4f (.text:UART_init)
                  00003998    00000044     VL53L1X_api.obj (.text:VL53L1X_GetInterruptPolarity)
                  000039dc    00000044     rtsv7M4_T_le_v4SPD16_eabi.lib : autoinit.c.obj (.text:__TI_auto_init_nobinit_nopinit:__TI_auto_init_nobinit_nopinit)
                  00003a20    00000044     drivers_msp432p401x.aem4f : I2CMSP432.oem4f (.text:perfChangeNotifyFxn)
                  00003a64    00000044     rtsv7M4_T_le_v4SPD16_eabi.lib : fd_tou_t2.asm.obj (.text)
                  00003aa8    00000040     drivers_msp432p401x.aem4f : I2C.oem4f (.text:I2C_open)
                  00003ae8    00000040                               : RingBuf.oem4f (.text:RingBuf_get)
                  00003b28    00000040     nortos_msp432p401x.aem4f : TimerPMSP432_nortos.oem4f (.text:TimerP_setNextTick)
                  00003b68    00000040     drivers_msp432p401x.aem4f : UARTMSP432.oem4f (.text:UARTMSP432_read)
                  00003ba8    00000040                               : UART.oem4f (.text:UART_open)
                  00003be8    00000040                               : UARTMSP432.oem4f (.text:perfChangeNotifyFxn)
                  00003c28    00000040     rtsv7M4_T_le_v4SPD16_eabi.lib : u_divt2.asm.obj (.text)
                  00003c68    0000003c     nortos_msp432p401x.aem4f : TimerPMSP432_nortos.oem4f (.text:TimerP_initDevice)
                  00003ca4    00000038     drivers_msp432p401x.aem4f : PowerMSP432.oem4f (.text:Power_setConstraint)
                  00003cdc    00000036                               : UARTMSP432.oem4f (.text:UARTMSP432_readCancel)
                  00003d12    00000002     nortos_msp432p401x.aem4f : startup_msp432_ccs.oem4f (.text:busFaultISR)
                  00003d14    00000034     rtsv7M4_T_le_v4SPD16_eabi.lib : boot_cortex_m.c.obj (.text:_c_int00_noargs:_c_int00_noargs)
                  00003d48    00000030     drivers_msp432p401x.aem4f : I2CMSP432.oem4f (.text:mapPin)
                  00003d78    00000030                               : UARTMSP432.oem4f (.text:mapPin)
                  00003da8    0000002e     rtsv7M4_T_le_v4SPD16_eabi.lib : i_tofd_t2.asm.obj (.text)
                  00003dd6    0000002a     display.aem4f : Display.oem4f (.text:Display_doPrintf)
                  00003e00    0000002a     nortos_msp432p401x.aem4f : HwiPMSP432_nortos.oem4f (.text:HwiP_create)
                  00003e2a    00000002                              : SemaphoreP_nortos.oem4f (.text:clkFxn)
                  00003e2c    00000028     display.aem4f : Display.oem4f (.text:Display_doInit)
                  00003e54    00000028     drivers_msp432p401x.aem4f : PowerMSP432.oem4f (.text:Power_registerNotify)
                  00003e7c    00000028                               : PowerMSP432.oem4f (.text:disableFaultCounter)
                  00003ea4    00000028                               : UARTMSP432.oem4f (.text:findBaudDividerIndex)
                  00003ecc    00000028     rtsv7M4_T_le_v4SPD16_eabi.lib : memory.c.obj (.text:free_list_insert)
                  00003ef4    00000026     drivers_msp432p401x.aem4f : List.oem4f (.text:List_put)
                  00003f1a    00000026                               : List.oem4f (.text:List_remove)
                  00003f40    00000024     nortos_msp432p401x.aem4f : ClockPTimer_nortos.oem4f (.text:ClockP_getTicks)
                  00003f64    00000024                              : ClockPTimer_nortos.oem4f (.text:ClockP_scheduleNextTick)
                  00003f88    00000024                              : HwiPMSP432_nortos.oem4f (.text:HwiP_dispatch)
                  00003fac    00000020     msp432p4xx_driverlib.lib : cs.o (.text:CS_setExternalClockSourceFrequency)
                  00003fcc    00000020     nortos_msp432p401x.aem4f : ClockPTimer_nortos.oem4f (.text:ClockP_add)
                  00003fec    00000020     drivers_msp432p401x.aem4f : PowerMSP432.oem4f (.text:Power_unregisterNotify)
                  0000400c    00000020     nortos_msp432p401x.aem4f : QueueP_nortos.oem4f (.text:QueueP_put)
                  0000402c    00000020     drivers_msp432p401x.aem4f : RingBuf.oem4f (.text:RingBuf_peek)
                  0000404c    0000001e     VL53L1X_api.obj (.text:VL53L1X_ClearInterrupt)
                  0000406a    0000001e     VL53L1X_api.obj (.text:VL53L1X_StartRanging)
                  00004088    0000001e     VL53L1X_api.obj (.text:VL53L1X_StopRanging)
                  000040a6    00000002     nortos_msp432p401x.aem4f : startup_msp432_ccs.oem4f (.text:defaultISR)
                  000040a8    0000001c     msp432p4xx_driverlib.lib : interrupt.o (.text:Interrupt_unregisterInterrupt)
                  000040c4    0000001c     rtsv7M4_T_le_v4SPD16_eabi.lib : memory.c.obj (.text:free_list_remove)
                  000040e0    0000001a     nortos_msp432p401x.aem4f : ClockPTimer_nortos.oem4f (.text:ClockP_create)
                  000040fa    0000001a                              : QueueP_nortos.oem4f (.text:QueueP_get)
                  00004114    0000001a                              : SemaphoreP_nortos.oem4f (.text:SemaphoreP_createBinary)
                  0000412e    00000018                              : ClockPTimer_nortos.oem4f (.text:ClockP_destruct)
                  00004146    00000018                              : HwiPMSP432_nortos.oem4f (.text:HwiP_delete)
                  0000415e    00000002                              : startup_msp432_ccs.oem4f (.text:faultISR)
                  00004160    00000018                              : HwiPMSP432_nortos.oem4f (.text:HwiP_inISR)
                  00004178    00000018     drivers_msp432p401x.aem4f : I2C.oem4f (.text:I2C_transfer)
                  00004190    00000018     msp432p4xx_driverlib.lib : sysctl_a.o (.text:SysCtl_A_disableNMISource)
                  000041a8    00000018                              : sysctl_a.o (.text:SysCtl_A_enableNMISource)
                  000041c0    00000018     drivers_msp432p401x.aem4f : UART.oem4f (.text:UART_Params_init)
                  000041d8    00000018     nortos_msp432p401x.aem4f : startup_msp432_ccs.oem4f (.text:resetISR)
                  000041f0    00000016     display.aem4f : DisplayUart.oem4f (.text:DisplayUartMin_close)
                  00004206    00000016     nortos_msp432p401x.aem4f : SemaphoreP_nortos.oem4f (.text:SemaphoreP_create)
                  0000421c    00000016                              : SwiP_nortos.oem4f (.text:maxbit)
                  00004232    00000016                              : SystemP_nortos.oem4f (.text:putChar)
                  00004248    00000014     drivers_msp432p401x.aem4f : PowerMSP432.oem4f (.text:Power_idleFunc)
                  0000425c    00000014     nortos_msp432p401x.aem4f : SwiP_nortos.oem4f (.text:SwiP_handleHwi)
                  00004270    00000014                              : TimerPMSP432_nortos.oem4f (.text:TimerP_getCount)
                  00004284    00000014     drivers_msp432p401x.aem4f : UARTMSP432.oem4f (.text:clearTXCPTIFG)
                  00004298    00000014     rtsv7M4_T_le_v4SPD16_eabi.lib : strlen.c.obj (.text:strlen)
                  000042ac    00000012     nortos_msp432p401x.aem4f : HwiPMSP432_nortos.oem4f (.text:HwiP_Params_init)
                  000042be    00000012     drivers_msp432p401x.aem4f : RingBuf.oem4f (.text:RingBuf_construct)
                  000042d0    00000012     main_nortos.obj (.text:main)
                  000042e2    00000002     nortos_msp432p401x.aem4f : startup_msp432_ccs.oem4f (.text:nmiISR)
                  000042e4    00000010                              : ClockPTimer_nortos.oem4f (.text:ClockP_Params_init)
                  000042f4    00000010                              : ClockPTimer_nortos.oem4f (.text:ClockP_delete)
                  00004304    00000010                              : HwiPMSP432_nortos.oem4f (.text:HwiP_disable)
                  00004314    00000010     drivers_msp432p401x.aem4f : I2C.oem4f (.text:I2C_Params_init)
                  00004324    00000010     msp432p4xx_driverlib.lib : interrupt.o (.text:Interrupt_disableMaster)
                  00004334    00000010                              : interrupt.o (.text:Interrupt_enableMaster)
                  00004344    00000010     drivers_msp432p401x.aem4f : PowerMSP432.oem4f (.text:PowerMSP432_getNumPerfLevels)
                  00004354    00000010                               : PowerMSP432.oem4f (.text:Power_disablePolicy)
                  00004364    00000010                               : PowerMSP432.oem4f (.text:Power_enablePolicy)
                  00004374    00000010     nortos_msp432p401x.aem4f : SemaphoreP_nortos.oem4f (.text:SemaphoreP_Params_init)
                  00004384    00000010                              : SwiP_nortos.oem4f (.text:SwiP_Params_init)
                  00004394    00000010     msp432p4xx_driverlib.lib : sysctl_a.o (.text:SysCtl_A_getNMISourceStatus)
                  000043a4    00000010     nortos_msp432p401x.aem4f : TimerPMSP432_nortos.oem4f (.text:TimerP_Params_init)
                  000043b4    00000010     drivers_msp432p401x.aem4f : UARTMSP432.oem4f (.text:readBlockingTimeout)
                  000043c4    0000000e     nortos_msp432p401x.aem4f : QueueP_nortos.oem4f (.text:QueueP_empty)
                  000043d2    0000000e                              : QueueP_nortos.oem4f (.text:QueueP_remove)
                  000043e0    0000000e     rtsv7M4_T_le_v4SPD16_eabi.lib : copy_decompress_none.c.obj (.text:decompress:none:__TI_decompress_none)
                  000043ee    0000000c     ti_drivers_config.obj (.text:Board_init)
                  000043fa    0000000c     msp432p4xx_driverlib.lib : cpu.o (.text:CPU_cpsid)
                  00004406    0000000c                              : cpu.o (.text:CPU_cpsie)
                  00004412    00000002     rtsv7M4_T_le_v4SPD16_eabi.lib : div0.asm.obj (.text)
                  00004414    0000000c     nortos_msp432p401x.aem4f : ClockPTimer_nortos.oem4f (.text:ClockP_doTick)
                  00004420    0000000c     drivers_msp432p401x.aem4f : PowerMSP432.oem4f (.text:Power_getPerformanceLevel)
                  0000442c    0000000c     nortos_msp432p401x.aem4f : TimerPMSP432_nortos.oem4f (.text:TimerP_getFreq)
                  00004438    0000000c                              : TimerPMSP432_nortos.oem4f (.text:TimerP_getMaxTicks)
                  00004444    0000000c     rtsv7M4_T_le_v4SPD16_eabi.lib : copy_zero_init.c.obj (.text:decompress:ZI:__TI_zero_init)
                  00004450    0000000a     drivers_msp432p401x.aem4f : UART.oem4f (.text:UART_close)
                  0000445a    0000000a                               : UART.oem4f (.text:UART_control)
                  00004464    0000000a                               : UART.oem4f (.text:UART_write)
                  0000446e    00000008     nortos_msp432p401x.aem4f : HwiPMSP432_nortos.oem4f (.text:HwiP_restore)
                  00004476    00000008     drivers_msp432p401x.aem4f : I2CMSP432.oem4f (.text:blockingTransferCallback)
                  0000447e    00000008     rtsv7M4_T_le_v4SPD16_eabi.lib : memory.c.obj (.text:malloc)
                  00004486    00000008     drivers_msp432p401x.aem4f : UARTMSP432.oem4f (.text:readSemCallback)
                  0000448e    00000008                               : UARTMSP432.oem4f (.text:txcptEnabledStatus)
                  00004496    00000008                               : UARTMSP432.oem4f (.text:writeSemCallback)
                  0000449e    00000006     nortos_msp432p401x.aem4f : ClockPTimer_nortos.oem4f (.text:ClockP_stop)
                  000044a4    00000006     display.aem4f : DisplayUart.oem4f (.text:DisplayUartMin_control)
                  000044aa    00000006                   : DisplayUart.oem4f (.text:DisplayUartMin_getType)
                  000044b0    00000006     drivers_msp432p401x.aem4f : I2CMSP432.oem4f (.text:I2CMSP432_control)
                  000044b6    00000006     nortos_msp432p401x.aem4f : QueueP_nortos.oem4f (.text:QueueP_init)
                  000044bc    00000004                              : ClockPTimer_nortos.oem4f (.text:ClockP_isActive)
                  000044c0    00000004                              : ClockPTimer_nortos.oem4f (.text:ClockP_setTimeout)
                  000044c4    00000004                              : HwiPMSP432_nortos.oem4f (.text:HwiP_enable)
                  000044c8    00000004                              : HwiPMSP432_nortos.oem4f (.text:HwiP_post)
                  000044cc    00000004                              : QueueP_nortos.oem4f (.text:QueueP_head)
                  000044d0    00000004                              : QueueP_nortos.oem4f (.text:QueueP_next)
                  000044d4    00000004                              : SemaphoreP_nortos.oem4f (.text:SemaphoreP_delete)
                  000044d8    00000004                              : SystemP_nortos.oem4f (.text:SystemP_vsnprintf)
                  000044dc    00000004                              : TimerPMSP432_nortos.oem4f (.text:TimerP_setPeriod)
                  000044e0    00000004     rtsv7M4_T_le_v4SPD16_eabi.lib : pre_init.c.obj (.text:_system_pre_init)
                  000044e4    00000004                                   : exit.c.obj (.text:abort:abort)

.const     0    000044e8    00000281     
                  000044e8    0000005b     VL53L1X_api.obj (.const:.string:VL51L1X_DEFAULT_CONFIGURATION)
                  00004543    00000001     display.aem4f : Display.oem4f (.const:Display_defaultParams)
                  00004544    00000050     msp432p4xx_driverlib.lib : interrupt.o (.const:g_pulRegs)
                  00004594    00000038     ti_drivers_config.obj (.const:PowerMSP432_config)
                  000045cc    0000002c     ti_drivers_config.obj (.const:uartMSP432HWAttrs)
                  000045f8    00000028     drivers_msp432p401x.aem4f : UARTMSP432.oem4f (.const:UARTMSP432_fxnTable)
                  00004620    00000024                               : UART.oem4f (.const:UART_defaultParams)
                  00004644    00000020     display.aem4f : DisplayUart.oem4f (.const:DisplayUartMin_fxnTable)
                  00004664    00000020     drivers_msp432p401x.aem4f : UARTMSP432.oem4f (.const:staticFxnTable)
                  00004684    00000018                               : I2CMSP432.oem4f (.const:I2CMSP432_fxnTable)
                  0000469c    00000014     ti_drivers_config.obj (.const:GPIOMSP432_config)
                  000046b0    00000014     ti_drivers_config.obj (.const:displayUartHWAttrs)
                  000046c4    00000014     ti_drivers_config.obj (.const:i2cMSP432HWAttrs)
                  000046d8    00000010     drivers_msp432p401x.aem4f : I2C.oem4f (.const:I2C_defaultParams)
                  000046e8    00000010     nortos_msp432p401x.aem4f : SwiP_nortos.oem4f (.const:SwiP_defaultParams)
                  000046f8    00000010     ti_drivers_config.obj (.const:uartMSP432Baudrates)
                  00004708    0000000c     ti_drivers_config.obj (.const:Display_config)
                  00004714    0000000c     ti_drivers_config.obj (.const:I2C_config)
                  00004720    0000000c     ti_drivers_config.obj (.const:UART_config)
                  0000472c    0000000c     drivers_msp432p401x.aem4f : I2CMSP432.oem4f (.const:bitRates)
                  00004738    00000008     msp432p4xx_driverlib.lib : interrupt.o (.const:g_pulDisRegs)
                  00004740    00000008                              : interrupt.o (.const:g_pulEnRegs)
                  00004748    00000008                              : interrupt.o (.const:g_pulPendRegs)
                  00004750    00000006     drivers_msp432p401x.aem4f : GPIOMSP432.oem4f (.const:.string:interruptType)
                  00004756    00000006                               : GPIOMSP432.oem4f (.const:.string:portInterruptIds)
                  0000475c    00000005                               : UARTMSP432.oem4f (.const:.string:parityTypes)
                  00004761    00000001     --HOLE-- [fill = 0]
                  00004762    00000004                               : UARTMSP432.oem4f (.const:stopBits)
                  00004766    00000003     ti_drivers_config.obj (.const)

.cinit     0    00004770    000000c0     
                  00004770    00000089     (.cinit..data.load) [load image, compression = lzss]
                  000047f9    00000003     --HOLE-- [fill = 0]
                  000047fc    0000000c     (__TI_handler_table)
                  00004808    00000008     (.cinit..bss.load) [load image, compression = zero_init]
                  00004810    00000008     (.cinit..vtable.load) [load image, compression = zero_init]
                  00004818    00000018     (__TI_cinit_table)

.init_array 
*          0    00000000    00000000     UNINITIALIZED

.intvecs   0    00000000    00000144     
                  00000000    00000144     nortos_msp432p401x.aem4f : startup_msp432_ccs.oem4f (.intvecs:retain)

.sysmem    0    20000000    00008000     UNINITIALIZED
                  20000000    00000010     rtsv7M4_T_le_v4SPD16_eabi.lib : memory.c.obj (.sysmem)
                  20000010    00007ff0     --HOLE--

.bss       0    20008000    0000069c     UNINITIALIZED
                  20008000    00000400     ti_drivers_config.obj (.bss:displayUARTBuffer)
                  20008400    000000a0     nortos_msp432p401x.aem4f : ClockPTimer_nortos.oem4f (.bss:ClockP_module)
                  200084a0    00000080     (.common:uartMSP432Objects)
                  20008520    00000050     (.common:i2cMSP432Objects)
                  20008570    00000030     drivers_msp432p401x.aem4f : GPIOMSP432.oem4f (.bss:gpioCallbackInfo)
                  200085a0    00000020     nortos_msp432p401x.aem4f : SwiP_nortos.oem4f (.bss:SwiP_readyList)
                  200085c0    00000020     ti_drivers_config.obj (.bss:uartMSP432RingBuffer0)
                  200085e0    0000001c     nortos_msp432p401x.aem4f : SwiP_nortos.oem4f (.bss:SwiP_hwiStruct)
                  200085fc    0000001c                              : TimerPMSP432_nortos.oem4f (.bss:TimerP_hwiStruct)
                  20008618    0000001c     (.common:i2cTransaction)
                  20008634    00000010     (.common:i2cParams)
                  20008644    0000000d                              : SwiP_nortos.oem4f (.bss)
                  20008651    00000003     --HOLE--
                  20008654    0000000c     (.common:displayUartObject)
                  20008660    0000000c     (.common:readBuffer)
                  2000866c    0000000c     (.common:writeBuffer)
                  20008678    00000008     msp432p4xx_driverlib.lib : cs.o (.bss)
                  20008680    00000008     nortos_msp432p401x.aem4f : ClockPTimer_nortos.oem4f (.bss:timerFreq)
                  20008688    00000004     drivers_msp432p401x.aem4f : GPIOMSP432.oem4f (.bss)
                  2000868c    00000004     nortos_msp432p401x.aem4f : ClockPTimer_nortos.oem4f (.bss)
                  20008690    00000004                              : TimerPMSP432_nortos.oem4f (.bss)
                  20008694    00000004     (.common:display)
                  20008698    00000004     (.common:i2c1)

.data      0    2000869c    000002fd     UNINITIALIZED
                  2000869c    00000140     nortos_msp432p401x.aem4f : HwiPMSP432_nortos.oem4f (.data:HwiP_dispatchTable)
                  200087dc    00000140     drivers_msp432p401x.aem4f : PowerMSP432.oem4f (.data:PowerMSP432_perfLevels)
                  2000891c    0000002c                               : PowerMSP432.oem4f (.data:PowerMSP432_module)
                  20008948    0000000c     nortos_msp432p401x.aem4f : ClockPTimer_nortos.oem4f (.data:ClockP_defaultParams)
                  20008954    0000000c                              : TimerPMSP432_nortos.oem4f (.data:TimerP_defaultParams)
                  20008960    00000008     rtsv7M4_T_le_v4SPD16_eabi.lib : _lock.c.obj (.data:$O1$$)
                  20008968    00000008                                   : memory.c.obj (.data:$O1$$)
                  20008970    00000008     nortos_msp432p401x.aem4f : SemaphoreP_nortos.oem4f (.data:SemaphoreP_defaultParams)
                  20008978    00000008                              : ClockPTimer_nortos.oem4f (.data)
                  20008980    00000008                              : HwiPMSP432_nortos.oem4f (.data)
                  20008988    00000004     ti_drivers_config.obj (.data:gpioCallbackFunctions)
                  2000898c    00000004     ti_drivers_config.obj (.data:gpioPinConfigs)
                  20008990    00000003     nortos_msp432p401x.aem4f : SemaphoreP_nortos.oem4f (.data)
                  20008993    00000002     drivers_msp432p401x.aem4f : GPIOMSP432.oem4f (.data)
                  20008995    00000001                               : I2C.oem4f (.data)
                  20008996    00000001                               : UART.oem4f (.data)
                  20008997    00000001     nortos_msp432p401x.aem4f : SwiP_nortos.oem4f (.data)
                  20008998    00000001                              : TimerPMSP432_nortos.oem4f (.data)

.vtable    0    20008c00    000000e8     UNINITIALIZED
                  20008c00    000000e8     msp432p4xx_driverlib.lib : interrupt.o (.vtable)

.stack     0    2000f000    00001000     UNINITIALIZED
                  2000f000    00000004     rtsv7M4_T_le_v4SPD16_eabi.lib : boot_cortex_m.c.obj (.stack)
                  2000f004    00000ffc     --HOLE--

__llvm_prf_cnts 
*          0    20000000    00000000     UNINITIALIZED

.binit     0    00000000    00000000     

MODULE SUMMARY

       Module                       code    ro data   rw data
       ------                       ----    -------   -------
    ./
       vl53l1.obj                   144     0         152    
       main_nortos.obj              18      0         0      
    +--+----------------------------+-------+---------+---------+
       Total:                       162     0         152    
                                                             
    ./core/
       VL53L1X_api.obj              678     91        0      
    +--+----------------------------+-------+---------+---------+
       Total:                       678     91        0      
                                                             
    ./syscfg/
       ti_drivers_config.obj        14      215       2568   
    +--+----------------------------+-------+---------+---------+
       Total:                       14      215       2568   
                                                             
    /home/ebad/ti/ccs1020/ccs/tools/compiler/ti-cgt-arm_20.2.2.LTS/lib/rtsv7M4_T_le_v4SPD16_eabi.lib
       memory.c.obj                 672     0         16     
       fd_add_t2.asm.obj            438     0         0      
       fd_mul_t2.asm.obj            252     0         0      
       memcpy_t2.asm.obj            156     0         0      
       ull_div_t2.asm.obj           150     0         0      
       fd_cmp_t2.asm.obj            134     0         0      
       memset_t2.asm.obj            122     0         0      
       copy_decompress_lzss.c.obj   104     0         0      
       fd_toi_t2.asm.obj            72      0         0      
       autoinit.c.obj               68      0         0      
       fd_tou_t2.asm.obj            68      0         0      
       u_divt2.asm.obj              64      0         0      
       boot_cortex_m.c.obj          52      0         0      
       i_tofd_t2.asm.obj            46      0         0      
       strlen.c.obj                 20      0         0      
       _lock.c.obj                  2       0         16     
       copy_decompress_none.c.obj   14      0         0      
       copy_zero_init.c.obj         12      0         0      
       exit.c.obj                   4       0         0      
       pre_init.c.obj               4       0         0      
       div0.asm.obj                 2       0         0      
    +--+----------------------------+-------+---------+---------+
       Total:                       2456    0         32     
                                                             
    /home/ebad/ti/simplelink_msp432p4_sdk_3_40_01_02/kernel/nortos/lib/nortos_msp432p401x.aem4f
       ClockPTimer_nortos.oem4f     884     0         384    
       HwiPMSP432_nortos.oem4f      288     0         656    
       SystemP_nortos.oem4f         863     0         0      
       TimerPMSP432_nortos.oem4f    676     0         90     
       SwiP_nortos.oem4f            534     16        148    
       SemaphoreP_nortos.oem4f      378     0         22     
       startup_msp432_ccs.oem4f     32      324       0      
       QueueP_nortos.oem4f          100     0         0      
       PowerMSP432_nortos.oem4f     2       0         0      
    +--+----------------------------+-------+---------+---------+
       Total:                       3757    340       1300   
                                                             
    /home/ebad/ti/simplelink_msp432p4_sdk_3_40_01_02/source/ti/devices/msp432p4xx/driverlib/ccs/msp432p4xx_driverlib.lib
       interrupt.o                  598     104       464    
       cs.o                         704     0         16     
       uart.o                       284     0         0      
       i2c.o                        108     0         0      
       sysctl_a.o                   64      0         0      
       cpu.o                        24      0         0      
    +--+----------------------------+-------+---------+---------+
       Total:                       1782    104       480    
                                                             
    /home/ebad/ti/simplelink_msp432p4_sdk_3_40_01_02/source/ti/display/lib/display.aem4f
       DisplayUart.oem4f            184     32        0      
       Display.oem4f                174     1         0      
    +--+----------------------------+-------+---------+---------+
       Total:                       358     33        0      
                                                             
    /home/ebad/ti/simplelink_msp432p4_sdk_3_40_01_02/source/ti/drivers/lib/drivers_msp432p401x.aem4f
       UARTMSP432.oem4f             3406    81        0      
       I2CMSP432.oem4f              2028    36        0      
       PowerMSP432.oem4f            1228    0         728    
       GPIOMSP432.oem4f             828     12        108    
       UART.oem4f                   186     36        2      
       I2C.oem4f                    172     16        2      
       RingBuf.oem4f                184     0         0      
       List.oem4f                   76      0         0      
    +--+----------------------------+-------+---------+---------+
       Total:                       8108    181       840    
                                                             
       Heap:                        0       0         65536  
       Stack:                       0       0         8192   
       Linker Generated:            0       189       0      
    +--+----------------------------+-------+---------+---------+
       Grand Total:                 17315   1153      79100  


LINKER GENERATED COPY TABLES

__TI_cinit_table @ 00004818 records: 3, size/record: 8, table size: 24
	.data: load addr=00004770, load size=00000089 bytes, run addr=2000869c, run size=000002fd bytes, compression=lzss
	.bss: load addr=00004808, load size=00000008 bytes, run addr=20008000, run size=0000069c bytes, compression=zero_init
	.vtable: load addr=00004810, load size=00000008 bytes, run addr=20008c00, run size=000000e8 bytes, compression=zero_init


LINKER GENERATED HANDLER TABLE

__TI_handler_table @ 000047fc records: 3, size/record: 4, table size: 12
	index: 0, handler: __TI_decompress_lzss
	index: 1, handler: __TI_decompress_none
	index: 2, handler: __TI_zero_init


GLOBAL SYMBOLS: SORTED ALPHABETICALLY BY Name 

address   name                              
-------   ----                              
000043ef  Board_init                        
00000ea7  Board_initHook                    
000044e5  C$$EXIT                           
000043fb  CPU_cpsid                         
00004407  CPU_cpsie                         
00003fad  CS_setExternalClockSourceFrequency
0000153d  CS_startHFXTWithTimeout           
00001705  CS_startLFXTWithTimeout           
000042e5  ClockP_Params_init                
00003fcd  ClockP_add                        
00003725  ClockP_construct                  
000040e1  ClockP_create                     
000042f5  ClockP_delete                     
0000412f  ClockP_destruct                   
00004415  ClockP_doTick                     
00003f41  ClockP_getTicks                   
000044bd  ClockP_isActive                   
00003f65  ClockP_scheduleNextTick           
000044c1  ClockP_setTimeout                 
00002aa9  ClockP_start                      
00001d91  ClockP_startup                    
0000449f  ClockP_stop                       
2000897c  ClockP_tickPeriod                 
00002d25  ClockP_walkQueueDynamic           
0000205d  ClockP_workFuncDynamic            
00001c1f  DisplayUartMin_clear              
0000287f  DisplayUartMin_clearLines         
000041f1  DisplayUartMin_close              
000044a5  DisplayUartMin_control            
00004644  DisplayUartMin_fxnTable           
000044ab  DisplayUartMin_getType            
00002a23  DisplayUartMin_init               
000036d9  DisplayUartMin_open               
000037fd  DisplayUartMin_vprintf            
00004708  Display_config                    
00004766  Display_count                     
00004543  Display_defaultParams             
00003e2d  Display_doInit                    
0000337d  Display_doOpen                    
00003dd7  Display_doPrintf                  
0000469c  GPIOMSP432_config                 
000030ad  GPIO_hwiIntFxn                    
00002109  GPIO_init                         
0000331d  GPIO_setCallback                  
00000ea9  GPIO_setConfig                    
00003435  GPIO_write                        
000042ad  HwiP_Params_init                  
00002e15  HwiP_construct                    
00003e01  HwiP_create                       
00004147  HwiP_delete                       
00004305  HwiP_disable                      
00003f89  HwiP_dispatch                     
000044c5  HwiP_enable                       
00004161  HwiP_inISR                        
20008980  HwiP_key                          
000044c9  HwiP_post                         
0000446f  HwiP_restore                      
20008984  HwiP_swiPIntNum                   
000021b5  I2CMSP432_cancel                  
00002d9d  I2CMSP432_close                   
000044b1  I2CMSP432_control                 
00004684  I2CMSP432_fxnTable                
00000d23  I2CMSP432_hwiIntFxn               
00002d23  I2CMSP432_init                    
00000975  I2CMSP432_open                    
0000144d  I2CMSP432_transfer                
00004315  I2C_Params_init                   
00004714  I2C_config                        
00004767  I2C_count                         
000046d8  I2C_defaultParams                 
00003889  I2C_init                          
00002fd5  I2C_masterSendMultiByteFinish     
00003aa9  I2C_open                          
00004179  I2C_transfer                      
00002b29  Interrupt_disableInterrupt        
00004325  Interrupt_disableMaster           
00002ba9  Interrupt_enableInterrupt         
00004335  Interrupt_enableMaster            
00003115  Interrupt_pendInterrupt           
000033d9  Interrupt_registerInterrupt       
00003595  Interrupt_setPriority             
000040a9  Interrupt_unregisterInterrupt     
00003ef5  List_put                          
00003f1b  List_remove                       
000044c5  NoRTOS_start                      
00004594  PowerMSP432_config                
0000317d  PowerMSP432_getFreqs              
00004345  PowerMSP432_getNumPerfLevels      
2000891c  PowerMSP432_module                
200087dc  PowerMSP432_perfLevels            
00002fd3  PowerMSP432_updateFreqs           
00004355  Power_disablePolicy               
00004365  Power_enablePolicy                
00004421  Power_getPerformanceLevel         
00004249  Power_idleFunc                    
000024f1  Power_init                        
00003e55  Power_registerNotify              
0000376d  Power_releaseConstraint           
00003ca5  Power_setConstraint               
00003fed  Power_unregisterNotify            
000043c5  QueueP_empty                      
000040fb  QueueP_get                        
000044cd  QueueP_head                       
000044b7  QueueP_init                       
000044d1  QueueP_next                       
0000400d  QueueP_put                        
000043d3  QueueP_remove                     
000042bf  RingBuf_construct                 
00003ae9  RingBuf_get                       
0000402d  RingBuf_peek                      
00003843  RingBuf_put                       
00004375  SemaphoreP_Params_init            
0000363d  SemaphoreP_construct              
00004207  SemaphoreP_create                 
00004115  SemaphoreP_createBinary           
20008970  SemaphoreP_defaultParams          
000044d5  SemaphoreP_delete                 
000023b1  SemaphoreP_pend                   
000038cd  SemaphoreP_post                   
00004385  SwiP_Params_init                  
00001a7d  SwiP_construct                    
0000258d  SwiP_dispatch                     
000031e5  SwiP_post                         
00004191  SysCtl_A_disableNMISource         
000041a9  SysCtl_A_enableNMISource          
00004395  SysCtl_A_getNMISourceStatus       
000044d9  SystemP_vsnprintf                 
000043a5  TimerP_Params_init                
000017e5  TimerP_construct                  
0000348d  TimerP_dynamicStub                
00003041  TimerP_getCurrentTick             
0000442d  TimerP_getFreq                    
00004439  TimerP_getMaxTicks                
00003c69  TimerP_initDevice                 
00003b29  TimerP_setNextTick                
000044dd  TimerP_setPeriod                  
00003911  TimerP_start                      
0000275b  UARTMSP432_close                  
00001e45  UARTMSP432_control                
000045f8  UARTMSP432_fxnTable               
00001b55  UARTMSP432_hwiIntFxn              
00003593  UARTMSP432_init                   
0000041d  UARTMSP432_open                   
00003b69  UARTMSP432_read                   
00003cdd  UARTMSP432_readCancel             
000018c5  UARTMSP432_readPolling            
00002261  UARTMSP432_write                  
00002e85  UARTMSP432_writeCancel            
00001ef9  UARTMSP432_writePolling           
000041c1  UART_Params_init                  
00004451  UART_close                        
00004720  UART_config                       
0000445b  UART_control                      
00004768  UART_count                        
00004620  UART_defaultParams                
00003955  UART_init                         
00001019  UART_initModule                   
00003ba9  UART_open                         
00004465  UART_write                        
000044e8  VL51L1X_DEFAULT_CONFIGURATION     
000035e9  VL53L1X_CheckForDataReady         
0000404d  VL53L1X_ClearInterrupt            
00003999  VL53L1X_GetInterruptPolarity      
00001fad  VL53L1X_SensorInit                
0000406b  VL53L1X_StartRanging              
00004089  VL53L1X_StopRanging               
00002a25  VL53L1_RdByte                     
00002c29  VL53L1_WrByte                     
4000480c  WDTCTL_SYM                        
20010000  __STACK_END                       
00001000  __STACK_SIZE                      
00008000  __SYSMEM_SIZE                     
00004818  __TI_CINIT_Base                   
00004830  __TI_CINIT_Limit                  
000047fc  __TI_Handler_Table_Base           
00004808  __TI_Handler_Table_Limit          
000039dd  __TI_auto_init_nobinit_nopinit    
0000324d  __TI_decompress_lzss              
000043e1  __TI_decompress_none              
ffffffff  __TI_pprof_out_hndl               
ffffffff  __TI_prof_data_size               
ffffffff  __TI_prof_data_start              
00004770  __TI_static_base__                
00004445  __TI_zero_init                    
0000299d  __aeabi_cdcmpeq                   
0000299d  __aeabi_cdcmple                   
000037b5  __aeabi_d2iz                      
00003a65  __aeabi_d2uiz                     
00000b77  __aeabi_dadd                      
00001351  __aeabi_dmul                      
00000b6d  __aeabi_dsub                      
00003da9  __aeabi_i2d                       
00004413  __aeabi_idiv0                     
00004413  __aeabi_ldiv0                     
00002ca9  __aeabi_memclr                    
00002ca9  __aeabi_memclr4                   
00002ca9  __aeabi_memclr8                   
00002629  __aeabi_memcpy                    
00002629  __aeabi_memcpy4                   
00002629  __aeabi_memcpy8                   
00002cab  __aeabi_memset                    
00002cab  __aeabi_memset4                   
00002cab  __aeabi_memset8                   
00003c29  __aeabi_uidiv                     
00003c29  __aeabi_uidivmod                  
000026c5  __aeabi_uldivmod                  
ffffffff  __binit__                         
ffffffff  __c_args__                        
UNDEFED   __mpu_init                        
2000f000  __stack                           
20000000  __start___llvm_prf_cnts           
20000000  __stop___llvm_prf_cnts            
00003d15  _c_int00_noargs                   
20008960  _lock                             
00003723  _nop                              
20000000  _sys_memory                       
UNDEFED   _system_post_cinit                
000044e1  _system_pre_init                  
20008964  _unlock                           
000044e5  abort                             
00001251  aligned_alloc                     
ffffffff  binit                             
00003e2b  clkFxn                            
20008694  display                           
000046b0  displayUartHWAttrs                
20008654  displayUartObject                 
00001621  free                              
20008c00  g_pfnRAMVectors                   
20008988  gpioCallbackFunctions             
2000898c  gpioPinConfigs                    
20008698  i2c1                              
000046c4  i2cMSP432HWAttrs                  
20008520  i2cMSP432Objects                  
20008634  i2cParams                         
20008618  i2cTransaction                    
00000000  interruptVectors                  
000042d1  main                              
00002881  mainThread                        
0000447f  malloc                            
00001251  memalign                          
00002629  memcpy                            
00002cb1  memset                            
20008660  readBuffer                        
000041d9  resetISR                          
00004299  strlen                            
200084a0  uartMSP432Objects                 
2000866c  writeBuffer                       


GLOBAL SYMBOLS: SORTED BY Symbol Address 

address   name                              
-------   ----                              
00000000  interruptVectors                  
0000041d  UARTMSP432_open                   
00000975  I2CMSP432_open                    
00000b6d  __aeabi_dsub                      
00000b77  __aeabi_dadd                      
00000d23  I2CMSP432_hwiIntFxn               
00000ea7  Board_initHook                    
00000ea9  GPIO_setConfig                    
00001000  __STACK_SIZE                      
00001019  UART_initModule                   
00001251  aligned_alloc                     
00001251  memalign                          
00001351  __aeabi_dmul                      
0000144d  I2CMSP432_transfer                
0000153d  CS_startHFXTWithTimeout           
00001621  free                              
00001705  CS_startLFXTWithTimeout           
000017e5  TimerP_construct                  
000018c5  UARTMSP432_readPolling            
00001a7d  SwiP_construct                    
00001b55  UARTMSP432_hwiIntFxn              
00001c1f  DisplayUartMin_clear              
00001d91  ClockP_startup                    
00001e45  UARTMSP432_control                
00001ef9  UARTMSP432_writePolling           
00001fad  VL53L1X_SensorInit                
0000205d  ClockP_workFuncDynamic            
00002109  GPIO_init                         
000021b5  I2CMSP432_cancel                  
00002261  UARTMSP432_write                  
000023b1  SemaphoreP_pend                   
000024f1  Power_init                        
0000258d  SwiP_dispatch                     
00002629  __aeabi_memcpy                    
00002629  __aeabi_memcpy4                   
00002629  __aeabi_memcpy8                   
00002629  memcpy                            
000026c5  __aeabi_uldivmod                  
0000275b  UARTMSP432_close                  
0000287f  DisplayUartMin_clearLines         
00002881  mainThread                        
0000299d  __aeabi_cdcmpeq                   
0000299d  __aeabi_cdcmple                   
00002a23  DisplayUartMin_init               
00002a25  VL53L1_RdByte                     
00002aa9  ClockP_start                      
00002b29  Interrupt_disableInterrupt        
00002ba9  Interrupt_enableInterrupt         
00002c29  VL53L1_WrByte                     
00002ca9  __aeabi_memclr                    
00002ca9  __aeabi_memclr4                   
00002ca9  __aeabi_memclr8                   
00002cab  __aeabi_memset                    
00002cab  __aeabi_memset4                   
00002cab  __aeabi_memset8                   
00002cb1  memset                            
00002d23  I2CMSP432_init                    
00002d25  ClockP_walkQueueDynamic           
00002d9d  I2CMSP432_close                   
00002e15  HwiP_construct                    
00002e85  UARTMSP432_writeCancel            
00002fd3  PowerMSP432_updateFreqs           
00002fd5  I2C_masterSendMultiByteFinish     
00003041  TimerP_getCurrentTick             
000030ad  GPIO_hwiIntFxn                    
00003115  Interrupt_pendInterrupt           
0000317d  PowerMSP432_getFreqs              
000031e5  SwiP_post                         
0000324d  __TI_decompress_lzss              
0000331d  GPIO_setCallback                  
0000337d  Display_doOpen                    
000033d9  Interrupt_registerInterrupt       
00003435  GPIO_write                        
0000348d  TimerP_dynamicStub                
00003593  UARTMSP432_init                   
00003595  Interrupt_setPriority             
000035e9  VL53L1X_CheckForDataReady         
0000363d  SemaphoreP_construct              
000036d9  DisplayUartMin_open               
00003723  _nop                              
00003725  ClockP_construct                  
0000376d  Power_releaseConstraint           
000037b5  __aeabi_d2iz                      
000037fd  DisplayUartMin_vprintf            
00003843  RingBuf_put                       
00003889  I2C_init                          
000038cd  SemaphoreP_post                   
00003911  TimerP_start                      
00003955  UART_init                         
00003999  VL53L1X_GetInterruptPolarity      
000039dd  __TI_auto_init_nobinit_nopinit    
00003a65  __aeabi_d2uiz                     
00003aa9  I2C_open                          
00003ae9  RingBuf_get                       
00003b29  TimerP_setNextTick                
00003b69  UARTMSP432_read                   
00003ba9  UART_open                         
00003c29  __aeabi_uidiv                     
00003c29  __aeabi_uidivmod                  
00003c69  TimerP_initDevice                 
00003ca5  Power_setConstraint               
00003cdd  UARTMSP432_readCancel             
00003d15  _c_int00_noargs                   
00003da9  __aeabi_i2d                       
00003dd7  Display_doPrintf                  
00003e01  HwiP_create                       
00003e2b  clkFxn                            
00003e2d  Display_doInit                    
00003e55  Power_registerNotify              
00003ef5  List_put                          
00003f1b  List_remove                       
00003f41  ClockP_getTicks                   
00003f65  ClockP_scheduleNextTick           
00003f89  HwiP_dispatch                     
00003fad  CS_setExternalClockSourceFrequency
00003fcd  ClockP_add                        
00003fed  Power_unregisterNotify            
0000400d  QueueP_put                        
0000402d  RingBuf_peek                      
0000404d  VL53L1X_ClearInterrupt            
0000406b  VL53L1X_StartRanging              
00004089  VL53L1X_StopRanging               
000040a9  Interrupt_unregisterInterrupt     
000040e1  ClockP_create                     
000040fb  QueueP_get                        
00004115  SemaphoreP_createBinary           
0000412f  ClockP_destruct                   
00004147  HwiP_delete                       
00004161  HwiP_inISR                        
00004179  I2C_transfer                      
00004191  SysCtl_A_disableNMISource         
000041a9  SysCtl_A_enableNMISource          
000041c1  UART_Params_init                  
000041d9  resetISR                          
000041f1  DisplayUartMin_close              
00004207  SemaphoreP_create                 
00004249  Power_idleFunc                    
00004299  strlen                            
000042ad  HwiP_Params_init                  
000042bf  RingBuf_construct                 
000042d1  main                              
000042e5  ClockP_Params_init                
000042f5  ClockP_delete                     
00004305  HwiP_disable                      
00004315  I2C_Params_init                   
00004325  Interrupt_disableMaster           
00004335  Interrupt_enableMaster            
00004345  PowerMSP432_getNumPerfLevels      
00004355  Power_disablePolicy               
00004365  Power_enablePolicy                
00004375  SemaphoreP_Params_init            
00004385  SwiP_Params_init                  
00004395  SysCtl_A_getNMISourceStatus       
000043a5  TimerP_Params_init                
000043c5  QueueP_empty                      
000043d3  QueueP_remove                     
000043e1  __TI_decompress_none              
000043ef  Board_init                        
000043fb  CPU_cpsid                         
00004407  CPU_cpsie                         
00004413  __aeabi_idiv0                     
00004413  __aeabi_ldiv0                     
00004415  ClockP_doTick                     
00004421  Power_getPerformanceLevel         
0000442d  TimerP_getFreq                    
00004439  TimerP_getMaxTicks                
00004445  __TI_zero_init                    
00004451  UART_close                        
0000445b  UART_control                      
00004465  UART_write                        
0000446f  HwiP_restore                      
0000447f  malloc                            
0000449f  ClockP_stop                       
000044a5  DisplayUartMin_control            
000044ab  DisplayUartMin_getType            
000044b1  I2CMSP432_control                 
000044b7  QueueP_init                       
000044bd  ClockP_isActive                   
000044c1  ClockP_setTimeout                 
000044c5  HwiP_enable                       
000044c5  NoRTOS_start                      
000044c9  HwiP_post                         
000044cd  QueueP_head                       
000044d1  QueueP_next                       
000044d5  SemaphoreP_delete                 
000044d9  SystemP_vsnprintf                 
000044dd  TimerP_setPeriod                  
000044e1  _system_pre_init                  
000044e5  C$$EXIT                           
000044e5  abort                             
000044e8  VL51L1X_DEFAULT_CONFIGURATION     
00004543  Display_defaultParams             
00004594  PowerMSP432_config                
000045f8  UARTMSP432_fxnTable               
00004620  UART_defaultParams                
00004644  DisplayUartMin_fxnTable           
00004684  I2CMSP432_fxnTable                
0000469c  GPIOMSP432_config                 
000046b0  displayUartHWAttrs                
000046c4  i2cMSP432HWAttrs                  
000046d8  I2C_defaultParams                 
00004708  Display_config                    
00004714  I2C_config                        
00004720  UART_config                       
00004766  Display_count                     
00004767  I2C_count                         
00004768  UART_count                        
00004770  __TI_static_base__                
000047fc  __TI_Handler_Table_Base           
00004808  __TI_Handler_Table_Limit          
00004818  __TI_CINIT_Base                   
00004830  __TI_CINIT_Limit                  
00008000  __SYSMEM_SIZE                     
20000000  __start___llvm_prf_cnts           
20000000  __stop___llvm_prf_cnts            
20000000  _sys_memory                       
200084a0  uartMSP432Objects                 
20008520  i2cMSP432Objects                  
20008618  i2cTransaction                    
20008634  i2cParams                         
20008654  displayUartObject                 
20008660  readBuffer                        
2000866c  writeBuffer                       
20008694  display                           
20008698  i2c1                              
200087dc  PowerMSP432_perfLevels            
2000891c  PowerMSP432_module                
20008960  _lock                             
20008964  _unlock                           
20008970  SemaphoreP_defaultParams          
2000897c  ClockP_tickPeriod                 
20008980  HwiP_key                          
20008984  HwiP_swiPIntNum                   
20008988  gpioCallbackFunctions             
2000898c  gpioPinConfigs                    
20008c00  g_pfnRAMVectors                   
2000f000  __stack                           
20010000  __STACK_END                       
4000480c  WDTCTL_SYM                        
ffffffff  __TI_pprof_out_hndl               
ffffffff  __TI_prof_data_size               
ffffffff  __TI_prof_data_start              
ffffffff  __binit__                         
ffffffff  __c_args__                        
ffffffff  binit                             
UNDEFED   __mpu_init                        
UNDEFED   _system_post_cinit                

[247 symbols]
