<?xml version="1.0" encoding="ISO-8859-1" ?>
<link_info>
   <banner>TI ARM Linker Unix v20.2.2.LTS</banner>
   <copyright>Copyright (c) 1996-2018 Texas Instruments Incorporated</copyright>
   <link_time>0x60592e90</link_time>
   <link_errors>0x0</link_errors>
   <output_file>vl53l1x_ULD_MSP_EXP432P401R_nortos_ccs.out</output_file>
   <entry_point>
      <name>resetISR</name>
      <address>0x4389</address>
   </entry_point>
   <input_file_list>
      <input_file id="fl-2">
         <path>./syscfg/</path>
         <kind>object</kind>
         <file>ti_drivers_config.obj</file>
         <name>ti_drivers_config.obj</name>
      </input_file>
      <input_file id="fl-3">
         <path>./</path>
         <kind>object</kind>
         <file>main_nortos.obj</file>
         <name>main_nortos.obj</name>
      </input_file>
      <input_file id="fl-4">
         <path>./</path>
         <kind>object</kind>
         <file>vl53l1.obj</file>
         <name>vl53l1.obj</name>
      </input_file>
      <input_file id="fl-5">
         <path>./core/</path>
         <kind>object</kind>
         <file>VL53L1X_api.obj</file>
         <name>VL53L1X_api.obj</name>
      </input_file>
      <input_file id="fl-6">
         <path>./core/</path>
         <kind>object</kind>
         <file>VL53L1X_calibration.obj</file>
         <name>VL53L1X_calibration.obj</name>
      </input_file>
      <input_file id="fl-7">
         <path>./platform/</path>
         <kind>object</kind>
         <file>vl53l1_platform.obj</file>
         <name>vl53l1_platform.obj</name>
      </input_file>
      <input_file id="fl-12">
         <kind>object</kind>
         <file>&lt;internal&gt;</file>
         <name>&lt;internal&gt;</name>
      </input_file>
      <input_file id="fl-13">
         <path>/home/ebad/ti/simplelink_msp432p4_sdk_3_40_01_02/source/ti/display/lib/</path>
         <kind>archive</kind>
         <file>display.aem4f</file>
         <name>Display.oem4f</name>
      </input_file>
      <input_file id="fl-14">
         <path>/home/ebad/ti/simplelink_msp432p4_sdk_3_40_01_02/source/ti/display/lib/</path>
         <kind>archive</kind>
         <file>display.aem4f</file>
         <name>DisplayUart.oem4f</name>
      </input_file>
      <input_file id="fl-15">
         <path>/home/ebad/ti/simplelink_msp432p4_sdk_3_40_01_02/source/ti/drivers/lib/</path>
         <kind>archive</kind>
         <file>drivers_msp432p401x.aem4f</file>
         <name>GPIOMSP432.oem4f</name>
      </input_file>
      <input_file id="fl-16">
         <path>/home/ebad/ti/simplelink_msp432p4_sdk_3_40_01_02/source/ti/drivers/lib/</path>
         <kind>archive</kind>
         <file>drivers_msp432p401x.aem4f</file>
         <name>I2C.oem4f</name>
      </input_file>
      <input_file id="fl-17">
         <path>/home/ebad/ti/simplelink_msp432p4_sdk_3_40_01_02/source/ti/drivers/lib/</path>
         <kind>archive</kind>
         <file>drivers_msp432p401x.aem4f</file>
         <name>I2CMSP432.oem4f</name>
      </input_file>
      <input_file id="fl-18">
         <path>/home/ebad/ti/simplelink_msp432p4_sdk_3_40_01_02/source/ti/drivers/lib/</path>
         <kind>archive</kind>
         <file>drivers_msp432p401x.aem4f</file>
         <name>PowerMSP432.oem4f</name>
      </input_file>
      <input_file id="fl-19">
         <path>/home/ebad/ti/simplelink_msp432p4_sdk_3_40_01_02/source/ti/drivers/lib/</path>
         <kind>archive</kind>
         <file>drivers_msp432p401x.aem4f</file>
         <name>UART.oem4f</name>
      </input_file>
      <input_file id="fl-1a">
         <path>/home/ebad/ti/simplelink_msp432p4_sdk_3_40_01_02/source/ti/drivers/lib/</path>
         <kind>archive</kind>
         <file>drivers_msp432p401x.aem4f</file>
         <name>UARTMSP432.oem4f</name>
      </input_file>
      <input_file id="fl-1b">
         <path>/home/ebad/ti/simplelink_msp432p4_sdk_3_40_01_02/source/ti/drivers/lib/</path>
         <kind>archive</kind>
         <file>drivers_msp432p401x.aem4f</file>
         <name>List.oem4f</name>
      </input_file>
      <input_file id="fl-1c">
         <path>/home/ebad/ti/simplelink_msp432p4_sdk_3_40_01_02/source/ti/drivers/lib/</path>
         <kind>archive</kind>
         <file>drivers_msp432p401x.aem4f</file>
         <name>RingBuf.oem4f</name>
      </input_file>
      <input_file id="fl-1d">
         <path>/home/ebad/ti/simplelink_msp432p4_sdk_3_40_01_02/kernel/nortos/lib/</path>
         <kind>archive</kind>
         <file>nortos_msp432p401x.aem4f</file>
         <name>NoRTOS.oem4f</name>
      </input_file>
      <input_file id="fl-1e">
         <path>/home/ebad/ti/simplelink_msp432p4_sdk_3_40_01_02/kernel/nortos/lib/</path>
         <kind>archive</kind>
         <file>nortos_msp432p401x.aem4f</file>
         <name>SemaphoreP_nortos.oem4f</name>
      </input_file>
      <input_file id="fl-1f">
         <path>/home/ebad/ti/simplelink_msp432p4_sdk_3_40_01_02/kernel/nortos/lib/</path>
         <kind>archive</kind>
         <file>nortos_msp432p401x.aem4f</file>
         <name>SystemP_nortos.oem4f</name>
      </input_file>
      <input_file id="fl-20">
         <path>/home/ebad/ti/simplelink_msp432p4_sdk_3_40_01_02/kernel/nortos/lib/</path>
         <kind>archive</kind>
         <file>nortos_msp432p401x.aem4f</file>
         <name>PowerMSP432_nortos.oem4f</name>
      </input_file>
      <input_file id="fl-21">
         <path>/home/ebad/ti/simplelink_msp432p4_sdk_3_40_01_02/kernel/nortos/lib/</path>
         <kind>archive</kind>
         <file>nortos_msp432p401x.aem4f</file>
         <name>ClockPTimer_nortos.oem4f</name>
      </input_file>
      <input_file id="fl-22">
         <path>/home/ebad/ti/simplelink_msp432p4_sdk_3_40_01_02/kernel/nortos/lib/</path>
         <kind>archive</kind>
         <file>nortos_msp432p401x.aem4f</file>
         <name>TimerPMSP432_nortos.oem4f</name>
      </input_file>
      <input_file id="fl-23">
         <path>/home/ebad/ti/simplelink_msp432p4_sdk_3_40_01_02/kernel/nortos/lib/</path>
         <kind>archive</kind>
         <file>nortos_msp432p401x.aem4f</file>
         <name>HwiPMSP432_nortos.oem4f</name>
      </input_file>
      <input_file id="fl-24">
         <path>/home/ebad/ti/simplelink_msp432p4_sdk_3_40_01_02/kernel/nortos/lib/</path>
         <kind>archive</kind>
         <file>nortos_msp432p401x.aem4f</file>
         <name>startup_msp432_ccs.oem4f</name>
      </input_file>
      <input_file id="fl-25">
         <path>/home/ebad/ti/simplelink_msp432p4_sdk_3_40_01_02/kernel/nortos/lib/</path>
         <kind>archive</kind>
         <file>nortos_msp432p401x.aem4f</file>
         <name>QueueP_nortos.oem4f</name>
      </input_file>
      <input_file id="fl-26">
         <path>/home/ebad/ti/simplelink_msp432p4_sdk_3_40_01_02/kernel/nortos/lib/</path>
         <kind>archive</kind>
         <file>nortos_msp432p401x.aem4f</file>
         <name>SwiP_nortos.oem4f</name>
      </input_file>
      <input_file id="fl-27">
         <path>/home/ebad/ti/simplelink_msp432p4_sdk_3_40_01_02/source/ti/devices/msp432p4xx/driverlib/ccs/</path>
         <kind>archive</kind>
         <file>msp432p4xx_driverlib.lib</file>
         <name>cs.o</name>
      </input_file>
      <input_file id="fl-28">
         <path>/home/ebad/ti/simplelink_msp432p4_sdk_3_40_01_02/source/ti/devices/msp432p4xx/driverlib/ccs/</path>
         <kind>archive</kind>
         <file>msp432p4xx_driverlib.lib</file>
         <name>i2c.o</name>
      </input_file>
      <input_file id="fl-29">
         <path>/home/ebad/ti/simplelink_msp432p4_sdk_3_40_01_02/source/ti/devices/msp432p4xx/driverlib/ccs/</path>
         <kind>archive</kind>
         <file>msp432p4xx_driverlib.lib</file>
         <name>interrupt.o</name>
      </input_file>
      <input_file id="fl-2a">
         <path>/home/ebad/ti/simplelink_msp432p4_sdk_3_40_01_02/source/ti/devices/msp432p4xx/driverlib/ccs/</path>
         <kind>archive</kind>
         <file>msp432p4xx_driverlib.lib</file>
         <name>sysctl.o</name>
      </input_file>
      <input_file id="fl-2b">
         <path>/home/ebad/ti/simplelink_msp432p4_sdk_3_40_01_02/source/ti/devices/msp432p4xx/driverlib/ccs/</path>
         <kind>archive</kind>
         <file>msp432p4xx_driverlib.lib</file>
         <name>sysctl_a.o</name>
      </input_file>
      <input_file id="fl-2c">
         <path>/home/ebad/ti/simplelink_msp432p4_sdk_3_40_01_02/source/ti/devices/msp432p4xx/driverlib/ccs/</path>
         <kind>archive</kind>
         <file>msp432p4xx_driverlib.lib</file>
         <name>uart.o</name>
      </input_file>
      <input_file id="fl-2d">
         <path>/home/ebad/ti/simplelink_msp432p4_sdk_3_40_01_02/source/ti/devices/msp432p4xx/driverlib/ccs/</path>
         <kind>archive</kind>
         <file>msp432p4xx_driverlib.lib</file>
         <name>cpu.o</name>
      </input_file>
      <input_file id="fl-e3">
         <path>/home/ebad/ti/ccs1020/ccs/tools/compiler/ti-cgt-arm_20.2.2.LTS/lib/</path>
         <kind>archive</kind>
         <file>rtsv7M4_T_le_v4SPD16_eabi.lib</file>
         <name>fd_add_t2.asm.obj</name>
      </input_file>
      <input_file id="fl-e4">
         <path>/home/ebad/ti/ccs1020/ccs/tools/compiler/ti-cgt-arm_20.2.2.LTS/lib/</path>
         <kind>archive</kind>
         <file>rtsv7M4_T_le_v4SPD16_eabi.lib</file>
         <name>fd_cmp_t2.asm.obj</name>
      </input_file>
      <input_file id="fl-e5">
         <path>/home/ebad/ti/ccs1020/ccs/tools/compiler/ti-cgt-arm_20.2.2.LTS/lib/</path>
         <kind>archive</kind>
         <file>rtsv7M4_T_le_v4SPD16_eabi.lib</file>
         <name>fd_div_t2.asm.obj</name>
      </input_file>
      <input_file id="fl-e6">
         <path>/home/ebad/ti/ccs1020/ccs/tools/compiler/ti-cgt-arm_20.2.2.LTS/lib/</path>
         <kind>archive</kind>
         <file>rtsv7M4_T_le_v4SPD16_eabi.lib</file>
         <name>fd_mul_t2.asm.obj</name>
      </input_file>
      <input_file id="fl-e7">
         <path>/home/ebad/ti/ccs1020/ccs/tools/compiler/ti-cgt-arm_20.2.2.LTS/lib/</path>
         <kind>archive</kind>
         <file>rtsv7M4_T_le_v4SPD16_eabi.lib</file>
         <name>fd_toi_t2.asm.obj</name>
      </input_file>
      <input_file id="fl-e8">
         <path>/home/ebad/ti/ccs1020/ccs/tools/compiler/ti-cgt-arm_20.2.2.LTS/lib/</path>
         <kind>archive</kind>
         <file>rtsv7M4_T_le_v4SPD16_eabi.lib</file>
         <name>fd_tou_t2.asm.obj</name>
      </input_file>
      <input_file id="fl-e9">
         <path>/home/ebad/ti/ccs1020/ccs/tools/compiler/ti-cgt-arm_20.2.2.LTS/lib/</path>
         <kind>archive</kind>
         <file>rtsv7M4_T_le_v4SPD16_eabi.lib</file>
         <name>i_tofd_t2.asm.obj</name>
      </input_file>
      <input_file id="fl-ea">
         <path>/home/ebad/ti/ccs1020/ccs/tools/compiler/ti-cgt-arm_20.2.2.LTS/lib/</path>
         <kind>archive</kind>
         <file>rtsv7M4_T_le_v4SPD16_eabi.lib</file>
         <name>memcpy_t2.asm.obj</name>
      </input_file>
      <input_file id="fl-eb">
         <path>/home/ebad/ti/ccs1020/ccs/tools/compiler/ti-cgt-arm_20.2.2.LTS/lib/</path>
         <kind>archive</kind>
         <file>rtsv7M4_T_le_v4SPD16_eabi.lib</file>
         <name>u_tofd_t2.asm.obj</name>
      </input_file>
      <input_file id="fl-ec">
         <path>/home/ebad/ti/ccs1020/ccs/tools/compiler/ti-cgt-arm_20.2.2.LTS/lib/</path>
         <kind>archive</kind>
         <file>rtsv7M4_T_le_v4SPD16_eabi.lib</file>
         <name>ull_div_t2.asm.obj</name>
      </input_file>
      <input_file id="fl-ed">
         <path>/home/ebad/ti/ccs1020/ccs/tools/compiler/ti-cgt-arm_20.2.2.LTS/lib/</path>
         <kind>archive</kind>
         <file>rtsv7M4_T_le_v4SPD16_eabi.lib</file>
         <name>u_divt2.asm.obj</name>
      </input_file>
      <input_file id="fl-ee">
         <path>/home/ebad/ti/ccs1020/ccs/tools/compiler/ti-cgt-arm_20.2.2.LTS/lib/</path>
         <kind>archive</kind>
         <file>rtsv7M4_T_le_v4SPD16_eabi.lib</file>
         <name>copy_zero_init.c.obj</name>
      </input_file>
      <input_file id="fl-ef">
         <path>/home/ebad/ti/ccs1020/ccs/tools/compiler/ti-cgt-arm_20.2.2.LTS/lib/</path>
         <kind>archive</kind>
         <file>rtsv7M4_T_le_v4SPD16_eabi.lib</file>
         <name>copy_decompress_none.c.obj</name>
      </input_file>
      <input_file id="fl-f0">
         <path>/home/ebad/ti/ccs1020/ccs/tools/compiler/ti-cgt-arm_20.2.2.LTS/lib/</path>
         <kind>archive</kind>
         <file>rtsv7M4_T_le_v4SPD16_eabi.lib</file>
         <name>copy_decompress_lzss.c.obj</name>
      </input_file>
      <input_file id="fl-f1">
         <path>/home/ebad/ti/ccs1020/ccs/tools/compiler/ti-cgt-arm_20.2.2.LTS/lib/</path>
         <kind>archive</kind>
         <file>rtsv7M4_T_le_v4SPD16_eabi.lib</file>
         <name>memory.c.obj</name>
      </input_file>
      <input_file id="fl-f2">
         <path>/home/ebad/ti/ccs1020/ccs/tools/compiler/ti-cgt-arm_20.2.2.LTS/lib/</path>
         <kind>archive</kind>
         <file>rtsv7M4_T_le_v4SPD16_eabi.lib</file>
         <name>strlen.c.obj</name>
      </input_file>
      <input_file id="fl-f3">
         <path>/home/ebad/ti/ccs1020/ccs/tools/compiler/ti-cgt-arm_20.2.2.LTS/lib/</path>
         <kind>archive</kind>
         <file>rtsv7M4_T_le_v4SPD16_eabi.lib</file>
         <name>boot_cortex_m.c.obj</name>
      </input_file>
      <input_file id="fl-f4">
         <path>/home/ebad/ti/ccs1020/ccs/tools/compiler/ti-cgt-arm_20.2.2.LTS/lib/</path>
         <kind>archive</kind>
         <file>rtsv7M4_T_le_v4SPD16_eabi.lib</file>
         <name>div0.asm.obj</name>
      </input_file>
      <input_file id="fl-f5">
         <path>/home/ebad/ti/ccs1020/ccs/tools/compiler/ti-cgt-arm_20.2.2.LTS/lib/</path>
         <kind>archive</kind>
         <file>rtsv7M4_T_le_v4SPD16_eabi.lib</file>
         <name>memset_t2.asm.obj</name>
      </input_file>
      <input_file id="fl-f6">
         <path>/home/ebad/ti/ccs1020/ccs/tools/compiler/ti-cgt-arm_20.2.2.LTS/lib/</path>
         <kind>archive</kind>
         <file>rtsv7M4_T_le_v4SPD16_eabi.lib</file>
         <name>autoinit.c.obj</name>
      </input_file>
      <input_file id="fl-f7">
         <path>/home/ebad/ti/ccs1020/ccs/tools/compiler/ti-cgt-arm_20.2.2.LTS/lib/</path>
         <kind>archive</kind>
         <file>rtsv7M4_T_le_v4SPD16_eabi.lib</file>
         <name>pre_init.c.obj</name>
      </input_file>
      <input_file id="fl-f8">
         <path>/home/ebad/ti/ccs1020/ccs/tools/compiler/ti-cgt-arm_20.2.2.LTS/lib/</path>
         <kind>archive</kind>
         <file>rtsv7M4_T_le_v4SPD16_eabi.lib</file>
         <name>cpy_tbl.c.obj</name>
      </input_file>
      <input_file id="fl-f9">
         <path>/home/ebad/ti/ccs1020/ccs/tools/compiler/ti-cgt-arm_20.2.2.LTS/lib/</path>
         <kind>archive</kind>
         <file>rtsv7M4_T_le_v4SPD16_eabi.lib</file>
         <name>exit.c.obj</name>
      </input_file>
      <input_file id="fl-fa">
         <path>/home/ebad/ti/ccs1020/ccs/tools/compiler/ti-cgt-arm_20.2.2.LTS/lib/</path>
         <kind>archive</kind>
         <file>rtsv7M4_T_le_v4SPD16_eabi.lib</file>
         <name>_lock.c.obj</name>
      </input_file>
      <input_file id="fl-fb">
         <path>/home/ebad/ti/ccs1020/ccs/tools/compiler/ti-cgt-arm_20.2.2.LTS/lib/</path>
         <kind>archive</kind>
         <file>rtsv7M4_T_le_v4SPD16_eabi.lib</file>
         <name>args_main.c.obj</name>
      </input_file>
   </input_file_list>
   <object_component_list>
      <object_component id="oc-44b">
         <name>.text:Power_sleep</name>
         <load_address>0x144</load_address>
         <run_address>0x144</run_address>
         <size>0x2f8</size>
         <input_file_ref idref="fl-18"/>
      </object_component>
      <object_component id="oc-746">
         <name>.text:doPrint</name>
         <load_address>0x43c</load_address>
         <run_address>0x43c</run_address>
         <size>0x2d8</size>
         <input_file_ref idref="fl-1f"/>
      </object_component>
      <object_component id="oc-846">
         <name>.text:UARTMSP432_open</name>
         <load_address>0x714</load_address>
         <run_address>0x714</run_address>
         <size>0x2d0</size>
         <input_file_ref idref="fl-1a"/>
      </object_component>
      <object_component id="oc-200">
         <name>.text:initPerfControl</name>
         <load_address>0x9e4</load_address>
         <run_address>0x9e4</run_address>
         <size>0x288</size>
         <input_file_ref idref="fl-18"/>
      </object_component>
      <object_component id="oc-4f1">
         <name>.text:I2CMSP432_open</name>
         <load_address>0xc6c</load_address>
         <run_address>0xc6c</run_address>
         <size>0x1f8</size>
         <input_file_ref idref="fl-17"/>
      </object_component>
      <object_component id="oc-7d8">
         <name>.text</name>
         <load_address>0xe64</load_address>
         <run_address>0xe64</run_address>
         <size>0x1b6</size>
         <input_file_ref idref="fl-e3"/>
      </object_component>
      <object_component id="oc-637">
         <name>.text:I2CMSP432_hwiIntFxn</name>
         <load_address>0x101a</load_address>
         <run_address>0x101a</run_address>
         <size>0x184</size>
         <input_file_ref idref="fl-17"/>
      </object_component>
      <object_component id="oc-193">
         <name>.text:Board_initHook</name>
         <load_address>0x119e</load_address>
         <run_address>0x119e</run_address>
         <size>0x2</size>
         <input_file_ref idref="fl-2"/>
      </object_component>
      <object_component id="oc-23f">
         <name>.text:GPIO_setConfig</name>
         <load_address>0x11a0</load_address>
         <run_address>0x11a0</run_address>
         <size>0x170</size>
         <input_file_ref idref="fl-15"/>
      </object_component>
      <object_component id="oc-920">
         <name>.text:UART_initModule</name>
         <load_address>0x1310</load_address>
         <run_address>0x1310</run_address>
         <size>0x11c</size>
         <input_file_ref idref="fl-2c"/>
      </object_component>
      <object_component id="oc-648">
         <name>.text:primeTransfer</name>
         <load_address>0x142c</load_address>
         <run_address>0x142c</run_address>
         <size>0x11c</size>
         <input_file_ref idref="fl-17"/>
      </object_component>
      <object_component id="oc-40b">
         <name>.text:aligned_alloc</name>
         <load_address>0x1548</load_address>
         <run_address>0x1548</run_address>
         <size>0x100</size>
         <input_file_ref idref="fl-f1"/>
      </object_component>
      <object_component id="oc-7dd">
         <name>.text</name>
         <load_address>0x1648</load_address>
         <run_address>0x1648</run_address>
         <size>0xfc</size>
         <input_file_ref idref="fl-e6"/>
      </object_component>
      <object_component id="oc-4f7">
         <name>.text:I2CMSP432_transfer</name>
         <load_address>0x1744</load_address>
         <run_address>0x1744</run_address>
         <size>0xf0</size>
         <input_file_ref idref="fl-17"/>
      </object_component>
      <object_component id="oc-2f0">
         <name>.text:CS_startHFXTWithTimeout</name>
         <load_address>0x1834</load_address>
         <run_address>0x1834</run_address>
         <size>0xe4</size>
         <input_file_ref idref="fl-27"/>
      </object_component>
      <object_component id="oc-31a">
         <name>.text:free</name>
         <load_address>0x1918</load_address>
         <run_address>0x1918</run_address>
         <size>0xe4</size>
         <input_file_ref idref="fl-f1"/>
      </object_component>
      <object_component id="oc-2f6">
         <name>.text:CS_startLFXTWithTimeout</name>
         <load_address>0x19fc</load_address>
         <run_address>0x19fc</run_address>
         <size>0xe0</size>
         <input_file_ref idref="fl-27"/>
      </object_component>
      <object_component id="oc-6c6">
         <name>.text:TimerP_construct</name>
         <load_address>0x1adc</load_address>
         <run_address>0x1adc</run_address>
         <size>0xe0</size>
         <input_file_ref idref="fl-22"/>
      </object_component>
      <object_component id="oc-852">
         <name>.text:UARTMSP432_readPolling</name>
         <load_address>0x1bbc</load_address>
         <run_address>0x1bbc</run_address>
         <size>0xdc</size>
         <input_file_ref idref="fl-1a"/>
      </object_component>
      <object_component id="oc-3df">
         <name>.text:_CSGetHFXTFrequency</name>
         <load_address>0x1c98</load_address>
         <run_address>0x1c98</run_address>
         <size>0xdc</size>
         <input_file_ref idref="fl-27"/>
      </object_component>
      <object_component id="oc-6ba">
         <name>.text:SwiP_construct</name>
         <load_address>0x1d74</load_address>
         <run_address>0x1d74</run_address>
         <size>0xd8</size>
         <input_file_ref idref="fl-26"/>
      </object_component>
      <object_component id="oc-8d5">
         <name>.text:UARTMSP432_hwiIntFxn</name>
         <load_address>0x1e4c</load_address>
         <run_address>0x1e4c</run_address>
         <size>0xca</size>
         <input_file_ref idref="fl-1a"/>
      </object_component>
      <object_component id="oc-50d">
         <name>.text:DisplayUartMin_clear</name>
         <load_address>0x1f16</load_address>
         <run_address>0x1f16</run_address>
         <size>0x2</size>
         <input_file_ref idref="fl-14"/>
      </object_component>
      <object_component id="oc-8c9">
         <name>.text:initHw</name>
         <load_address>0x1f18</load_address>
         <run_address>0x1f18</run_address>
         <size>0xb8</size>
         <input_file_ref idref="fl-1a"/>
      </object_component>
      <object_component id="oc-956">
         <name>.text:readTaskCallback</name>
         <load_address>0x1fd0</load_address>
         <run_address>0x1fd0</run_address>
         <size>0xb8</size>
         <input_file_ref idref="fl-1a"/>
      </object_component>
      <object_component id="oc-5ab">
         <name>.text:ClockP_startup</name>
         <load_address>0x2088</load_address>
         <run_address>0x2088</run_address>
         <size>0xb4</size>
         <input_file_ref idref="fl-21"/>
      </object_component>
      <object_component id="oc-83a">
         <name>.text:UARTMSP432_control</name>
         <load_address>0x213c</load_address>
         <run_address>0x213c</run_address>
         <size>0xb4</size>
         <input_file_ref idref="fl-1a"/>
      </object_component>
      <object_component id="oc-864">
         <name>.text:UARTMSP432_writePolling</name>
         <load_address>0x21f0</load_address>
         <run_address>0x21f0</run_address>
         <size>0xb4</size>
         <input_file_ref idref="fl-1a"/>
      </object_component>
      <object_component id="oc-6db">
         <name>.text:ClockP_workFuncDynamic</name>
         <load_address>0x22a4</load_address>
         <run_address>0x22a4</run_address>
         <size>0xac</size>
         <input_file_ref idref="fl-21"/>
      </object_component>
      <object_component id="oc-1a1">
         <name>.text:GPIO_init</name>
         <load_address>0x2350</load_address>
         <run_address>0x2350</run_address>
         <size>0xac</size>
         <input_file_ref idref="fl-15"/>
      </object_component>
      <object_component id="oc-4d9">
         <name>.text:I2CMSP432_cancel</name>
         <load_address>0x23fc</load_address>
         <run_address>0x23fc</run_address>
         <size>0xac</size>
         <input_file_ref idref="fl-17"/>
      </object_component>
      <object_component id="oc-85e">
         <name>.text:UARTMSP432_write</name>
         <load_address>0x24a8</load_address>
         <run_address>0x24a8</run_address>
         <size>0xa8</size>
         <input_file_ref idref="fl-1a"/>
      </object_component>
      <object_component id="oc-944">
         <name>.text:readTaskBlocking</name>
         <load_address>0x2550</load_address>
         <run_address>0x2550</run_address>
         <size>0xa8</size>
         <input_file_ref idref="fl-1a"/>
      </object_component>
      <object_component id="oc-239">
         <name>.text:SemaphoreP_pend</name>
         <load_address>0x25f8</load_address>
         <run_address>0x25f8</run_address>
         <size>0xa0</size>
         <input_file_ref idref="fl-1e"/>
      </object_component>
      <object_component id="oc-95c">
         <name>.text:readIsrTextCallback</name>
         <load_address>0x2698</load_address>
         <run_address>0x2698</run_address>
         <size>0xa0</size>
         <input_file_ref idref="fl-1a"/>
      </object_component>
      <object_component id="oc-18d">
         <name>.text:Power_init</name>
         <load_address>0x2738</load_address>
         <run_address>0x2738</run_address>
         <size>0x9c</size>
         <input_file_ref idref="fl-18"/>
      </object_component>
      <object_component id="oc-80e">
         <name>.text:SwiP_dispatch</name>
         <load_address>0x27d4</load_address>
         <run_address>0x27d4</run_address>
         <size>0x9c</size>
         <input_file_ref idref="fl-26"/>
      </object_component>
      <object_component id="oc-3a">
         <name>.text</name>
         <load_address>0x2870</load_address>
         <run_address>0x2870</run_address>
         <size>0x9c</size>
         <input_file_ref idref="fl-ea"/>
      </object_component>
      <object_component id="oc-5d2">
         <name>.text</name>
         <load_address>0x290c</load_address>
         <run_address>0x290c</run_address>
         <size>0x96</size>
         <input_file_ref idref="fl-ec"/>
      </object_component>
      <object_component id="oc-834">
         <name>.text:UARTMSP432_close</name>
         <load_address>0x29a2</load_address>
         <run_address>0x29a2</run_address>
         <size>0x92</size>
         <input_file_ref idref="fl-1a"/>
      </object_component>
      <object_component id="oc-934">
         <name>.text:writeData</name>
         <load_address>0x2a34</load_address>
         <run_address>0x2a34</run_address>
         <size>0x92</size>
         <input_file_ref idref="fl-1a"/>
      </object_component>
      <object_component id="oc-94a">
         <name>.text:readIsrTextBlocking</name>
         <load_address>0x2ac6</load_address>
         <run_address>0x2ac6</run_address>
         <size>0x8c</size>
         <input_file_ref idref="fl-1a"/>
      </object_component>
      <object_component id="oc-7c9">
         <name>.text:__aeabi_cdcmple</name>
         <load_address>0x2b52</load_address>
         <run_address>0x2b52</run_address>
         <size>0x86</size>
         <input_file_ref idref="fl-e4"/>
      </object_component>
      <object_component id="oc-580">
         <name>.text:restartHFXT</name>
         <load_address>0x2bd8</load_address>
         <run_address>0x2bd8</run_address>
         <size>0x84</size>
         <input_file_ref idref="fl-18"/>
      </object_component>
      <object_component id="oc-34b">
         <name>.text:ClockP_start</name>
         <load_address>0x2c5c</load_address>
         <run_address>0x2c5c</run_address>
         <size>0x80</size>
         <input_file_ref idref="fl-21"/>
      </object_component>
      <object_component id="oc-708">
         <name>.text:Interrupt_disableInterrupt</name>
         <load_address>0x2cdc</load_address>
         <run_address>0x2cdc</run_address>
         <size>0x80</size>
         <input_file_ref idref="fl-29"/>
      </object_component>
      <object_component id="oc-41e">
         <name>.text:Interrupt_enableInterrupt</name>
         <load_address>0x2d5c</load_address>
         <run_address>0x2d5c</run_address>
         <size>0x80</size>
         <input_file_ref idref="fl-29"/>
      </object_component>
      <object_component id="oc-11c">
         <name>.text:mainThread</name>
         <load_address>0x2ddc</load_address>
         <run_address>0x2ddc</run_address>
         <size>0x80</size>
         <input_file_ref idref="fl-4"/>
      </object_component>
      <object_component id="oc-90">
         <name>.text</name>
         <load_address>0x2e5c</load_address>
         <run_address>0x2e5c</run_address>
         <size>0x7a</size>
         <input_file_ref idref="fl-f5"/>
      </object_component>
      <object_component id="oc-513">
         <name>.text:DisplayUartMin_clearLines</name>
         <load_address>0x2ed6</load_address>
         <run_address>0x2ed6</run_address>
         <size>0x2</size>
         <input_file_ref idref="fl-14"/>
      </object_component>
      <object_component id="oc-797">
         <name>.text:ClockP_walkQueueDynamic</name>
         <load_address>0x2ed8</load_address>
         <run_address>0x2ed8</run_address>
         <size>0x78</size>
         <input_file_ref idref="fl-21"/>
      </object_component>
      <object_component id="oc-4df">
         <name>.text:I2CMSP432_close</name>
         <load_address>0x2f50</load_address>
         <run_address>0x2f50</run_address>
         <size>0x76</size>
         <input_file_ref idref="fl-17"/>
      </object_component>
      <object_component id="oc-501">
         <name>.text:DisplayUartMin_init</name>
         <load_address>0x2fc6</load_address>
         <run_address>0x2fc6</run_address>
         <size>0x2</size>
         <input_file_ref idref="fl-14"/>
      </object_component>
      <object_component id="oc-314">
         <name>.text:HwiP_construct</name>
         <load_address>0x2fc8</load_address>
         <run_address>0x2fc8</run_address>
         <size>0x70</size>
         <input_file_ref idref="fl-23"/>
      </object_component>
      <object_component id="oc-86a">
         <name>.text:UARTMSP432_writeCancel</name>
         <load_address>0x3038</load_address>
         <run_address>0x3038</run_address>
         <size>0x70</size>
         <input_file_ref idref="fl-1a"/>
      </object_component>
      <object_component id="oc-54c">
         <name>.text:split</name>
         <load_address>0x30a8</load_address>
         <run_address>0x30a8</run_address>
         <size>0x70</size>
         <input_file_ref idref="fl-f1"/>
      </object_component>
      <object_component id="oc-7e7">
         <name>.text:formatNum</name>
         <load_address>0x3118</load_address>
         <run_address>0x3118</run_address>
         <size>0x6d</size>
         <input_file_ref idref="fl-1f"/>
      </object_component>
      <object_component id="oc-4eb">
         <name>.text:I2CMSP432_init</name>
         <load_address>0x3186</load_address>
         <run_address>0x3186</run_address>
         <size>0x2</size>
         <input_file_ref idref="fl-17"/>
      </object_component>
      <object_component id="oc-72f">
         <name>.text:I2C_masterSendMultiByteFinish</name>
         <load_address>0x3188</load_address>
         <run_address>0x3188</run_address>
         <size>0x6c</size>
         <input_file_ref idref="fl-28"/>
      </object_component>
      <object_component id="oc-4ae">
         <name>.text:TimerP_getCurrentTick</name>
         <load_address>0x31f4</load_address>
         <run_address>0x31f4</run_address>
         <size>0x6c</size>
         <input_file_ref idref="fl-22"/>
      </object_component>
      <object_component id="oc-375">
         <name>.text:GPIO_hwiIntFxn</name>
         <load_address>0x3260</load_address>
         <run_address>0x3260</run_address>
         <size>0x68</size>
         <input_file_ref idref="fl-15"/>
      </object_component>
      <object_component id="oc-6a4">
         <name>.text:Interrupt_pendInterrupt</name>
         <load_address>0x32c8</load_address>
         <run_address>0x32c8</run_address>
         <size>0x68</size>
         <input_file_ref idref="fl-29"/>
      </object_component>
      <object_component id="oc-5fa">
         <name>.text:PowerMSP432_getFreqs</name>
         <load_address>0x3330</load_address>
         <run_address>0x3330</run_address>
         <size>0x68</size>
         <input_file_ref idref="fl-18"/>
      </object_component>
      <object_component id="oc-79e">
         <name>.text:SwiP_post</name>
         <load_address>0x3398</load_address>
         <run_address>0x3398</run_address>
         <size>0x68</size>
         <input_file_ref idref="fl-26"/>
      </object_component>
      <object_component id="oc-12">
         <name>.text:decompress:lzss:__TI_decompress_lzss</name>
         <load_address>0x3400</load_address>
         <run_address>0x3400</run_address>
         <size>0x68</size>
         <input_file_ref idref="fl-f0"/>
      </object_component>
      <object_component id="oc-600">
         <name>.text:initHw</name>
         <load_address>0x3468</load_address>
         <run_address>0x3468</run_address>
         <size>0x68</size>
         <input_file_ref idref="fl-17"/>
      </object_component>
      <object_component id="oc-245">
         <name>.text:GPIO_setCallback</name>
         <load_address>0x34d0</load_address>
         <run_address>0x34d0</run_address>
         <size>0x60</size>
         <input_file_ref idref="fl-15"/>
      </object_component>
      <object_component id="oc-1b3">
         <name>.text:Display_doOpen</name>
         <load_address>0x3530</load_address>
         <run_address>0x3530</run_address>
         <size>0x5c</size>
         <input_file_ref idref="fl-13"/>
      </object_component>
      <object_component id="oc-412">
         <name>.text:Interrupt_registerInterrupt</name>
         <load_address>0x358c</load_address>
         <run_address>0x358c</run_address>
         <size>0x5c</size>
         <input_file_ref idref="fl-29"/>
      </object_component>
      <object_component id="oc-1c5">
         <name>.text:GPIO_write</name>
         <load_address>0x35e8</load_address>
         <run_address>0x35e8</run_address>
         <size>0x58</size>
         <input_file_ref idref="fl-15"/>
      </object_component>
      <object_component id="oc-789">
         <name>.text:TimerP_dynamicStub</name>
         <load_address>0x3640</load_address>
         <run_address>0x3640</run_address>
         <size>0x58</size>
         <input_file_ref idref="fl-22"/>
      </object_component>
      <object_component id="oc-93e">
         <name>.text:readIsrBinaryBlocking</name>
         <load_address>0x3698</load_address>
         <run_address>0x3698</run_address>
         <size>0x58</size>
         <input_file_ref idref="fl-1a"/>
      </object_component>
      <object_component id="oc-729">
         <name>.text:completeTransfer</name>
         <load_address>0x36f0</load_address>
         <run_address>0x36f0</run_address>
         <size>0x56</size>
         <input_file_ref idref="fl-17"/>
      </object_component>
      <object_component id="oc-7ae">
         <name>.text:IntDefaultHandler</name>
         <load_address>0x3746</load_address>
         <run_address>0x3746</run_address>
         <size>0x2</size>
         <input_file_ref idref="fl-29"/>
      </object_component>
      <object_component id="oc-418">
         <name>.text:Interrupt_setPriority</name>
         <load_address>0x3748</load_address>
         <run_address>0x3748</run_address>
         <size>0x54</size>
         <input_file_ref idref="fl-29"/>
      </object_component>
      <object_component id="oc-490">
         <name>.text:SemaphoreP_construct</name>
         <load_address>0x379c</load_address>
         <run_address>0x379c</run_address>
         <size>0x50</size>
         <input_file_ref idref="fl-1e"/>
      </object_component>
      <object_component id="oc-950">
         <name>.text:readIsrBinaryCallback</name>
         <load_address>0x37ec</load_address>
         <run_address>0x37ec</run_address>
         <size>0x4c</size>
         <input_file_ref idref="fl-1a"/>
      </object_component>
      <object_component id="oc-507">
         <name>.text:DisplayUartMin_open</name>
         <load_address>0x3838</load_address>
         <run_address>0x3838</run_address>
         <size>0x4a</size>
         <input_file_ref idref="fl-14"/>
      </object_component>
      <object_component id="oc-323">
         <name>.text:PowerMSP432_initPolicy</name>
         <load_address>0x3882</load_address>
         <run_address>0x3882</run_address>
         <size>0x2</size>
         <input_file_ref idref="fl-20"/>
      </object_component>
      <object_component id="oc-918">
         <name>.text:ClockP_construct</name>
         <load_address>0x3884</load_address>
         <run_address>0x3884</run_address>
         <size>0x48</size>
         <input_file_ref idref="fl-21"/>
      </object_component>
      <object_component id="oc-329">
         <name>.text:PowerMSP432_sleepPolicy</name>
         <load_address>0x38cc</load_address>
         <run_address>0x38cc</run_address>
         <size>0x48</size>
         <input_file_ref idref="fl-20"/>
      </object_component>
      <object_component id="oc-5ee">
         <name>.text:Power_releaseConstraint</name>
         <load_address>0x3914</load_address>
         <run_address>0x3914</run_address>
         <size>0x48</size>
         <input_file_ref idref="fl-18"/>
      </object_component>
      <object_component id="oc-7ce">
         <name>.text</name>
         <load_address>0x395c</load_address>
         <run_address>0x395c</run_address>
         <size>0x48</size>
         <input_file_ref idref="fl-e7"/>
      </object_component>
      <object_component id="oc-519">
         <name>.text:DisplayUartMin_vprintf</name>
         <load_address>0x39a4</load_address>
         <run_address>0x39a4</run_address>
         <size>0x46</size>
         <input_file_ref idref="fl-14"/>
      </object_component>
      <object_component id="oc-973">
         <name>.text:RingBuf_put</name>
         <load_address>0x39ea</load_address>
         <run_address>0x39ea</run_address>
         <size>0x46</size>
         <input_file_ref idref="fl-1c"/>
      </object_component>
      <object_component id="oc-1a7">
         <name>.text:I2C_init</name>
         <load_address>0x3a30</load_address>
         <run_address>0x3a30</run_address>
         <size>0x44</size>
         <input_file_ref idref="fl-16"/>
      </object_component>
      <object_component id="oc-24b">
         <name>.text:SemaphoreP_post</name>
         <load_address>0x3a74</load_address>
         <run_address>0x3a74</run_address>
         <size>0x44</size>
         <input_file_ref idref="fl-1e"/>
      </object_component>
      <object_component id="oc-451">
         <name>.text:SwiP_restore</name>
         <load_address>0x3ab8</load_address>
         <run_address>0x3ab8</run_address>
         <size>0x44</size>
         <input_file_ref idref="fl-26"/>
      </object_component>
      <object_component id="oc-77d">
         <name>.text:TimerP_start</name>
         <load_address>0x3afc</load_address>
         <run_address>0x3afc</run_address>
         <size>0x44</size>
         <input_file_ref idref="fl-22"/>
      </object_component>
      <object_component id="oc-656">
         <name>.text:UART_init</name>
         <load_address>0x3b40</load_address>
         <run_address>0x3b40</run_address>
         <size>0x44</size>
         <input_file_ref idref="fl-19"/>
      </object_component>
      <object_component id="oc-12f">
         <name>.text:__TI_auto_init_nobinit_nopinit:__TI_auto_init_nobinit_nopinit</name>
         <load_address>0x3b84</load_address>
         <run_address>0x3b84</run_address>
         <size>0x44</size>
         <input_file_ref idref="fl-f6"/>
      </object_component>
      <object_component id="oc-631">
         <name>.text:perfChangeNotifyFxn</name>
         <load_address>0x3bc8</load_address>
         <run_address>0x3bc8</run_address>
         <size>0x44</size>
         <input_file_ref idref="fl-17"/>
      </object_component>
      <object_component id="oc-7e2">
         <name>.text</name>
         <load_address>0x3c0c</load_address>
         <run_address>0x3c0c</run_address>
         <size>0x44</size>
         <input_file_ref idref="fl-e8"/>
      </object_component>
      <object_component id="oc-1bf">
         <name>.text:I2C_open</name>
         <load_address>0x3c50</load_address>
         <run_address>0x3c50</run_address>
         <size>0x40</size>
         <input_file_ref idref="fl-16"/>
      </object_component>
      <object_component id="oc-8f6">
         <name>.text:RingBuf_get</name>
         <load_address>0x3c90</load_address>
         <run_address>0x3c90</run_address>
         <size>0x40</size>
         <input_file_ref idref="fl-1c"/>
      </object_component>
      <object_component id="oc-5d9">
         <name>.text:TimerP_setNextTick</name>
         <load_address>0x3cd0</load_address>
         <run_address>0x3cd0</run_address>
         <size>0x40</size>
         <input_file_ref idref="fl-22"/>
      </object_component>
      <object_component id="oc-84c">
         <name>.text:UARTMSP432_read</name>
         <load_address>0x3d10</load_address>
         <run_address>0x3d10</run_address>
         <size>0x40</size>
         <input_file_ref idref="fl-1a"/>
      </object_component>
      <object_component id="oc-65c">
         <name>.text:UART_open</name>
         <load_address>0x3d50</load_address>
         <run_address>0x3d50</run_address>
         <size>0x40</size>
         <input_file_ref idref="fl-19"/>
      </object_component>
      <object_component id="oc-8cf">
         <name>.text:perfChangeNotifyFxn</name>
         <load_address>0x3d90</load_address>
         <run_address>0x3d90</run_address>
         <size>0x40</size>
         <input_file_ref idref="fl-1a"/>
      </object_component>
      <object_component id="oc-880">
         <name>.text</name>
         <load_address>0x3dd0</load_address>
         <run_address>0x3dd0</run_address>
         <size>0x40</size>
         <input_file_ref idref="fl-ed"/>
      </object_component>
      <object_component id="oc-771">
         <name>.text:TimerP_initDevice</name>
         <load_address>0x3e10</load_address>
         <run_address>0x3e10</run_address>
         <size>0x3c</size>
         <input_file_ref idref="fl-22"/>
      </object_component>
      <object_component id="oc-616">
         <name>.text:Power_setConstraint</name>
         <load_address>0x3e4c</load_address>
         <run_address>0x3e4c</run_address>
         <size>0x38</size>
         <input_file_ref idref="fl-18"/>
      </object_component>
      <object_component id="oc-574">
         <name>.text:notify</name>
         <load_address>0x3e84</load_address>
         <run_address>0x3e84</run_address>
         <size>0x38</size>
         <input_file_ref idref="fl-18"/>
      </object_component>
      <object_component id="oc-858">
         <name>.text:UARTMSP432_readCancel</name>
         <load_address>0x3ebc</load_address>
         <run_address>0x3ebc</run_address>
         <size>0x36</size>
         <input_file_ref idref="fl-1a"/>
      </object_component>
      <object_component id="oc-2fc">
         <name>.text:PowerMSP432_updateFreqs</name>
         <load_address>0x3ef2</load_address>
         <run_address>0x3ef2</run_address>
         <size>0x2</size>
         <input_file_ref idref="fl-20"/>
      </object_component>
      <object_component id="oc-a8">
         <name>.text:_c_int00_noargs:_c_int00_noargs</name>
         <load_address>0x3ef4</load_address>
         <run_address>0x3ef4</run_address>
         <size>0x34</size>
         <input_file_ref idref="fl-f3"/>
      </object_component>
      <object_component id="oc-61c">
         <name>.text:mapPin</name>
         <load_address>0x3f28</load_address>
         <run_address>0x3f28</run_address>
         <size>0x30</size>
         <input_file_ref idref="fl-17"/>
      </object_component>
      <object_component id="oc-8ab">
         <name>.text:mapPin</name>
         <load_address>0x3f58</load_address>
         <run_address>0x3f58</run_address>
         <size>0x30</size>
         <input_file_ref idref="fl-1a"/>
      </object_component>
      <object_component id="oc-7d3">
         <name>.text</name>
         <load_address>0x3f88</load_address>
         <run_address>0x3f88</run_address>
         <size>0x2e</size>
         <input_file_ref idref="fl-e9"/>
      </object_component>
      <object_component id="oc-1cb">
         <name>.text:Display_doPrintf</name>
         <load_address>0x3fb6</load_address>
         <run_address>0x3fb6</run_address>
         <size>0x2a</size>
         <input_file_ref idref="fl-13"/>
      </object_component>
      <object_component id="oc-20c">
         <name>.text:HwiP_create</name>
         <load_address>0x3fe0</load_address>
         <run_address>0x3fe0</run_address>
         <size>0x2a</size>
         <input_file_ref idref="fl-23"/>
      </object_component>
      <object_component id="oc-840">
         <name>.text:UARTMSP432_init</name>
         <load_address>0x400a</load_address>
         <run_address>0x400a</run_address>
         <size>0x2</size>
         <input_file_ref idref="fl-1a"/>
      </object_component>
      <object_component id="oc-1ad">
         <name>.text:Display_doInit</name>
         <load_address>0x400c</load_address>
         <run_address>0x400c</run_address>
         <size>0x28</size>
         <input_file_ref idref="fl-13"/>
      </object_component>
      <object_component id="oc-628">
         <name>.text:Power_registerNotify</name>
         <load_address>0x4034</load_address>
         <run_address>0x4034</run_address>
         <size>0x28</size>
         <input_file_ref idref="fl-18"/>
      </object_component>
      <object_component id="oc-2ea">
         <name>.text:disableFaultCounter</name>
         <load_address>0x405c</load_address>
         <run_address>0x405c</run_address>
         <size>0x28</size>
         <input_file_ref idref="fl-18"/>
      </object_component>
      <object_component id="oc-57a">
         <name>.text:disableHFXT</name>
         <load_address>0x4084</load_address>
         <run_address>0x4084</run_address>
         <size>0x28</size>
         <input_file_ref idref="fl-18"/>
      </object_component>
      <object_component id="oc-8b1">
         <name>.text:findBaudDividerIndex</name>
         <load_address>0x40ac</load_address>
         <run_address>0x40ac</run_address>
         <size>0x28</size>
         <input_file_ref idref="fl-1a"/>
      </object_component>
      <object_component id="oc-437">
         <name>.text:free_list_insert</name>
         <load_address>0x40d4</load_address>
         <run_address>0x40d4</run_address>
         <size>0x28</size>
         <input_file_ref idref="fl-f1"/>
      </object_component>
      <object_component id="oc-71f">
         <name>.text:List_put</name>
         <load_address>0x40fc</load_address>
         <run_address>0x40fc</run_address>
         <size>0x26</size>
         <input_file_ref idref="fl-1b"/>
      </object_component>
      <object_component id="oc-715">
         <name>.text:List_remove</name>
         <load_address>0x4122</load_address>
         <run_address>0x4122</run_address>
         <size>0x26</size>
         <input_file_ref idref="fl-1b"/>
      </object_component>
      <object_component id="oc-4ba">
         <name>.text:ClockP_getTicks</name>
         <load_address>0x4148</load_address>
         <run_address>0x4148</run_address>
         <size>0x24</size>
         <input_file_ref idref="fl-21"/>
      </object_component>
      <object_component id="oc-4b4">
         <name>.text:ClockP_scheduleNextTick</name>
         <load_address>0x416c</load_address>
         <run_address>0x416c</run_address>
         <size>0x24</size>
         <input_file_ref idref="fl-21"/>
      </object_component>
      <object_component id="oc-424">
         <name>.text:HwiP_dispatch</name>
         <load_address>0x4190</load_address>
         <run_address>0x4190</run_address>
         <size>0x24</size>
         <input_file_ref idref="fl-23"/>
      </object_component>
      <object_component id="oc-2e4">
         <name>.text:CS_setExternalClockSourceFrequency</name>
         <load_address>0x41b4</load_address>
         <run_address>0x41b4</run_address>
         <size>0x20</size>
         <input_file_ref idref="fl-27"/>
      </object_component>
      <object_component id="oc-345">
         <name>.text:ClockP_add</name>
         <load_address>0x41d4</load_address>
         <run_address>0x41d4</run_address>
         <size>0x20</size>
         <input_file_ref idref="fl-21"/>
      </object_component>
      <object_component id="oc-60d">
         <name>.text:Power_unregisterNotify</name>
         <load_address>0x41f4</load_address>
         <run_address>0x41f4</run_address>
         <size>0x20</size>
         <input_file_ref idref="fl-18"/>
      </object_component>
      <object_component id="oc-4a3">
         <name>.text:QueueP_put</name>
         <load_address>0x4214</load_address>
         <run_address>0x4214</run_address>
         <size>0x20</size>
         <input_file_ref idref="fl-25"/>
      </object_component>
      <object_component id="oc-8a3">
         <name>.text:RingBuf_peek</name>
         <load_address>0x4234</load_address>
         <run_address>0x4234</run_address>
         <size>0x20</size>
         <input_file_ref idref="fl-1c"/>
      </object_component>
      <object_component id="oc-70e">
         <name>.text:Interrupt_unregisterInterrupt</name>
         <load_address>0x4254</load_address>
         <run_address>0x4254</run_address>
         <size>0x1c</size>
         <input_file_ref idref="fl-29"/>
      </object_component>
      <object_component id="oc-43f">
         <name>.text:SwiP_disable</name>
         <load_address>0x4270</load_address>
         <run_address>0x4270</run_address>
         <size>0x1c</size>
         <input_file_ref idref="fl-26"/>
      </object_component>
      <object_component id="oc-431">
         <name>.text:free_list_remove</name>
         <load_address>0x428c</load_address>
         <run_address>0x428c</run_address>
         <size>0x1c</size>
         <input_file_ref idref="fl-f1"/>
      </object_component>
      <object_component id="oc-8bd">
         <name>.text:ClockP_create</name>
         <load_address>0x42a8</load_address>
         <run_address>0x42a8</run_address>
         <size>0x1a</size>
         <input_file_ref idref="fl-21"/>
      </object_component>
      <object_component id="oc-88d">
         <name>.text:QueueP_get</name>
         <load_address>0x42c2</load_address>
         <run_address>0x42c2</run_address>
         <size>0x1a</size>
         <input_file_ref idref="fl-25"/>
      </object_component>
      <object_component id="oc-221">
         <name>.text:SemaphoreP_createBinary</name>
         <load_address>0x42dc</load_address>
         <run_address>0x42dc</run_address>
         <size>0x1a</size>
         <input_file_ref idref="fl-1e"/>
      </object_component>
      <object_component id="oc-35d">
         <name>.text:ClockP_destruct</name>
         <load_address>0x42f6</load_address>
         <run_address>0x42f6</run_address>
         <size>0x18</size>
         <input_file_ref idref="fl-21"/>
      </object_component>
      <object_component id="oc-607">
         <name>.text:HwiP_delete</name>
         <load_address>0x430e</load_address>
         <run_address>0x430e</run_address>
         <size>0x18</size>
         <input_file_ref idref="fl-23"/>
      </object_component>
      <object_component id="oc-2b4">
         <name>.text:_nop</name>
         <load_address>0x4326</load_address>
         <run_address>0x4326</run_address>
         <size>0x2</size>
         <input_file_ref idref="fl-fa"/>
      </object_component>
      <object_component id="oc-380">
         <name>.text:HwiP_inISR</name>
         <load_address>0x4328</load_address>
         <run_address>0x4328</run_address>
         <size>0x18</size>
         <input_file_ref idref="fl-23"/>
      </object_component>
      <object_component id="oc-3d9">
         <name>.text:SysCtl_A_disableNMISource</name>
         <load_address>0x4340</load_address>
         <run_address>0x4340</run_address>
         <size>0x18</size>
         <input_file_ref idref="fl-2b"/>
      </object_component>
      <object_component id="oc-3e5">
         <name>.text:SysCtl_A_enableNMISource</name>
         <load_address>0x4358</load_address>
         <run_address>0x4358</run_address>
         <size>0x18</size>
         <input_file_ref idref="fl-2b"/>
      </object_component>
      <object_component id="oc-650">
         <name>.text:UART_Params_init</name>
         <load_address>0x4370</load_address>
         <run_address>0x4370</run_address>
         <size>0x18</size>
         <input_file_ref idref="fl-19"/>
      </object_component>
      <object_component id="oc-1f">
         <name>.text:resetISR</name>
         <load_address>0x4388</load_address>
         <run_address>0x4388</run_address>
         <size>0x18</size>
         <input_file_ref idref="fl-24"/>
      </object_component>
      <object_component id="oc-51f">
         <name>.text:DisplayUartMin_close</name>
         <load_address>0x43a0</load_address>
         <run_address>0x43a0</run_address>
         <size>0x16</size>
         <input_file_ref idref="fl-14"/>
      </object_component>
      <object_component id="oc-33a">
         <name>.text:SemaphoreP_create</name>
         <load_address>0x43b6</load_address>
         <run_address>0x43b6</run_address>
         <size>0x16</size>
         <input_file_ref idref="fl-1e"/>
      </object_component>
      <object_component id="oc-887">
         <name>.text:maxbit</name>
         <load_address>0x43cc</load_address>
         <run_address>0x43cc</run_address>
         <size>0x16</size>
         <input_file_ref idref="fl-26"/>
      </object_component>
      <object_component id="oc-7ed">
         <name>.text:putChar</name>
         <load_address>0x43e2</load_address>
         <run_address>0x43e2</run_address>
         <size>0x16</size>
         <input_file_ref idref="fl-1f"/>
      </object_component>
      <object_component id="oc-5a3">
         <name>.text:Power_idleFunc</name>
         <load_address>0x43f8</load_address>
         <run_address>0x43f8</run_address>
         <size>0x14</size>
         <input_file_ref idref="fl-18"/>
      </object_component>
      <object_component id="oc-766">
         <name>.text:SwiP_handleHwi</name>
         <load_address>0x440c</load_address>
         <run_address>0x440c</run_address>
         <size>0x14</size>
         <input_file_ref idref="fl-26"/>
      </object_component>
      <object_component id="oc-5cc">
         <name>.text:TimerP_getCount</name>
         <load_address>0x4420</load_address>
         <run_address>0x4420</run_address>
         <size>0x14</size>
         <input_file_ref idref="fl-22"/>
      </object_component>
      <object_component id="oc-8ff">
         <name>.text:clearTXCPTIFG</name>
         <load_address>0x4434</load_address>
         <run_address>0x4434</run_address>
         <size>0x14</size>
         <input_file_ref idref="fl-1a"/>
      </object_component>
      <object_component id="oc-671">
         <name>.text:strlen</name>
         <load_address>0x4448</load_address>
         <run_address>0x4448</run_address>
         <size>0x14</size>
         <input_file_ref idref="fl-f2"/>
      </object_component>
      <object_component id="oc-206">
         <name>.text:HwiP_Params_init</name>
         <load_address>0x445c</load_address>
         <run_address>0x445c</run_address>
         <size>0x12</size>
         <input_file_ref idref="fl-23"/>
      </object_component>
      <object_component id="oc-8c3">
         <name>.text:RingBuf_construct</name>
         <load_address>0x446e</load_address>
         <run_address>0x446e</run_address>
         <size>0x12</size>
         <input_file_ref idref="fl-1c"/>
      </object_component>
      <object_component id="oc-f6">
         <name>.text:main</name>
         <load_address>0x4480</load_address>
         <run_address>0x4480</run_address>
         <size>0x12</size>
         <input_file_ref idref="fl-3"/>
      </object_component>
      <object_component id="oc-6c">
         <name>.text:busFaultISR</name>
         <load_address>0x4492</load_address>
         <run_address>0x4492</run_address>
         <size>0x2</size>
         <input_file_ref idref="fl-24"/>
      </object_component>
      <object_component id="oc-8b7">
         <name>.text:ClockP_Params_init</name>
         <load_address>0x4494</load_address>
         <run_address>0x4494</run_address>
         <size>0x10</size>
         <input_file_ref idref="fl-21"/>
      </object_component>
      <object_component id="oc-89c">
         <name>.text:ClockP_delete</name>
         <load_address>0x44a4</load_address>
         <run_address>0x44a4</run_address>
         <size>0x10</size>
         <input_file_ref idref="fl-21"/>
      </object_component>
      <object_component id="oc-227">
         <name>.text:HwiP_disable</name>
         <load_address>0x44b4</load_address>
         <run_address>0x44b4</run_address>
         <size>0x10</size>
         <input_file_ref idref="fl-23"/>
      </object_component>
      <object_component id="oc-1b9">
         <name>.text:I2C_Params_init</name>
         <load_address>0x44c4</load_address>
         <run_address>0x44c4</run_address>
         <size>0x10</size>
         <input_file_ref idref="fl-16"/>
      </object_component>
      <object_component id="oc-52">
         <name>.text:Interrupt_disableMaster</name>
         <load_address>0x44d4</load_address>
         <run_address>0x44d4</run_address>
         <size>0x10</size>
         <input_file_ref idref="fl-29"/>
      </object_component>
      <object_component id="oc-19a">
         <name>.text:Interrupt_enableMaster</name>
         <load_address>0x44e4</load_address>
         <run_address>0x44e4</run_address>
         <size>0x10</size>
         <input_file_ref idref="fl-29"/>
      </object_component>
      <object_component id="oc-622">
         <name>.text:PowerMSP432_getNumPerfLevels</name>
         <load_address>0x44f4</load_address>
         <run_address>0x44f4</run_address>
         <size>0x10</size>
         <input_file_ref idref="fl-18"/>
      </object_component>
      <object_component id="oc-386">
         <name>.text:Power_disablePolicy</name>
         <load_address>0x4504</load_address>
         <run_address>0x4504</run_address>
         <size>0x10</size>
         <input_file_ref idref="fl-18"/>
      </object_component>
      <object_component id="oc-351">
         <name>.text:Power_enablePolicy</name>
         <load_address>0x4514</load_address>
         <run_address>0x4514</run_address>
         <size>0x10</size>
         <input_file_ref idref="fl-18"/>
      </object_component>
      <object_component id="oc-334">
         <name>.text:SemaphoreP_Params_init</name>
         <load_address>0x4524</load_address>
         <run_address>0x4524</run_address>
         <size>0x10</size>
         <input_file_ref idref="fl-1e"/>
      </object_component>
      <object_component id="oc-6b4">
         <name>.text:SwiP_Params_init</name>
         <load_address>0x4534</load_address>
         <run_address>0x4534</run_address>
         <size>0x10</size>
         <input_file_ref idref="fl-26"/>
      </object_component>
      <object_component id="oc-3d3">
         <name>.text:SysCtl_A_getNMISourceStatus</name>
         <load_address>0x4544</load_address>
         <run_address>0x4544</run_address>
         <size>0x10</size>
         <input_file_ref idref="fl-2b"/>
      </object_component>
      <object_component id="oc-69d">
         <name>.text:SysCtl_getNMISourceStatus</name>
         <load_address>0x4554</load_address>
         <run_address>0x4554</run_address>
         <size>0x10</size>
         <input_file_ref idref="fl-2a"/>
      </object_component>
      <object_component id="oc-6c0">
         <name>.text:TimerP_Params_init</name>
         <load_address>0x4564</load_address>
         <run_address>0x4564</run_address>
         <size>0x10</size>
         <input_file_ref idref="fl-22"/>
      </object_component>
      <object_component id="oc-8e7">
         <name>.text:readBlockingTimeout</name>
         <load_address>0x4574</load_address>
         <run_address>0x4574</run_address>
         <size>0x10</size>
         <input_file_ref idref="fl-1a"/>
      </object_component>
      <object_component id="oc-893">
         <name>.text:QueueP_empty</name>
         <load_address>0x4584</load_address>
         <run_address>0x4584</run_address>
         <size>0xe</size>
         <input_file_ref idref="fl-25"/>
      </object_component>
      <object_component id="oc-4c3">
         <name>.text:QueueP_remove</name>
         <load_address>0x4592</load_address>
         <run_address>0x4592</run_address>
         <size>0xe</size>
         <input_file_ref idref="fl-25"/>
      </object_component>
      <object_component id="oc-18">
         <name>.text:decompress:none:__TI_decompress_none</name>
         <load_address>0x45a0</load_address>
         <run_address>0x45a0</run_address>
         <size>0xe</size>
         <input_file_ref idref="fl-ef"/>
      </object_component>
      <object_component id="oc-110">
         <name>.text:Board_init</name>
         <load_address>0x45ae</load_address>
         <run_address>0x45ae</run_address>
         <size>0xc</size>
         <input_file_ref idref="fl-2"/>
      </object_component>
      <object_component id="oc-96">
         <name>.text:CPU_cpsid</name>
         <load_address>0x45ba</load_address>
         <run_address>0x45ba</run_address>
         <size>0xc</size>
         <input_file_ref idref="fl-2d"/>
      </object_component>
      <object_component id="oc-21a">
         <name>.text:CPU_cpsie</name>
         <load_address>0x45c6</load_address>
         <run_address>0x45c6</run_address>
         <size>0xc</size>
         <input_file_ref idref="fl-2d"/>
      </object_component>
      <object_component id="oc-363">
         <name>.text:clkFxn</name>
         <load_address>0x45d2</load_address>
         <run_address>0x45d2</run_address>
         <size>0x2</size>
         <input_file_ref idref="fl-1e"/>
      </object_component>
      <object_component id="oc-6e1">
         <name>.text:ClockP_doTick</name>
         <load_address>0x45d4</load_address>
         <run_address>0x45d4</run_address>
         <size>0xc</size>
         <input_file_ref idref="fl-21"/>
      </object_component>
      <object_component id="oc-445">
         <name>.text:Power_getConstraintMask</name>
         <load_address>0x45e0</load_address>
         <run_address>0x45e0</run_address>
         <size>0xc</size>
         <input_file_ref idref="fl-18"/>
      </object_component>
      <object_component id="oc-5f4">
         <name>.text:Power_getPerformanceLevel</name>
         <load_address>0x45ec</load_address>
         <run_address>0x45ec</run_address>
         <size>0xc</size>
         <input_file_ref idref="fl-18"/>
      </object_component>
      <object_component id="oc-6d2">
         <name>.text:TimerP_getFreq</name>
         <load_address>0x45f8</load_address>
         <run_address>0x45f8</run_address>
         <size>0xc</size>
         <input_file_ref idref="fl-22"/>
      </object_component>
      <object_component id="oc-6cc">
         <name>.text:TimerP_getMaxTicks</name>
         <load_address>0x4604</load_address>
         <run_address>0x4604</run_address>
         <size>0xc</size>
         <input_file_ref idref="fl-22"/>
      </object_component>
      <object_component id="oc-4c">
         <name>.text:decompress:ZI:__TI_zero_init</name>
         <load_address>0x4610</load_address>
         <run_address>0x4610</run_address>
         <size>0xc</size>
         <input_file_ref idref="fl-ee"/>
      </object_component>
      <object_component id="oc-67e">
         <name>.text:UART_close</name>
         <load_address>0x461c</load_address>
         <run_address>0x461c</run_address>
         <size>0xa</size>
         <input_file_ref idref="fl-19"/>
      </object_component>
      <object_component id="oc-662">
         <name>.text:UART_control</name>
         <load_address>0x4626</load_address>
         <run_address>0x4626</run_address>
         <size>0xa</size>
         <input_file_ref idref="fl-19"/>
      </object_component>
      <object_component id="oc-677">
         <name>.text:UART_write</name>
         <load_address>0x4630</load_address>
         <run_address>0x4630</run_address>
         <size>0xa</size>
         <input_file_ref idref="fl-19"/>
      </object_component>
      <object_component id="oc-22d">
         <name>.text:HwiP_restore</name>
         <load_address>0x463a</load_address>
         <run_address>0x463a</run_address>
         <size>0x8</size>
         <input_file_ref idref="fl-23"/>
      </object_component>
      <object_component id="oc-63d">
         <name>.text:blockingTransferCallback</name>
         <load_address>0x4642</load_address>
         <run_address>0x4642</run_address>
         <size>0x8</size>
         <input_file_ref idref="fl-17"/>
      </object_component>
      <object_component id="oc-30e">
         <name>.text:malloc</name>
         <load_address>0x464a</load_address>
         <run_address>0x464a</run_address>
         <size>0x8</size>
         <input_file_ref idref="fl-f1"/>
      </object_component>
      <object_component id="oc-8e1">
         <name>.text:readSemCallback</name>
         <load_address>0x4652</load_address>
         <run_address>0x4652</run_address>
         <size>0x8</size>
         <input_file_ref idref="fl-1a"/>
      </object_component>
      <object_component id="oc-92e">
         <name>.text:txcptEnabledStatus</name>
         <load_address>0x465a</load_address>
         <run_address>0x465a</run_address>
         <size>0x8</size>
         <input_file_ref idref="fl-1a"/>
      </object_component>
      <object_component id="oc-8db">
         <name>.text:writeSemCallback</name>
         <load_address>0x4662</load_address>
         <run_address>0x4662</run_address>
         <size>0x8</size>
         <input_file_ref idref="fl-1a"/>
      </object_component>
      <object_component id="oc-980">
         <name>.text:ClockP_stop</name>
         <load_address>0x466a</load_address>
         <run_address>0x466a</run_address>
         <size>0x6</size>
         <input_file_ref idref="fl-21"/>
      </object_component>
      <object_component id="oc-525">
         <name>.text:DisplayUartMin_control</name>
         <load_address>0x4670</load_address>
         <run_address>0x4670</run_address>
         <size>0x6</size>
         <input_file_ref idref="fl-14"/>
      </object_component>
      <object_component id="oc-52b">
         <name>.text:DisplayUartMin_getType</name>
         <load_address>0x4676</load_address>
         <run_address>0x4676</run_address>
         <size>0x6</size>
         <input_file_ref idref="fl-14"/>
      </object_component>
      <object_component id="oc-4e5">
         <name>.text:I2CMSP432_control</name>
         <load_address>0x467c</load_address>
         <run_address>0x467c</run_address>
         <size>0x6</size>
         <input_file_ref idref="fl-17"/>
      </object_component>
      <object_component id="oc-6ae">
         <name>.text:QueueP_init</name>
         <load_address>0x4682</load_address>
         <run_address>0x4682</run_address>
         <size>0x6</size>
         <input_file_ref idref="fl-25"/>
      </object_component>
      <object_component id="oc-357">
         <name>.text:ClockP_isActive</name>
         <load_address>0x4688</load_address>
         <run_address>0x4688</run_address>
         <size>0x4</size>
         <input_file_ref idref="fl-21"/>
      </object_component>
      <object_component id="oc-97a">
         <name>.text:ClockP_setTimeout</name>
         <load_address>0x468c</load_address>
         <run_address>0x468c</run_address>
         <size>0x4</size>
         <input_file_ref idref="fl-21"/>
      </object_component>
      <object_component id="oc-116">
         <name>.text:HwiP_enable</name>
         <load_address>0x4690</load_address>
         <run_address>0x4690</run_address>
         <size>0x4</size>
         <input_file_ref idref="fl-23"/>
      </object_component>
      <object_component id="oc-587">
         <name>.text:HwiP_post</name>
         <load_address>0x4694</load_address>
         <run_address>0x4694</run_address>
         <size>0x4</size>
         <input_file_ref idref="fl-23"/>
      </object_component>
      <object_component id="oc-821">
         <name>.text:QueueP_head</name>
         <load_address>0x4698</load_address>
         <run_address>0x4698</run_address>
         <size>0x4</size>
         <input_file_ref idref="fl-25"/>
      </object_component>
      <object_component id="oc-827">
         <name>.text:QueueP_next</name>
         <load_address>0x469c</load_address>
         <run_address>0x469c</run_address>
         <size>0x4</size>
         <input_file_ref idref="fl-25"/>
      </object_component>
      <object_component id="oc-233">
         <name>.text:SemaphoreP_delete</name>
         <load_address>0x46a0</load_address>
         <run_address>0x46a0</run_address>
         <size>0x4</size>
         <input_file_ref idref="fl-1e"/>
      </object_component>
      <object_component id="oc-66b">
         <name>.text:SystemP_vsnprintf</name>
         <load_address>0x46a4</load_address>
         <run_address>0x46a4</run_address>
         <size>0x4</size>
         <input_file_ref idref="fl-1f"/>
      </object_component>
      <object_component id="oc-777">
         <name>.text:TimerP_setPeriod</name>
         <load_address>0x46a8</load_address>
         <run_address>0x46a8</run_address>
         <size>0x4</size>
         <input_file_ref idref="fl-22"/>
      </object_component>
      <object_component id="oc-f0">
         <name>.text:_system_pre_init</name>
         <load_address>0x46ac</load_address>
         <run_address>0x46ac</run_address>
         <size>0x4</size>
         <input_file_ref idref="fl-f7"/>
      </object_component>
      <object_component id="oc-123">
         <name>.text:abort:abort</name>
         <load_address>0x46b0</load_address>
         <run_address>0x46b0</run_address>
         <size>0x4</size>
         <input_file_ref idref="fl-f9"/>
      </object_component>
      <object_component id="oc-66">
         <name>.text:defaultISR</name>
         <load_address>0x46b4</load_address>
         <run_address>0x46b4</run_address>
         <size>0x2</size>
         <input_file_ref idref="fl-24"/>
      </object_component>
      <object_component id="oc-60">
         <name>.text:faultISR</name>
         <load_address>0x46b6</load_address>
         <run_address>0x46b6</run_address>
         <size>0x2</size>
         <input_file_ref idref="fl-24"/>
      </object_component>
      <object_component id="oc-5a">
         <name>.text:nmiISR</name>
         <load_address>0x46b8</load_address>
         <run_address>0x46b8</run_address>
         <size>0x2</size>
         <input_file_ref idref="fl-24"/>
      </object_component>
      <object_component id="oc-6f1">
         <name>.text</name>
         <load_address>0x46ba</load_address>
         <run_address>0x46ba</run_address>
         <size>0x2</size>
         <input_file_ref idref="fl-f4"/>
      </object_component>
      <object_component id="oc-55b">
         <name>.const:g_pulRegs</name>
         <load_address>0x46bc</load_address>
         <run_address>0x46bc</run_address>
         <size>0x50</size>
         <input_file_ref idref="fl-29"/>
      </object_component>
      <object_component id="oc-872">
         <name>.const:uartMSP432Baudrates</name>
         <load_address>0x470c</load_address>
         <run_address>0x470c</run_address>
         <size>0x40</size>
         <input_file_ref idref="fl-2"/>
      </object_component>
      <object_component id="oc-215">
         <name>.const:PowerMSP432_config</name>
         <load_address>0x474c</load_address>
         <run_address>0x474c</run_address>
         <size>0x38</size>
         <input_file_ref idref="fl-2"/>
      </object_component>
      <object_component id="oc-7c4">
         <name>.const:uartMSP432HWAttrs</name>
         <load_address>0x4784</load_address>
         <run_address>0x4784</run_address>
         <size>0x2c</size>
         <input_file_ref idref="fl-2"/>
      </object_component>
      <object_component id="oc-7c0">
         <name>.const:UARTMSP432_fxnTable</name>
         <load_address>0x47b0</load_address>
         <run_address>0x47b0</run_address>
         <size>0x28</size>
         <input_file_ref idref="fl-1a"/>
      </object_component>
      <object_component id="oc-738">
         <name>.const:UART_defaultParams</name>
         <load_address>0x47d8</load_address>
         <run_address>0x47d8</run_address>
         <size>0x24</size>
         <input_file_ref idref="fl-19"/>
      </object_component>
      <object_component id="oc-3a6">
         <name>.const:DisplayUartMin_fxnTable</name>
         <load_address>0x47fc</load_address>
         <run_address>0x47fc</run_address>
         <size>0x20</size>
         <input_file_ref idref="fl-14"/>
      </object_component>
      <object_component id="oc-8ed">
         <name>.const:staticFxnTable</name>
         <load_address>0x481c</load_address>
         <run_address>0x481c</run_address>
         <size>0x20</size>
         <input_file_ref idref="fl-1a"/>
      </object_component>
      <object_component id="oc-39d">
         <name>.const:I2CMSP432_fxnTable</name>
         <load_address>0x483c</load_address>
         <run_address>0x483c</run_address>
         <size>0x18</size>
         <input_file_ref idref="fl-17"/>
      </object_component>
      <object_component id="oc-255">
         <name>.const:GPIOMSP432_config</name>
         <load_address>0x4854</load_address>
         <run_address>0x4854</run_address>
         <size>0x14</size>
         <input_file_ref idref="fl-2"/>
      </object_component>
      <object_component id="oc-3aa">
         <name>.const:displayUartHWAttrs</name>
         <load_address>0x4868</load_address>
         <run_address>0x4868</run_address>
         <size>0x14</size>
         <input_file_ref idref="fl-2"/>
      </object_component>
      <object_component id="oc-3a1">
         <name>.const:i2cMSP432HWAttrs</name>
         <load_address>0x487c</load_address>
         <run_address>0x487c</run_address>
         <size>0x14</size>
         <input_file_ref idref="fl-2"/>
      </object_component>
      <object_component id="oc-26e">
         <name>.const:I2C_defaultParams</name>
         <load_address>0x4890</load_address>
         <run_address>0x4890</run_address>
         <size>0x10</size>
         <input_file_ref idref="fl-16"/>
      </object_component>
      <object_component id="oc-759">
         <name>.const:SwiP_defaultParams</name>
         <load_address>0x48a0</load_address>
         <run_address>0x48a0</run_address>
         <size>0x10</size>
         <input_file_ref idref="fl-26"/>
      </object_component>
      <object_component id="oc-266">
         <name>.const:Display_config</name>
         <load_address>0x48b0</load_address>
         <run_address>0x48b0</run_address>
         <size>0xc</size>
         <input_file_ref idref="fl-2"/>
      </object_component>
      <object_component id="oc-262">
         <name>.const:I2C_config</name>
         <load_address>0x48bc</load_address>
         <run_address>0x48bc</run_address>
         <size>0xc</size>
         <input_file_ref idref="fl-2"/>
      </object_component>
      <object_component id="oc-740">
         <name>.const:UART_config</name>
         <load_address>0x48c8</load_address>
         <run_address>0x48c8</run_address>
         <size>0xc</size>
         <input_file_ref idref="fl-2"/>
      </object_component>
      <object_component id="oc-62e">
         <name>.const:bitRates</name>
         <load_address>0x48d4</load_address>
         <run_address>0x48d4</run_address>
         <size>0xc</size>
         <input_file_ref idref="fl-17"/>
      </object_component>
      <object_component id="oc-7aa">
         <name>.const:g_pulDisRegs</name>
         <load_address>0x48e0</load_address>
         <run_address>0x48e0</run_address>
         <size>0x8</size>
         <input_file_ref idref="fl-29"/>
      </object_component>
      <object_component id="oc-55f">
         <name>.const:g_pulEnRegs</name>
         <load_address>0x48e8</load_address>
         <run_address>0x48e8</run_address>
         <size>0x8</size>
         <input_file_ref idref="fl-29"/>
      </object_component>
      <object_component id="oc-754">
         <name>.const:g_pulPendRegs</name>
         <load_address>0x48f0</load_address>
         <run_address>0x48f0</run_address>
         <size>0x8</size>
         <input_file_ref idref="fl-29"/>
      </object_component>
      <object_component id="oc-37b">
         <name>.const:.string:interruptType</name>
         <load_address>0x48f8</load_address>
         <run_address>0x48f8</run_address>
         <size>0x6</size>
         <input_file_ref idref="fl-15"/>
      </object_component>
      <object_component id="oc-372">
         <name>.const:.string:portInterruptIds</name>
         <load_address>0x48fe</load_address>
         <run_address>0x48fe</run_address>
         <size>0x6</size>
         <input_file_ref idref="fl-15"/>
      </object_component>
      <object_component id="oc-926">
         <name>.const:.string:parityTypes</name>
         <load_address>0x4904</load_address>
         <run_address>0x4904</run_address>
         <size>0x5</size>
         <input_file_ref idref="fl-1a"/>
      </object_component>
      <object_component id="oc-26a">
         <name>.const:Display_defaultParams</name>
         <load_address>0x4909</load_address>
         <run_address>0x4909</run_address>
         <size>0x1</size>
         <input_file_ref idref="fl-13"/>
      </object_component>
      <object_component id="oc-929">
         <name>.const:stopBits</name>
         <load_address>0x490a</load_address>
         <run_address>0x490a</run_address>
         <size>0x4</size>
         <input_file_ref idref="fl-1a"/>
      </object_component>
      <object_component id="oc-25f">
         <name>.const</name>
         <load_address>0x490e</load_address>
         <run_address>0x490e</run_address>
         <size>0x3</size>
         <input_file_ref idref="fl-2"/>
      </object_component>
      <object_component id="oc-9bf">
         <name>.cinit..data.load</name>
         <load_address>0x4918</load_address>
         <run_address>0x4918</run_address>
         <size>0x88</size>
      </object_component>
      <object_component id="oc-9bd">
         <name>__TI_handler_table</name>
         <load_address>0x49a0</load_address>
         <run_address>0x49a0</run_address>
         <size>0xc</size>
      </object_component>
      <object_component id="oc-9c0">
         <name>.cinit..bss.load</name>
         <load_address>0x49b0</load_address>
         <run_address>0x49b0</run_address>
         <size>0x8</size>
      </object_component>
      <object_component id="oc-9c1">
         <name>.cinit..vtable.load</name>
         <load_address>0x49b8</load_address>
         <run_address>0x49b8</run_address>
         <size>0x8</size>
      </object_component>
      <object_component id="oc-9be">
         <name>__TI_cinit_table</name>
         <load_address>0x49c0</load_address>
         <run_address>0x49c0</run_address>
         <size>0x18</size>
      </object_component>
      <object_component id="oc-38f">
         <name>.data:gpioPinConfigs</name>
         <load_address>0x20008958</load_address>
         <run_address>0x20008958</run_address>
         <size>0x4</size>
         <input_file_ref idref="fl-2"/>
      </object_component>
      <object_component id="oc-392">
         <name>.data:gpioCallbackFunctions</name>
         <load_address>0x20008954</load_address>
         <run_address>0x20008954</run_address>
         <size>0x4</size>
         <input_file_ref idref="fl-2"/>
      </object_component>
      <object_component id="oc-252">
         <name>.data</name>
         <load_address>0x2000895f</load_address>
[...]
         <value>0x4525</value>
         <object_component_ref idref="oc-334"/>
      </symbol>
      <symbol id="sm-7e4">
         <name>clkFxn</name>
         <value>0x45d3</value>
         <object_component_ref idref="oc-363"/>
      </symbol>
      <symbol id="sm-83c">
         <name>SystemP_vsnprintf</name>
         <value>0x46a5</value>
         <object_component_ref idref="oc-66b"/>
      </symbol>
      <symbol id="sm-865">
         <name>PowerMSP432_initPolicy</name>
         <value>0x3883</value>
         <object_component_ref idref="oc-323"/>
      </symbol>
      <symbol id="sm-866">
         <name>PowerMSP432_updateFreqs</name>
         <value>0x3ef3</value>
         <object_component_ref idref="oc-2fc"/>
      </symbol>
      <symbol id="sm-867">
         <name>PowerMSP432_sleepPolicy</name>
         <value>0x38cd</value>
         <object_component_ref idref="oc-329"/>
      </symbol>
      <symbol id="sm-948">
         <name>ClockP_delete</name>
         <value>0x44a5</value>
         <object_component_ref idref="oc-89c"/>
      </symbol>
      <symbol id="sm-949">
         <name>ClockP_doTick</name>
         <value>0x45d5</value>
         <object_component_ref idref="oc-6e1"/>
      </symbol>
      <symbol id="sm-94a">
         <name>ClockP_setTimeout</name>
         <value>0x468d</value>
         <object_component_ref idref="oc-97a"/>
      </symbol>
      <symbol id="sm-94b">
         <name>ClockP_startup</name>
         <value>0x2089</value>
         <object_component_ref idref="oc-5ab"/>
      </symbol>
      <symbol id="sm-94c">
         <name>ClockP_stop</name>
         <value>0x466b</value>
         <object_component_ref idref="oc-980"/>
      </symbol>
      <symbol id="sm-94d">
         <name>ClockP_construct</name>
         <value>0x3885</value>
         <object_component_ref idref="oc-918"/>
      </symbol>
      <symbol id="sm-94e">
         <name>ClockP_scheduleNextTick</name>
         <value>0x416d</value>
         <object_component_ref idref="oc-4b4"/>
      </symbol>
      <symbol id="sm-94f">
         <name>ClockP_tickPeriod</name>
         <value>0x20008948</value>
         <object_component_ref idref="oc-6d8"/>
      </symbol>
      <symbol id="sm-950">
         <name>ClockP_create</name>
         <value>0x42a9</value>
         <object_component_ref idref="oc-8bd"/>
      </symbol>
      <symbol id="sm-951">
         <name>ClockP_Params_init</name>
         <value>0x4495</value>
         <object_component_ref idref="oc-8b7"/>
      </symbol>
      <symbol id="sm-952">
         <name>ClockP_workFuncDynamic</name>
         <value>0x22a5</value>
         <object_component_ref idref="oc-6db"/>
      </symbol>
      <symbol id="sm-953">
         <name>ClockP_walkQueueDynamic</name>
         <value>0x2ed9</value>
         <object_component_ref idref="oc-797"/>
      </symbol>
      <symbol id="sm-954">
         <name>ClockP_destruct</name>
         <value>0x42f7</value>
         <object_component_ref idref="oc-35d"/>
      </symbol>
      <symbol id="sm-955">
         <name>ClockP_start</name>
         <value>0x2c5d</value>
         <object_component_ref idref="oc-34b"/>
      </symbol>
      <symbol id="sm-956">
         <name>ClockP_isActive</name>
         <value>0x4689</value>
         <object_component_ref idref="oc-357"/>
      </symbol>
      <symbol id="sm-957">
         <name>ClockP_getTicks</name>
         <value>0x4149</value>
         <object_component_ref idref="oc-4ba"/>
      </symbol>
      <symbol id="sm-958">
         <name>ClockP_add</name>
         <value>0x41d5</value>
         <object_component_ref idref="oc-345"/>
      </symbol>
      <symbol id="sm-9ee">
         <name>TimerP_setNextTick</name>
         <value>0x3cd1</value>
         <object_component_ref idref="oc-5d9"/>
      </symbol>
      <symbol id="sm-9ef">
         <name>TimerP_getCurrentTick</name>
         <value>0x31f5</value>
         <object_component_ref idref="oc-4ae"/>
      </symbol>
      <symbol id="sm-9f0">
         <name>TimerP_setPeriod</name>
         <value>0x46a9</value>
         <object_component_ref idref="oc-777"/>
      </symbol>
      <symbol id="sm-9f1">
         <name>TimerP_dynamicStub</name>
         <value>0x3641</value>
         <object_component_ref idref="oc-789"/>
      </symbol>
      <symbol id="sm-9f2">
         <name>TimerP_getMaxTicks</name>
         <value>0x4605</value>
         <object_component_ref idref="oc-6cc"/>
      </symbol>
      <symbol id="sm-9f3">
         <name>TimerP_construct</name>
         <value>0x1add</value>
         <object_component_ref idref="oc-6c6"/>
      </symbol>
      <symbol id="sm-9f4">
         <name>TimerP_getFreq</name>
         <value>0x45f9</value>
         <object_component_ref idref="oc-6d2"/>
      </symbol>
      <symbol id="sm-9f5">
         <name>TimerP_initDevice</name>
         <value>0x3e11</value>
         <object_component_ref idref="oc-771"/>
      </symbol>
      <symbol id="sm-9f6">
         <name>TimerP_start</name>
         <value>0x3afd</value>
         <object_component_ref idref="oc-77d"/>
      </symbol>
      <symbol id="sm-9f7">
         <name>TimerP_Params_init</name>
         <value>0x4565</value>
         <object_component_ref idref="oc-6c0"/>
      </symbol>
      <symbol id="sm-a71">
         <name>HwiP_delete</name>
         <value>0x430f</value>
         <object_component_ref idref="oc-607"/>
      </symbol>
      <symbol id="sm-a72">
         <name>HwiP_construct</name>
         <value>0x2fc9</value>
         <object_component_ref idref="oc-314"/>
      </symbol>
      <symbol id="sm-a73">
         <name>HwiP_inISR</name>
         <value>0x4329</value>
         <object_component_ref idref="oc-380"/>
      </symbol>
      <symbol id="sm-a74">
         <name>HwiP_dispatch</name>
         <value>0x4191</value>
         <object_component_ref idref="oc-424"/>
      </symbol>
      <symbol id="sm-a75">
         <name>HwiP_swiPIntNum</name>
         <value>0x20008950</value>
         <object_component_ref idref="oc-42a"/>
      </symbol>
      <symbol id="sm-a76">
         <name>HwiP_Params_init</name>
         <value>0x445d</value>
         <object_component_ref idref="oc-206"/>
      </symbol>
      <symbol id="sm-a77">
         <name>HwiP_disable</name>
         <value>0x44b5</value>
         <object_component_ref idref="oc-227"/>
      </symbol>
      <symbol id="sm-a78">
         <name>HwiP_key</name>
         <value>0x2000894c</value>
         <object_component_ref idref="oc-42a"/>
      </symbol>
      <symbol id="sm-a79">
         <name>HwiP_create</name>
         <value>0x3fe1</value>
         <object_component_ref idref="oc-20c"/>
      </symbol>
      <symbol id="sm-a7a">
         <name>HwiP_post</name>
         <value>0x4695</value>
         <object_component_ref idref="oc-587"/>
      </symbol>
      <symbol id="sm-a7b">
         <name>HwiP_enable</name>
         <value>0x4691</value>
         <object_component_ref idref="oc-116"/>
      </symbol>
      <symbol id="sm-a7c">
         <name>HwiP_restore</name>
         <value>0x463b</value>
         <object_component_ref idref="oc-22d"/>
      </symbol>
      <symbol id="sm-ab9">
         <name>resetISR</name>
         <value>0x4389</value>
         <object_component_ref idref="oc-1f"/>
      </symbol>
      <symbol id="sm-aba">
         <name>interruptVectors</name>
         <value>0x0</value>
         <object_component_ref idref="oc-26"/>
      </symbol>
      <symbol id="sm-af7">
         <name>QueueP_next</name>
         <value>0x469d</value>
         <object_component_ref idref="oc-827"/>
      </symbol>
      <symbol id="sm-af8">
         <name>QueueP_put</name>
         <value>0x4215</value>
         <object_component_ref idref="oc-4a3"/>
      </symbol>
      <symbol id="sm-af9">
         <name>QueueP_remove</name>
         <value>0x4593</value>
         <object_component_ref idref="oc-4c3"/>
      </symbol>
      <symbol id="sm-afa">
         <name>QueueP_head</name>
         <value>0x4699</value>
         <object_component_ref idref="oc-821"/>
      </symbol>
      <symbol id="sm-afb">
         <name>QueueP_init</name>
         <value>0x4683</value>
         <object_component_ref idref="oc-6ae"/>
      </symbol>
      <symbol id="sm-afc">
         <name>QueueP_empty</name>
         <value>0x4585</value>
         <object_component_ref idref="oc-893"/>
      </symbol>
      <symbol id="sm-afd">
         <name>QueueP_get</name>
         <value>0x42c3</value>
         <object_component_ref idref="oc-88d"/>
      </symbol>
      <symbol id="sm-b9c">
         <name>SwiP_disable</name>
         <value>0x4271</value>
         <object_component_ref idref="oc-43f"/>
      </symbol>
      <symbol id="sm-b9d">
         <name>SwiP_restore</name>
         <value>0x3ab9</value>
         <object_component_ref idref="oc-451"/>
      </symbol>
      <symbol id="sm-b9e">
         <name>SwiP_construct</name>
         <value>0x1d75</value>
         <object_component_ref idref="oc-6ba"/>
      </symbol>
      <symbol id="sm-b9f">
         <name>SwiP_Params_init</name>
         <value>0x4535</value>
         <object_component_ref idref="oc-6b4"/>
      </symbol>
      <symbol id="sm-ba0">
         <name>SwiP_post</name>
         <value>0x3399</value>
         <object_component_ref idref="oc-79e"/>
      </symbol>
      <symbol id="sm-ba1">
         <name>SwiP_dispatch</name>
         <value>0x27d5</value>
         <object_component_ref idref="oc-80e"/>
      </symbol>
      <symbol id="sm-c1a">
         <name>CS_setExternalClockSourceFrequency</name>
         <value>0x41b5</value>
         <object_component_ref idref="oc-2e4"/>
      </symbol>
      <symbol id="sm-c1b">
         <name>CS_startHFXTWithTimeout</name>
         <value>0x1835</value>
         <object_component_ref idref="oc-2f0"/>
      </symbol>
      <symbol id="sm-c1c">
         <name>CS_startLFXTWithTimeout</name>
         <value>0x19fd</value>
         <object_component_ref idref="oc-2f6"/>
      </symbol>
      <symbol id="sm-c31">
         <name>I2C_masterSendMultiByteFinish</name>
         <value>0x3189</value>
         <object_component_ref idref="oc-72f"/>
      </symbol>
      <symbol id="sm-cc7">
         <name>Interrupt_disableMaster</name>
         <value>0x44d5</value>
         <object_component_ref idref="oc-52"/>
      </symbol>
      <symbol id="sm-cc8">
         <name>Interrupt_disableInterrupt</name>
         <value>0x2cdd</value>
         <object_component_ref idref="oc-708"/>
      </symbol>
      <symbol id="sm-cc9">
         <name>Interrupt_unregisterInterrupt</name>
         <value>0x4255</value>
         <object_component_ref idref="oc-70e"/>
      </symbol>
      <symbol id="sm-cca">
         <name>Interrupt_setPriority</name>
         <value>0x3749</value>
         <object_component_ref idref="oc-418"/>
      </symbol>
      <symbol id="sm-ccb">
         <name>Interrupt_enableMaster</name>
         <value>0x44e5</value>
         <object_component_ref idref="oc-19a"/>
      </symbol>
      <symbol id="sm-ccc">
         <name>Interrupt_enableInterrupt</name>
         <value>0x2d5d</value>
         <object_component_ref idref="oc-41e"/>
      </symbol>
      <symbol id="sm-ccd">
         <name>Interrupt_registerInterrupt</name>
         <value>0x358d</value>
         <object_component_ref idref="oc-412"/>
      </symbol>
      <symbol id="sm-cce">
         <name>g_pfnRAMVectors</name>
         <value>0x20008c00</value>
         <object_component_ref idref="oc-556"/>
      </symbol>
      <symbol id="sm-ccf">
         <name>Interrupt_pendInterrupt</name>
         <value>0x32c9</value>
         <object_component_ref idref="oc-6a4"/>
      </symbol>
      <symbol id="sm-cdb">
         <name>SysCtl_getNMISourceStatus</name>
         <value>0x4555</value>
         <object_component_ref idref="oc-69d"/>
      </symbol>
      <symbol id="sm-cfb">
         <name>SysCtl_A_enableNMISource</name>
         <value>0x4359</value>
         <object_component_ref idref="oc-3e5"/>
      </symbol>
      <symbol id="sm-cfc">
         <name>SysCtl_A_getNMISourceStatus</name>
         <value>0x4545</value>
         <object_component_ref idref="oc-3d3"/>
      </symbol>
      <symbol id="sm-cfd">
         <name>SysCtl_A_disableNMISource</name>
         <value>0x4341</value>
         <object_component_ref idref="oc-3d9"/>
      </symbol>
      <symbol id="sm-d1b">
         <name>UART_initModule</name>
         <value>0x1311</value>
         <object_component_ref idref="oc-920"/>
      </symbol>
      <symbol id="sm-d2d">
         <name>CPU_cpsie</name>
         <value>0x45c7</value>
         <object_component_ref idref="oc-21a"/>
      </symbol>
      <symbol id="sm-d2e">
         <name>CPU_cpsid</name>
         <value>0x45bb</value>
         <object_component_ref idref="oc-96"/>
      </symbol>
      <symbol id="sm-d45">
         <name>__aeabi_dsub</name>
         <value>0xe65</value>
         <object_component_ref idref="oc-7d8"/>
      </symbol>
      <symbol id="sm-d46">
         <name>__aeabi_dadd</name>
         <value>0xe6f</value>
         <object_component_ref idref="oc-7d8"/>
      </symbol>
      <symbol id="sm-d58">
         <name>__aeabi_cdcmpeq</name>
         <value>0x2b53</value>
         <object_component_ref idref="oc-7c9"/>
      </symbol>
      <symbol id="sm-d59">
         <name>__aeabi_cdcmple</name>
         <value>0x2b53</value>
         <object_component_ref idref="oc-7c9"/>
      </symbol>
      <symbol id="sm-d65">
         <name>__aeabi_dmul</name>
         <value>0x1649</value>
         <object_component_ref idref="oc-7dd"/>
      </symbol>
      <symbol id="sm-d6f">
         <name>__aeabi_d2iz</name>
         <value>0x395d</value>
         <object_component_ref idref="oc-7ce"/>
      </symbol>
      <symbol id="sm-d79">
         <name>__aeabi_d2uiz</name>
         <value>0x3c0d</value>
         <object_component_ref idref="oc-7e2"/>
      </symbol>
      <symbol id="sm-d83">
         <name>__aeabi_i2d</name>
         <value>0x3f89</value>
         <object_component_ref idref="oc-7d3"/>
      </symbol>
      <symbol id="sm-d9e">
         <name>memcpy</name>
         <value>0x2871</value>
         <object_component_ref idref="oc-3a"/>
      </symbol>
      <symbol id="sm-d9f">
         <name>__aeabi_memcpy</name>
         <value>0x2871</value>
         <object_component_ref idref="oc-3a"/>
      </symbol>
      <symbol id="sm-da0">
         <name>__aeabi_memcpy8</name>
         <value>0x2871</value>
         <object_component_ref idref="oc-3a"/>
      </symbol>
      <symbol id="sm-da1">
         <name>__aeabi_memcpy4</name>
         <value>0x2871</value>
         <object_component_ref idref="oc-3a"/>
      </symbol>
      <symbol id="sm-daf">
         <name>__aeabi_uldivmod</name>
         <value>0x290d</value>
         <object_component_ref idref="oc-5d2"/>
      </symbol>
      <symbol id="sm-dbe">
         <name>__aeabi_uidivmod</name>
         <value>0x3dd1</value>
         <object_component_ref idref="oc-880"/>
      </symbol>
      <symbol id="sm-dbf">
         <name>__aeabi_uidiv</name>
         <value>0x3dd1</value>
         <object_component_ref idref="oc-880"/>
      </symbol>
      <symbol id="sm-dd6">
         <name>__TI_zero_init</name>
         <value>0x4611</value>
         <object_component_ref idref="oc-4c"/>
      </symbol>
      <symbol id="sm-ded">
         <name>__TI_decompress_none</name>
         <value>0x45a1</value>
         <object_component_ref idref="oc-18"/>
      </symbol>
      <symbol id="sm-e10">
         <name>__TI_decompress_lzss</name>
         <value>0x3401</value>
         <object_component_ref idref="oc-12"/>
      </symbol>
      <symbol id="sm-e99">
         <name>_sys_memory</name>
         <value>0x20000000</value>
         <object_component_ref idref="oc-29"/>
      </symbol>
      <symbol id="sm-e9a">
         <name>free</name>
         <value>0x1919</value>
         <object_component_ref idref="oc-31a"/>
      </symbol>
      <symbol id="sm-e9b">
         <name>memalign</name>
         <value>0x1549</value>
         <object_component_ref idref="oc-40b"/>
      </symbol>
      <symbol id="sm-e9c">
         <name>malloc</name>
         <value>0x464b</value>
         <object_component_ref idref="oc-30e"/>
      </symbol>
      <symbol id="sm-e9d">
         <name>aligned_alloc</name>
         <value>0x1549</value>
         <object_component_ref idref="oc-40b"/>
      </symbol>
      <symbol id="sm-eab">
         <name>strlen</name>
         <value>0x4449</value>
         <object_component_ref idref="oc-671"/>
      </symbol>
      <symbol id="sm-ebe">
         <name>__stack</name>
         <value>0x2000f000</value>
         <object_component_ref idref="oc-2c"/>
      </symbol>
      <symbol id="sm-ebf">
         <name>_c_int00_noargs</name>
         <value>0x3ef5</value>
         <object_component_ref idref="oc-a8"/>
      </symbol>
      <symbol id="sm-ec9">
         <name>__aeabi_idiv0</name>
         <value>0x46bb</value>
         <object_component_ref idref="oc-6f1"/>
      </symbol>
      <symbol id="sm-eca">
         <name>__aeabi_ldiv0</name>
         <value>0x46bb</value>
         <object_component_ref idref="oc-6f1"/>
      </symbol>
      <symbol id="sm-ed9">
         <name>__aeabi_memset</name>
         <value>0x2e5f</value>
         <object_component_ref idref="oc-90"/>
      </symbol>
      <symbol id="sm-eda">
         <name>memset</name>
         <value>0x2e65</value>
         <object_component_ref idref="oc-90"/>
      </symbol>
      <symbol id="sm-edb">
         <name>__aeabi_memset8</name>
         <value>0x2e5f</value>
         <object_component_ref idref="oc-90"/>
      </symbol>
      <symbol id="sm-edc">
         <name>__aeabi_memset4</name>
         <value>0x2e5f</value>
         <object_component_ref idref="oc-90"/>
      </symbol>
      <symbol id="sm-edd">
         <name>__aeabi_memclr8</name>
         <value>0x2e5d</value>
         <object_component_ref idref="oc-90"/>
      </symbol>
      <symbol id="sm-ede">
         <name>__aeabi_memclr4</name>
         <value>0x2e5d</value>
         <object_component_ref idref="oc-90"/>
      </symbol>
      <symbol id="sm-edf">
         <name>__aeabi_memclr</name>
         <value>0x2e5d</value>
         <object_component_ref idref="oc-90"/>
      </symbol>
      <symbol id="sm-f07">
         <name>__TI_auto_init_nobinit_nopinit</name>
         <value>0x3b85</value>
         <object_component_ref idref="oc-12f"/>
      </symbol>
      <symbol id="sm-f11">
         <name>_system_pre_init</name>
         <value>0x46ad</value>
         <object_component_ref idref="oc-f0"/>
      </symbol>
      <symbol id="sm-f1d">
         <name>C$$EXIT</name>
         <value>0x46b1</value>
         <object_component_ref idref="oc-123"/>
      </symbol>
      <symbol id="sm-f1e">
         <name>abort</name>
         <value>0x46b1</value>
         <object_component_ref idref="oc-123"/>
      </symbol>
      <symbol id="sm-f33">
         <name>_nop</name>
         <value>0x4327</value>
         <object_component_ref idref="oc-2b4"/>
      </symbol>
      <symbol id="sm-f34">
         <name>_lock</name>
         <value>0x2000892c</value>
         <object_component_ref idref="oc-1e3"/>
      </symbol>
      <symbol id="sm-f35">
         <name>_unlock</name>
         <value>0x20008930</value>
         <object_component_ref idref="oc-1e3"/>
      </symbol>
      <symbol id="sm-f37">
         <name>__TI_static_base__</name>
         <value>0x4918</value>
      </symbol>
      <symbol id="sm-f3a">
         <name>__mpu_init</name>
         <value>0x0</value>
      </symbol>
      <symbol id="sm-f3b">
         <name>_system_post_cinit</name>
         <value>0x0</value>
      </symbol>
      <symbol id="sm-f3c">
         <name>NoRTOS_start</name>
         <value>0x4691</value>
      </symbol>
   </symbol_table>
   <title>Link successful</title>
</link_info>
